Component: ARM Compiler 5.05 update 1 (build 106) Tool: armlink [4d0efa]

==============================================================================

Section Cross References

    stm32l4xx_hal_gpio.o(i.HAL_GPIO_EXTI_IRQHandler) refers to main_tx.o(i.HAL_GPIO_EXTI_Callback) for HAL_GPIO_EXTI_Callback
    stm32l4xx_hal_pwr_ex.o(i.HAL_PWREx_ControlVoltageScaling) refers to system_stm32l4xx.o(.data) for SystemCoreClock
    stm32l4xx_hal_pwr_ex.o(i.HAL_PWREx_DisableLowPowerRunMode) refers to system_stm32l4xx.o(.data) for SystemCoreClock
    stm32l4xx_hal_pwr_ex.o(i.HAL_PWREx_PVD_PVM_IRQHandler) refers to stm32l4xx_hal_pwr.o(i.HAL_PWR_PVDCallback) for HAL_PWR_PVDCallback
    stm32l4xx_hal_pwr_ex.o(i.HAL_PWREx_PVD_PVM_IRQHandler) refers to stm32l4xx_hal_pwr_ex.o(i.HAL_PWREx_PVM1Callback) for HAL_PWREx_PVM1Callback
    stm32l4xx_hal_pwr_ex.o(i.HAL_PWREx_PVD_PVM_IRQHandler) refers to stm32l4xx_hal_pwr_ex.o(i.HAL_PWREx_PVM2Callback) for HAL_PWREx_PVM2Callback
    stm32l4xx_hal_pwr_ex.o(i.HAL_PWREx_PVD_PVM_IRQHandler) refers to stm32l4xx_hal_pwr_ex.o(i.HAL_PWREx_PVM3Callback) for HAL_PWREx_PVM3Callback
    stm32l4xx_hal_pwr_ex.o(i.HAL_PWREx_PVD_PVM_IRQHandler) refers to stm32l4xx_hal_pwr_ex.o(i.HAL_PWREx_PVM4Callback) for HAL_PWREx_PVM4Callback
    stm32l4xx_hal_flash_ex.o(i.FLASH_FlushCaches) refers to stm32l4xx_hal_flash.o(.bss) for pFlash
    stm32l4xx_hal_flash_ex.o(i.FLASH_OB_PCROPConfig) refers to stm32l4xx_hal_flash.o(i.FLASH_WaitForLastOperation) for FLASH_WaitForLastOperation
    stm32l4xx_hal_flash_ex.o(i.FLASH_OB_UserConfig) refers to stm32l4xx_hal_flash.o(i.FLASH_WaitForLastOperation) for FLASH_WaitForLastOperation
    stm32l4xx_hal_flash_ex.o(i.FLASH_OB_WRPConfig) refers to stm32l4xx_hal_flash.o(i.FLASH_WaitForLastOperation) for FLASH_WaitForLastOperation
    stm32l4xx_hal_flash_ex.o(i.HAL_FLASHEx_Erase) refers to stm32l4xx_hal_flash.o(i.FLASH_WaitForLastOperation) for FLASH_WaitForLastOperation
    stm32l4xx_hal_flash_ex.o(i.HAL_FLASHEx_Erase) refers to stm32l4xx_hal_flash_ex.o(i.FLASH_MassErase) for FLASH_MassErase
    stm32l4xx_hal_flash_ex.o(i.HAL_FLASHEx_Erase) refers to stm32l4xx_hal_flash_ex.o(i.FLASH_PageErase) for FLASH_PageErase
    stm32l4xx_hal_flash_ex.o(i.HAL_FLASHEx_Erase) refers to stm32l4xx_hal_flash_ex.o(i.FLASH_FlushCaches) for FLASH_FlushCaches
    stm32l4xx_hal_flash_ex.o(i.HAL_FLASHEx_Erase) refers to stm32l4xx_hal_flash.o(.bss) for pFlash
    stm32l4xx_hal_flash_ex.o(i.HAL_FLASHEx_Erase_IT) refers to stm32l4xx_hal_flash_ex.o(i.FLASH_PageErase) for FLASH_PageErase
    stm32l4xx_hal_flash_ex.o(i.HAL_FLASHEx_Erase_IT) refers to stm32l4xx_hal_flash_ex.o(i.FLASH_MassErase) for FLASH_MassErase
    stm32l4xx_hal_flash_ex.o(i.HAL_FLASHEx_Erase_IT) refers to stm32l4xx_hal_flash.o(.bss) for pFlash
    stm32l4xx_hal_flash_ex.o(i.HAL_FLASHEx_OBGetConfig) refers to stm32l4xx_hal_flash_ex.o(i.FLASH_OB_GetPCROP) for FLASH_OB_GetPCROP
    stm32l4xx_hal_flash_ex.o(i.HAL_FLASHEx_OBProgram) refers to stm32l4xx_hal_flash_ex.o(i.FLASH_OB_WRPConfig) for FLASH_OB_WRPConfig
    stm32l4xx_hal_flash_ex.o(i.HAL_FLASHEx_OBProgram) refers to stm32l4xx_hal_flash.o(i.FLASH_WaitForLastOperation) for FLASH_WaitForLastOperation
    stm32l4xx_hal_flash_ex.o(i.HAL_FLASHEx_OBProgram) refers to stm32l4xx_hal_flash_ex.o(i.FLASH_OB_UserConfig) for FLASH_OB_UserConfig
    stm32l4xx_hal_flash_ex.o(i.HAL_FLASHEx_OBProgram) refers to stm32l4xx_hal_flash_ex.o(i.FLASH_OB_PCROPConfig) for FLASH_OB_PCROPConfig
    stm32l4xx_hal_flash_ex.o(i.HAL_FLASHEx_OBProgram) refers to stm32l4xx_hal_flash.o(.bss) for pFlash
    stm32l4xx_hal_cortex.o(i.HAL_NVIC_SetPriority) refers to stm32l4xx_hal_cortex.o(i.NVIC_SetPriority) for NVIC_SetPriority
    stm32l4xx_hal_cortex.o(i.HAL_SYSTICK_Config) refers to stm32l4xx_hal_cortex.o(i.NVIC_SetPriority) for NVIC_SetPriority
    stm32l4xx_hal_cortex.o(i.HAL_SYSTICK_IRQHandler) refers to stm32l4xx_hal_cortex.o(i.HAL_SYSTICK_Callback) for HAL_SYSTICK_Callback
    stm32l4xx_hal_rcc.o(i.HAL_RCC_ClockConfig) refers to stm32l4xx_hal.o(i.HAL_GetTick) for HAL_GetTick
    stm32l4xx_hal_rcc.o(i.HAL_RCC_ClockConfig) refers to stm32l4xx_hal_rcc.o(i.HAL_RCC_GetSysClockFreq) for HAL_RCC_GetSysClockFreq
    stm32l4xx_hal_rcc.o(i.HAL_RCC_ClockConfig) refers to stm32l4xx_hal.o(i.HAL_InitTick) for HAL_InitTick
    stm32l4xx_hal_rcc.o(i.HAL_RCC_ClockConfig) refers to system_stm32l4xx.o(.constdata) for AHBPrescTable
    stm32l4xx_hal_rcc.o(i.HAL_RCC_ClockConfig) refers to system_stm32l4xx.o(.data) for SystemCoreClock
    stm32l4xx_hal_rcc.o(i.HAL_RCC_DeInit) refers to system_stm32l4xx.o(.data) for SystemCoreClock
    stm32l4xx_hal_rcc.o(i.HAL_RCC_GetHCLKFreq) refers to system_stm32l4xx.o(.data) for SystemCoreClock
    stm32l4xx_hal_rcc.o(i.HAL_RCC_GetPCLK1Freq) refers to system_stm32l4xx.o(.data) for SystemCoreClock
    stm32l4xx_hal_rcc.o(i.HAL_RCC_GetPCLK1Freq) refers to system_stm32l4xx.o(.constdata) for APBPrescTable
[...]
    ../fplib/microlib/fpscalb.c              0x00000000   Number         0  dscalb.o ABSOLUTE
    ../fplib/microlib/fpsqrt.c               0x00000000   Number         0  dsqrt.o ABSOLUTE
    ../mathlib/dunder.c                      0x00000000   Number         0  dunder.o ABSOLUTE
    ../mathlib/fabs.c                        0x00000000   Number         0  fabs.o ABSOLUTE
    ../mathlib/fpclassify.c                  0x00000000   Number         0  fpclassify.o ABSOLUTE
    ../mathlib/poly.c                        0x00000000   Number         0  poly.o ABSOLUTE
    ../mathlib/pow.c                         0x00000000   Number         0  pow.o ABSOLUTE
    ../mathlib/pow.c                         0x00000000   Number         0  pow_x.o ABSOLUTE
    ../mathlib/qnan.c                        0x00000000   Number         0  qnan.o ABSOLUTE
    ../mathlib/sqrt.c                        0x00000000   Number         0  sqrt_x.o ABSOLUTE
    ../mathlib/sqrt.c                        0x00000000   Number         0  sqrt.o ABSOLUTE
    ..\Drivers\STM32L4xx_HAL_Driver\Src\stm32l4xx_hal.c 0x00000000   Number         0  stm32l4xx_hal.o ABSOLUTE
    ..\Drivers\STM32L4xx_HAL_Driver\Src\stm32l4xx_hal_cortex.c 0x00000000   Number         0  stm32l4xx_hal_cortex.o ABSOLUTE
    ..\Drivers\STM32L4xx_HAL_Driver\Src\stm32l4xx_hal_dma.c 0x00000000   Number         0  stm32l4xx_hal_dma.o ABSOLUTE
    ..\Drivers\STM32L4xx_HAL_Driver\Src\stm32l4xx_hal_flash.c 0x00000000   Number         0  stm32l4xx_hal_flash.o ABSOLUTE
    ..\Drivers\STM32L4xx_HAL_Driver\Src\stm32l4xx_hal_flash_ex.c 0x00000000   Number         0  stm32l4xx_hal_flash_ex.o ABSOLUTE
    ..\Drivers\STM32L4xx_HAL_Driver\Src\stm32l4xx_hal_flash_ramfunc.c 0x00000000   Number         0  stm32l4xx_hal_flash_ramfunc.o ABSOLUTE
    ..\Drivers\STM32L4xx_HAL_Driver\Src\stm32l4xx_hal_gpio.c 0x00000000   Number         0  stm32l4xx_hal_gpio.o ABSOLUTE
    ..\Drivers\STM32L4xx_HAL_Driver\Src\stm32l4xx_hal_i2c.c 0x00000000   Number         0  stm32l4xx_hal_i2c.o ABSOLUTE
    ..\Drivers\STM32L4xx_HAL_Driver\Src\stm32l4xx_hal_i2c_ex.c 0x00000000   Number         0  stm32l4xx_hal_i2c_ex.o ABSOLUTE
    ..\Drivers\STM32L4xx_HAL_Driver\Src\stm32l4xx_hal_pwr.c 0x00000000   Number         0  stm32l4xx_hal_pwr.o ABSOLUTE
    ..\Drivers\STM32L4xx_HAL_Driver\Src\stm32l4xx_hal_pwr_ex.c 0x00000000   Number         0  stm32l4xx_hal_pwr_ex.o ABSOLUTE
    ..\Drivers\STM32L4xx_HAL_Driver\Src\stm32l4xx_hal_rcc.c 0x00000000   Number         0  stm32l4xx_hal_rcc.o ABSOLUTE
    ..\Drivers\STM32L4xx_HAL_Driver\Src\stm32l4xx_hal_rcc_ex.c 0x00000000   Number         0  stm32l4xx_hal_rcc_ex.o ABSOLUTE
    ..\Drivers\STM32L4xx_HAL_Driver\Src\stm32l4xx_hal_spi.c 0x00000000   Number         0  stm32l4xx_hal_spi.o ABSOLUTE
    ..\Drivers\STM32L4xx_HAL_Driver\Src\stm32l4xx_hal_spi_ex.c 0x00000000   Number         0  stm32l4xx_hal_spi_ex.o ABSOLUTE
    ..\Drivers\STM32L4xx_HAL_Driver\Src\stm32l4xx_hal_tim.c 0x00000000   Number         0  stm32l4xx_hal_tim.o ABSOLUTE
    ..\Drivers\STM32L4xx_HAL_Driver\Src\stm32l4xx_hal_tim_ex.c 0x00000000   Number         0  stm32l4xx_hal_tim_ex.o ABSOLUTE
    ..\HARDWARE\Board\BEEP\beep.c            0x00000000   Number         0  beep.o ABSOLUTE
    ..\HARDWARE\Board\KEY\key.c              0x00000000   Number         0  key.o ABSOLUTE
    ..\HARDWARE\Board\LCD\OLED.C             0x00000000   Number         0  oled.o ABSOLUTE
    ..\HARDWARE\Board\LED\led.c              0x00000000   Number         0  led.o ABSOLUTE
    ..\HARDWARE\Board\TIMER\timer.c          0x00000000   Number         0  timer.o ABSOLUTE
    ..\HARDWARE\SX126X\SX126X_Driver.c       0x00000000   Number         0  sx126x_driver.o ABSOLUTE
    ..\HARDWARE\SX126X\SX126X_Hal.c          0x00000000   Number         0  sx126x_hal.o ABSOLUTE
    ..\Src\main_TX.c                         0x00000000   Number         0  main_tx.o ABSOLUTE
    ..\Src\stm32l4xx_hal_msp.c               0x00000000   Number         0  stm32l4xx_hal_msp.o ABSOLUTE
    ..\Src\stm32l4xx_it.c                    0x00000000   Number         0  stm32l4xx_it.o ABSOLUTE
    ..\Src\system_stm32l4xx.c                0x00000000   Number         0  system_stm32l4xx.o ABSOLUTE
    ..\\Drivers\\STM32L4xx_HAL_Driver\\Src\\stm32l4xx_hal_spi.c 0x00000000   Number         0  stm32l4xx_hal_spi.o ABSOLUTE
    ..\\Drivers\\STM32L4xx_HAL_Driver\\Src\\stm32l4xx_hal_spi_ex.c 0x00000000   Number         0  stm32l4xx_hal_spi_ex.o ABSOLUTE
    ..\\Drivers\\STM32L4xx_HAL_Driver\\Src\\stm32l4xx_hal_tim.c 0x00000000   Number         0  stm32l4xx_hal_tim.o ABSOLUTE
    ..\\Drivers\\STM32L4xx_HAL_Driver\\Src\\stm32l4xx_hal_tim_ex.c 0x00000000   Number         0  stm32l4xx_hal_tim_ex.o ABSOLUTE
    ..\\HARDWARE\\Board\\BEEP\\beep.c        0x00000000   Number         0  beep.o ABSOLUTE
    ..\\HARDWARE\\Board\\KEY\\key.c          0x00000000   Number         0  key.o ABSOLUTE
    ..\\HARDWARE\\Board\\LCD\\OLED.C         0x00000000   Number         0  oled.o ABSOLUTE
    ..\\HARDWARE\\Board\\LED\\led.c          0x00000000   Number         0  led.o ABSOLUTE
    ..\\HARDWARE\\Board\\TIMER\\timer.c      0x00000000   Number         0  timer.o ABSOLUTE
    ..\\HARDWARE\\SX126X\\SX126X_Driver.c    0x00000000   Number         0  sx126x_driver.o ABSOLUTE
    ..\\HARDWARE\\SX126X\\SX126X_Hal.c       0x00000000   Number         0  sx126x_hal.o ABSOLUTE
    ..\\Src\\main_TX.c                       0x00000000   Number         0  main_tx.o ABSOLUTE
    cdcmple.s                                0x00000000   Number         0  cdcmple.o ABSOLUTE
    cdrcmple.s                               0x00000000   Number         0  cdrcmple.o ABSOLUTE
    dc.s                                     0x00000000   Number         0  dc.o ABSOLUTE
    handlers.s                               0x00000000   Number         0  handlers.o ABSOLUTE
    init.s                                   0x00000000   Number         0  init.o ABSOLUTE
    startup_stm32l476xx.s                    0x00000000   Number         0  startup_stm32l476xx.o ABSOLUTE
    RESET                                    0x08000000   Section      392  startup_stm32l476xx.o(RESET)
    .ARM.Collect$$$$00000000                 0x08000188   Section        0  entry.o(.ARM.Collect$$$$00000000)
    .ARM.Collect$$$$00000001                 0x08000188   Section        4  entry2.o(.ARM.Collect$$$$00000001)
    .ARM.Collect$$$$00000004                 0x0800018c   Section        4  entry5.o(.ARM.Collect$$$$00000004)
    .ARM.Collect$$$$00000008                 0x08000190   Section        0  entry7b.o(.ARM.Collect$$$$00000008)
    .ARM.Collect$$$$0000000A                 0x08000190   Section        0  entry8b.o(.ARM.Collect$$$$0000000A)
    .ARM.Collect$$$$0000000B                 0x08000190   Section        8  entry9a.o(.ARM.Collect$$$$0000000B)
    .ARM.Collect$$$$0000000D                 0x08000198   Section        0  entry10a.o(.ARM.Collect$$$$0000000D)
    .ARM.Collect$$$$0000000F                 0x08000198   Section        0  entry11a.o(.ARM.Collect$$$$0000000F)
    .ARM.Collect$$$$00002712                 0x08000198   Section        4  entry2.o(.ARM.Collect$$$$00002712)
    __lit__00000000                          0x08000198   Data           4  entry2.o(.ARM.Collect$$$$00002712)
    .text                                    0x0800019c   Section       36  startup_stm32l476xx.o(.text)
    $v0                                      0x0800019c   Number         0  startup_stm32l476xx.o(.text)
    .text                                    0x080001c0   Section        0  memcmp.o(.text)
    .text                                    0x080001da   Section        0  dadd.o(.text)
    .text                                    0x08000328   Section        0  ddiv.o(.text)
    .text                                    0x08000406   Section        0  dfltui.o(.text)
    .text                                    0x08000420   Section        0  dfixui.o(.text)
    .text                                    0x08000452   Section        0  f2d.o(.text)
    .text                                    0x08000478   Section        0  llshl.o(.text)
    .text                                    0x08000496   Section        0  llushr.o(.text)
    .text                                    0x080004b6   Section        0  llsshr.o(.text)
    .text                                    0x080004da   Section        0  depilogue.o(.text)
    .text                                    0x080004da   Section        0  iusefp.o(.text)
    .text                                    0x08000594   Section        0  dmul.o(.text)
    .text                                    0x08000678   Section        0  dscalb.o(.text)
    .text                                    0x080006a6   Section        0  dflti.o(.text)
    .text                                    0x080006c8   Section       48  cdrcmple.o(.text)
    .text                                    0x080006f8   Section       36  init.o(.text)
    .text                                    0x0800071c   Section        0  dsqrt.o(.text)
    i.BEEP_Init                              0x080007c0   Section        0  beep.o(i.BEEP_Init)
    i.BusFault_Handler                       0x08000808   Section        0  stm32l4xx_it.o(i.BusFault_Handler)
    i.DIO1_DisableInterrupt                  0x0800080a   Section        0  sx126x_driver.o(i.DIO1_DisableInterrupt)
    i.DIO1_EnableInterrupt                   0x0800080e   Section        0  sx126x_driver.o(i.DIO1_EnableInterrupt)
    i.DIO1_GetState                          0x08000812   Section        0  sx126x_driver.o(i.DIO1_GetState)
    i.DebugMon_Handler                       0x08000816   Section        0  stm32l4xx_it.o(i.DebugMon_Handler)
    i.EXTI0_IRQHandler                       0x08000818   Section        0  stm32l4xx_it.o(i.EXTI0_IRQHandler)
    i.EXTI15_10_IRQHandler                   0x0800081e   Section        0  stm32l4xx_it.o(i.EXTI15_10_IRQHandler)
    i.EXTI1_IRQHandler                       0x08000826   Section        0  stm32l4xx_it.o(i.EXTI1_IRQHandler)
    i.EXTI3_IRQHandler                       0x0800083e   Section        0  stm32l4xx_it.o(i.EXTI3_IRQHandler)
    i.EXTI4_IRQHandler                       0x08000840   Section        0  stm32l4xx_it.o(i.EXTI4_IRQHandler)
    i.EXTI9_5_IRQHandler                     0x08000858   Section        0  stm32l4xx_it.o(i.EXTI9_5_IRQHandler)
    i.HAL_Delay                              0x08000860   Section        0  stm32l4xx_hal.o(i.HAL_Delay)
    i.HAL_GPIO_EXTI_Callback                 0x0800087c   Section        0  main_tx.o(i.HAL_GPIO_EXTI_Callback)
    i.HAL_GPIO_EXTI_IRQHandler               0x08000b04   Section        0  stm32l4xx_hal_gpio.o(i.HAL_GPIO_EXTI_IRQHandler)
    i.HAL_GPIO_Init                          0x08000b1c   Section        0  stm32l4xx_hal_gpio.o(i.HAL_GPIO_Init)
    i.HAL_GPIO_ReadPin                       0x08000ce8   Section        0  stm32l4xx_hal_gpio.o(i.HAL_GPIO_ReadPin)
    i.HAL_GPIO_WritePin                      0x08000cf2   Section        0  stm32l4xx_hal_gpio.o(i.HAL_GPIO_WritePin)
    i.HAL_GetTick                            0x08000cfc   Section        0  stm32l4xx_hal.o(i.HAL_GetTick)
    i.HAL_IncTick                            0x08000d08   Section        0  stm32l4xx_hal.o(i.HAL_IncTick)
    i.HAL_Init                               0x08000d18   Section        0  stm32l4xx_hal.o(i.HAL_Init)
    i.HAL_InitTick                           0x08000d30   Section        0  stm32l4xx_hal.o(i.HAL_InitTick)
    i.HAL_MspInit                            0x08000d58   Section        0  stm32l4xx_hal_msp.o(i.HAL_MspInit)
    i.HAL_NVIC_DisableIRQ                    0x08000dd8   Section        0  stm32l4xx_hal_cortex.o(i.HAL_NVIC_DisableIRQ)
    i.HAL_NVIC_EnableIRQ                     0x08000dee   Section        0  stm32l4xx_hal_cortex.o(i.HAL_NVIC_EnableIRQ)
    i.HAL_NVIC_SetPriority                   0x08000e04   Section        0  stm32l4xx_hal_cortex.o(i.HAL_NVIC_SetPriority)
    i.HAL_NVIC_SetPriorityGrouping           0x08000e44   Section        0  stm32l4xx_hal_cortex.o(i.HAL_NVIC_SetPriorityGrouping)
    i.HAL_PWREx_ControlVoltageScaling        0x08000e68   Section        0  stm32l4xx_hal_pwr_ex.o(i.HAL_PWREx_ControlVoltageScaling)
    i.HAL_PWREx_GetVoltageRange              0x08000ecc   Section        0  stm32l4xx_hal_pwr_ex.o(i.HAL_PWREx_GetVoltageRange)
    i.HAL_RCCEx_PeriphCLKConfig              0x08000edc   Section        0  stm32l4xx_hal_rcc_ex.o(i.HAL_RCCEx_PeriphCLKConfig)
    i.HAL_RCC_ClockConfig                    0x08001280   Section        0  stm32l4xx_hal_rcc.o(i.HAL_RCC_ClockConfig)
    i.HAL_RCC_GetHCLKFreq                    0x080013fc   Section        0  stm32l4xx_hal_rcc.o(i.HAL_RCC_GetHCLKFreq)
    i.HAL_RCC_GetSysClockFreq                0x08001408   Section        0  stm32l4xx_hal_rcc.o(i.HAL_RCC_GetSysClockFreq)
    i.HAL_RCC_OscConfig                      0x08001504   Section        0  stm32l4xx_hal_rcc.o(i.HAL_RCC_OscConfig)
    i.HAL_SPI_Init                           0x08001970   Section        0  stm32l4xx_hal_spi.o(i.HAL_SPI_Init)
    i.HAL_SPI_MspInit                        0x08001a1c   Section        0  stm32l4xx_hal_spi.o(i.HAL_SPI_MspInit)
    i.HAL_SPI_TransmitReceive                0x08001a1e   Section        0  stm32l4xx_hal_spi.o(i.HAL_SPI_TransmitReceive)
    i.HAL_SYSTICK_CLKSourceConfig            0x08001c4c   Section        0  stm32l4xx_hal_cortex.o(i.HAL_SYSTICK_CLKSourceConfig)
    i.HAL_SYSTICK_Callback                   0x08001c64   Section        0  stm32l4xx_hal_cortex.o(i.HAL_SYSTICK_Callback)
    i.HAL_SYSTICK_Config                     0x08001c66   Section        0  stm32l4xx_hal_cortex.o(i.HAL_SYSTICK_Config)
    i.HAL_SYSTICK_IRQHandler                 0x08001c8e   Section        0  stm32l4xx_hal_cortex.o(i.HAL_SYSTICK_IRQHandler)
    i.HAL_TIMEx_BreakCallback                0x08001c96   Section        0  stm32l4xx_hal_tim_ex.o(i.HAL_TIMEx_BreakCallback)
    i.HAL_TIMEx_CommutationCallback          0x08001c98   Section        0  stm32l4xx_hal_tim_ex.o(i.HAL_TIMEx_CommutationCallback)
    i.HAL_TIMEx_MasterConfigSynchronization  0x08001c9c   Section        0  stm32l4xx_hal_tim_ex.o(i.HAL_TIMEx_MasterConfigSynchronization)
    i.HAL_TIM_Base_Init                      0x08001cf4   Section        0  stm32l4xx_hal_tim.o(i.HAL_TIM_Base_Init)
    i.HAL_TIM_Base_MspInit                   0x08001d2c   Section        0  timer.o(i.HAL_TIM_Base_MspInit)
    i.HAL_TIM_Base_Start_IT                  0x08001d90   Section        0  stm32l4xx_hal_tim.o(i.HAL_TIM_Base_Start_IT)
    i.HAL_TIM_Base_Stop_IT                   0x08001db0   Section        0  stm32l4xx_hal_tim.o(i.HAL_TIM_Base_Stop_IT)
    i.HAL_TIM_ConfigClockSource              0x08001ddc   Section        0  stm32l4xx_hal_tim.o(i.HAL_TIM_ConfigClockSource)
    i.HAL_TIM_IC_CaptureCallback             0x08001ed4   Section        0  stm32l4xx_hal_tim.o(i.HAL_TIM_IC_CaptureCallback)
    i.HAL_TIM_IRQHandler                     0x08001ed6   Section        0  stm32l4xx_hal_tim.o(i.HAL_TIM_IRQHandler)
    i.HAL_TIM_OC_DelayElapsedCallback        0x0800203c   Section        0  stm32l4xx_hal_tim.o(i.HAL_TIM_OC_DelayElapsedCallback)
    i.HAL_TIM_PWM_PulseFinishedCallback      0x0800203e   Section        0  stm32l4xx_hal_tim.o(i.HAL_TIM_PWM_PulseFinishedCallback)
    i.HAL_TIM_PeriodElapsedCallback          0x08002040   Section        0  main_tx.o(i.HAL_TIM_PeriodElapsedCallback)
    i.HAL_TIM_TriggerCallback                0x08002058   Section        0  stm32l4xx_hal_tim.o(i.HAL_TIM_TriggerCallback)
    i.HardFault_Handler                      0x0800205a   Section        0  stm32l4xx_it.o(i.HardFault_Handler)
    i.I2C_Start                              0x0800205c   Section        0  oled.o(i.I2C_Start)
    i.I2C_Stop                               0x08002094   Section        0  oled.o(i.I2C_Stop)
    i.I2C_WaitAck                            0x080020c4   Section        0  oled.o(i.I2C_WaitAck)
    i.KEY_Init                               0x080020e8   Section        0  key.o(i.KEY_Init)
    i.LED_Init                               0x0800216c   Section        0  led.o(i.LED_Init)
    i.LoRaConfig_Check                       0x080021b0   Section        0  sx126x_driver.o(i.LoRaConfig_Check)
    i.MX_TIM3_Init_Ms                        0x0800229c   Section        0  timer.o(i.MX_TIM3_Init_Ms)
    i.MemManage_Handler                      0x080022ec   Section        0  stm32l4xx_it.o(i.MemManage_Handler)
    i.NMI_Handler                            0x080022ee   Section        0  stm32l4xx_it.o(i.NMI_Handler)
    i.NVIC_SetPriority                       0x080022f0   Section        0  stm32l4xx_hal_cortex.o(i.NVIC_SetPriority)
    NVIC_SetPriority                         0x080022f1   Thumb Code    32  stm32l4xx_hal_cortex.o(i.NVIC_SetPriority)
    i.OLED_Clear                             0x08002310   Section        0  oled.o(i.OLED_Clear)
    i.OLED_DrawPoint                         0x0800233c   Section        0  oled.o(i.OLED_DrawPoint)
    i.OLED_Init                              0x08002378   Section        0  oled.o(i.OLED_Init)
    i.OLED_Pow                               0x08002508   Section        0  oled.o(i.OLED_Pow)
    i.OLED_Refresh                           0x08002518   Section        0  oled.o(i.OLED_Refresh)
    i.OLED_ShowChar                          0x08002560   Section        0  oled.o(i.OLED_ShowChar)
    i.OLED_ShowNum                           0x08002614   Section        0  oled.o(i.OLED_ShowNum)
    i.OLED_ShowString                        0x0800268c   Section        0  oled.o(i.OLED_ShowString)
    i.OLED_WR_Byte                           0x080026d0   Section        0  oled.o(i.OLED_WR_Byte)
    i.PendSV_Handler                         0x08002706   Section        0  stm32l4xx_it.o(i.PendSV_Handler)
    i.RCCEx_PLLSAI1_Config                   0x08002708   Section        0  stm32l4xx_hal_rcc_ex.o(i.RCCEx_PLLSAI1_Config)
    RCCEx_PLLSAI1_Config                     0x08002709   Thumb Code   348  stm32l4xx_hal_rcc_ex.o(i.RCCEx_PLLSAI1_Config)
    i.RCCEx_PLLSAI2_Config                   0x08002874   Section        0  stm32l4xx_hal_rcc_ex.o(i.RCCEx_PLLSAI2_Config)
    RCCEx_PLLSAI2_Config                     0x08002875   Thumb Code   302  stm32l4xx_hal_rcc_ex.o(i.RCCEx_PLLSAI2_Config)
    i.RCC_SetFlashLatencyFromMSIRange        0x080029b0   Section        0  stm32l4xx_hal_rcc.o(i.RCC_SetFlashLatencyFromMSIRange)
    RCC_SetFlashLatencyFromMSIRange          0x080029b1   Thumb Code   116  stm32l4xx_hal_rcc.o(i.RCC_SetFlashLatencyFromMSIRange)
    i.SPI_EndRxTxTransaction                 0x08002a2c   Section        0  stm32l4xx_hal_spi.o(i.SPI_EndRxTxTransaction)
    SPI_EndRxTxTransaction                   0x08002a2d   Thumb Code    72  stm32l4xx_hal_spi.o(i.SPI_EndRxTxTransaction)
    i.SPI_WaitFifoStateUntilTimeout          0x08002a74   Section        0  stm32l4xx_hal_spi.o(i.SPI_WaitFifoStateUntilTimeout)
    SPI_WaitFifoStateUntilTimeout            0x08002a75   Thumb Code   158  stm32l4xx_hal_spi.o(i.SPI_WaitFifoStateUntilTimeout)
    i.SPI_WaitFlagStateUntilTimeout          0x08002b12   Section        0  stm32l4xx_hal_spi.o(i.SPI_WaitFlagStateUntilTimeout)
    SPI_WaitFlagStateUntilTimeout            0x08002b13   Thumb Code   148  stm32l4xx_hal_spi.o(i.SPI_WaitFlagStateUntilTimeout)
    i.SVC_Handler                            0x08002ba6   Section        0  stm32l4xx_it.o(i.SVC_Handler)
    i.SX126XWriteRxTx                        0x08002ba8   Section        0  sx126x_driver.o(i.SX126XWriteRxTx)
    i.SX126X_Awake                           0x08002bc8   Section        0  sx126x_driver.o(i.SX126X_Awake)
    i.SX126X_Busy_GetState                   0x08002c1c   Section        0  sx126x_hal.o(i.SX126X_Busy_GetState)
    i.SX126X_Busy_INPUT                      0x08002c28   Section        0  sx126x_hal.o(i.SX126X_Busy_INPUT)
    i.SX126X_DIO1_GetState                   0x08002c60   Section        0  sx126x_hal.o(i.SX126X_DIO1_GetState)
    i.SX126X_DIO1_INPUT                      0x08002c6c   Section        0  sx126x_hal.o(i.SX126X_DIO1_INPUT)
    i.SX126X_DIO1_INTDISABLE                 0x08002cb0   Section        0  sx126x_hal.o(i.SX126X_DIO1_INTDISABLE)
    i.SX126X_DIO1_INTENABLE                  0x08002cb6   Section        0  sx126x_hal.o(i.SX126X_DIO1_INTENABLE)
    i.SX126X_DIO2_INPUT                      0x08002cbc   Section        0  sx126x_hal.o(i.SX126X_DIO2_INPUT)
    i.SX126X_InitIo                          0x08002d04   Section        0  sx126x_driver.o(i.SX126X_InitIo)
    i.SX126X_NSS_OUTPUT                      0x08002d28   Section        0  sx126x_hal.o(i.SX126X_NSS_OUTPUT)
    i.SX126X_RESET_OUTPUT                    0x08002d38   Section        0  sx126x_hal.o(i.SX126X_RESET_OUTPUT)
    i.SX126X_ReadWriteByte                   0x08002d7c   Section        0  sx126x_hal.o(i.SX126X_ReadWriteByte)
    i.SX126X_Reset                           0x08002d9c   Section        0  sx126x_driver.o(i.SX126X_Reset)
    i.SX126X_RxPacket                        0x08002dc0   Section        0  sx126x_driver.o(i.SX126X_RxPacket)
    i.SX126X_SPIGPIO_Init                    0x08002df8   Section        0  sx126x_hal.o(i.SX126X_SPIGPIO_Init)
    i.SX126X_SPI_Init                        0x08002e58   Section        0  sx126x_hal.o(i.SX126X_SPI_Init)
    i.SX126X_SWCTL1_OUTPUT                   0x08002ee4   Section        0  sx126x_hal.o(i.SX126X_SWCTL1_OUTPUT)
    i.SX126X_SWCTL2_OUTPUT                   0x08002f2c   Section        0  sx126x_hal.o(i.SX126X_SWCTL2_OUTPUT)
    i.SX126X_StartRx                         0x08002f70   Section        0  sx126x_driver.o(i.SX126X_StartRx)
    i.SX126xCalibrate                        0x08002fc4   Section        0  sx126x_driver.o(i.SX126xCalibrate)
    i.SX126xCalibrateImage                   0x08002fd4   Section        0  sx126x_driver.o(i.SX126xCalibrateImage)
    i.SX126xCalibrate_err                    0x08003048   Section        0  sx126x_driver.o(i.SX126xCalibrate_err)
    i.SX126xCheckDeviceReady                 0x08003064   Section        0  sx126x_driver.o(i.SX126xCheckDeviceReady)
    i.SX126xClearDeviceErrors                0x08003080   Section        0  sx126x_driver.o(i.SX126xClearDeviceErrors)
    i.SX126xClearIrqStatus                   0x08003092   Section        0  sx126x_driver.o(i.SX126xClearIrqStatus)
    i.SX126xClearTimeoutEvent                0x080030aa   Section        0  sx126x_driver.o(i.SX126xClearTimeoutEvent)
    i.SX126xGetDeviceErrors                  0x080030ce   Section        0  sx126x_driver.o(i.SX126xGetDeviceErrors)
    i.SX126xGetIrqStatus                     0x08003126   Section        0  sx126x_driver.o(i.SX126xGetIrqStatus)
    i.SX126xGetPacketStatus                  0x0800313a   Section        0  sx126x_driver.o(i.SX126xGetPacketStatus)
    i.SX126xGetPayload                       0x08003172   Section        0  sx126x_driver.o(i.SX126xGetPayload)
    i.SX126xGetRxBufferStatus                0x0800317c   Section        0  sx126x_driver.o(i.SX126xGetRxBufferStatus)
    i.SX126xGetStatus                        0x080031a8   Section        0  sx126x_driver.o(i.SX126xGetStatus)
    i.SX126xReadBuffer                       0x080031c0   Section        0  sx126x_driver.o(i.SX126xReadBuffer)
    i.SX126xReadCommand                      0x08003206   Section        0  sx126x_driver.o(i.SX126xReadCommand)
    i.SX126xReadRegister                     0x08003246   Section        0  sx126x_driver.o(i.SX126xReadRegister)
    i.SX126xReadRegisters                    0x08003256   Section        0  sx126x_driver.o(i.SX126xReadRegisters)
    i.SX126xSendPayload                      0x080032a2   Section        0  sx126x_driver.o(i.SX126xSendPayload)
    i.SX126xSetBufferBaseAddress             0x080032ba   Section        0  sx126x_driver.o(i.SX126xSetBufferBaseAddress)
    i.SX126xSetCadParams                     0x080032d0   Section        0  sx126x_driver.o(i.SX126xSetCadParams)
    i.SX126xSetDio3AsTcxoCtrl                0x08003300   Section        0  sx126x_driver.o(i.SX126xSetDio3AsTcxoCtrl)
    i.SX126xSetDioIrqParams                  0x08003326   Section        0  sx126x_driver.o(i.SX126xSetDioIrqParams)
    i.SX126xSetLoRaSymbNumTimeout            0x0800335c   Section        0  sx126x_driver.o(i.SX126xSetLoRaSymbNumTimeout)
    i.SX126xSetLoraModulationParams          0x0800336c   Section        0  sx126x_driver.o(i.SX126xSetLoraModulationParams)
    i.SX126xSetLoraPacketParams              0x080033d0   Section        0  sx126x_driver.o(i.SX126xSetLoraPacketParams)
    i.SX126xSetPaConfig                      0x08003448   Section        0  sx126x_driver.o(i.SX126xSetPaConfig)
    i.SX126xSetPacketType                    0x08003466   Section        0  sx126x_driver.o(i.SX126xSetPacketType)
    i.SX126xSetRegulatorMode                 0x08003484   Section        0  sx126x_driver.o(i.SX126xSetRegulatorMode)
    i.SX126xSetRfFrequency                   0x08003494   Section        0  sx126x_driver.o(i.SX126xSetRfFrequency)
    i.SX126xSetRfTxPower                     0x08003530   Section        0  sx126x_driver.o(i.SX126xSetRfTxPower)
    i.SX126xSetRx                            0x08003536   Section        0  sx126x_driver.o(i.SX126xSetRx)
    i.SX126xSetStandby                       0x08003560   Section        0  sx126x_driver.o(i.SX126xSetStandby)
    i.SX126xSetStopRxTimerOnPreambleDetect   0x080035b0   Section        0  sx126x_driver.o(i.SX126xSetStopRxTimerOnPreambleDetect)
    i.SX126xSetTx                            0x080035be   Section        0  sx126x_driver.o(i.SX126xSetTx)
    i.SX126xSetTxParams                      0x080035e6   Section        0  sx126x_driver.o(i.SX126xSetTxParams)
    i.SX126xWaitOnBusy                       0x08003628   Section        0  sx126x_hal.o(i.SX126xWaitOnBusy)
    i.SX126xWakeup                           0x08003638   Section        0  sx126x_driver.o(i.SX126xWakeup)
    i.SX126xWriteBuffer                      0x0800365a   Section        0  sx126x_driver.o(i.SX126xWriteBuffer)
    i.SX126xWriteCommand                     0x08003698   Section        0  sx126x_driver.o(i.SX126xWriteCommand)
    i.SX126xWriteRegister                    0x080036da   Section        0  sx126x_driver.o(i.SX126xWriteRegister)
    i.SX126xWriteRegisters                   0x080036e6   Section        0  sx126x_driver.o(i.SX126xWriteRegisters)
    i.SX126x_Lora_init                       0x0800372c   Section        0  sx126x_driver.o(i.SX126x_Lora_init)
    i.Send_Byte                              0x080037dc   Section        0  oled.o(i.Send_Byte)
    i.SysTick_Handler                        0x08003834   Section        0  stm32l4xx_it.o(i.SysTick_Handler)
    i.SystemClock_Config                     0x08003842   Section        0  timer.o(i.SystemClock_Config)
    i.SystemInit                             0x080038bc   Section        0  system_stm32l4xx.o(i.SystemInit)
    i.TIM3_IRQHandler                        0x08003900   Section        0  stm32l4xx_it.o(i.TIM3_IRQHandler)
    i.TIM4_IRQHandler                        0x0800390c   Section        0  stm32l4xx_it.o(i.TIM4_IRQHandler)
    i.TIM_Base_SetConfig                     0x08003918   Section        0  stm32l4xx_hal_tim.o(i.TIM_Base_SetConfig)
    i.TIM_ETR_SetConfig                      0x080039d0   Section        0  stm32l4xx_hal_tim.o(i.TIM_ETR_SetConfig)
    i.TIM_ITRx_SetConfig                     0x080039e4   Section        0  stm32l4xx_hal_tim.o(i.TIM_ITRx_SetConfig)
    TIM_ITRx_SetConfig                       0x080039e5   Thumb Code    16  stm32l4xx_hal_tim.o(i.TIM_ITRx_SetConfig)
    i.TIM_TI1_ConfigInputStage               0x080039f4   Section        0  stm32l4xx_hal_tim.o(i.TIM_TI1_ConfigInputStage)
    TIM_TI1_ConfigInputStage                 0x080039f5   Thumb Code    34  stm32l4xx_hal_tim.o(i.TIM_TI1_ConfigInputStage)
    i.TIM_TI2_ConfigInputStage               0x08003a16   Section        0  stm32l4xx_hal_tim.o(i.TIM_TI2_ConfigInputStage)
    TIM_TI2_ConfigInputStage                 0x08003a17   Thumb Code    36  stm32l4xx_hal_tim.o(i.TIM_TI2_ConfigInputStage)
    i.UsageFault_Handler                     0x08003a3a   Section        0  stm32l4xx_it.o(i.UsageFault_Handler)
    i.__ARM_fpclassify                       0x08003a3c   Section        0  fpclassify.o(i.__ARM_fpclassify)
    i.__hardfp_pow                           0x08003a70   Section        0  pow.o(i.__hardfp_pow)
    i.__kernel_poly                          0x080046a8   Section        0  poly.o(i.__kernel_poly)
    i.__mathlib_dbl_divzero                  0x080047a0   Section        0  dunder.o(i.__mathlib_dbl_divzero)
    i.__mathlib_dbl_infnan2                  0x080047d0   Section        0  dunder.o(i.__mathlib_dbl_infnan2)
    i.__mathlib_dbl_invalid                  0x080047e8   Section        0  dunder.o(i.__mathlib_dbl_invalid)
    i.__mathlib_dbl_overflow                 0x08004808   Section        0  dunder.o(i.__mathlib_dbl_overflow)
    i.__mathlib_dbl_underflow                0x08004828   Section        0  dunder.o(i.__mathlib_dbl_underflow)
    i.__scatterload_copy                     0x08004848   Section       14  handlers.o(i.__scatterload_copy)
    i.__scatterload_null                     0x08004856   Section        2  handlers.o(i.__scatterload_null)
    i.__scatterload_zeroinit                 0x08004858   Section       14  handlers.o(i.__scatterload_zeroinit)
    i.__set_errno                            0x08004868   Section        0  errno.o(i.__set_errno)
    i.fabs                                   0x08004874   Section        0  fabs.o(i.fabs)
    i.main                                   0x0800488c   Section        0  main_tx.o(i.main)
    i.sqrt                                   0x08004d04   Section        0  sqrt.o(i.sqrt)
    .constdata                               0x08004d72   Section     6080  oled.o(.constdata)
    .constdata                               0x08006534   Section       64  system_stm32l4xx.o(.constdata)
    .constdata                               0x08006578   Section      136  pow.o(.constdata)
    bp                                       0x08006578   Data          16  pow.o(.constdata)
    dp_h                                     0x08006588   Data          16  pow.o(.constdata)
    dp_l                                     0x08006598   Data          16  pow.o(.constdata)
    L                                        0x080065a8   Data          48  pow.o(.constdata)
    P                                        0x080065d8   Data          40  pow.o(.constdata)
    .constdata                               0x08006600   Section        8  qnan.o(.constdata)
    .data                                    0x20000000   Section        4  stm32l4xx_hal.o(.data)
    .data                                    0x20000004   Section       28  sx126x_driver.o(.data)
    OperatingMode                            0x20000004   Data           1  sx126x_driver.o(.data)
    .data                                    0x20000020   Section        4  system_stm32l4xx.o(.data)
    .data                                    0x20000024   Section       54  main_tx.o(.data)
    t                                        0x20000058   Data           1  main_tx.o(.data)
    j                                        0x20000059   Data           1  main_tx.o(.data)
    .data                                    0x2000005c   Section        4  errno.o(.data)
    _errno                                   0x2000005c   Data           4  errno.o(.data)
    .bss                                     0x20000060   Section      120  timer.o(.bss)
    .bss                                     0x200000d8   Section       16  sx126x_driver.o(.bss)
    .bss                                     0x200000e8   Section      100  sx126x_hal.o(.bss)
    .bss                                     0x2000014c   Section     1152  oled.o(.bss)
    .bss                                     0x200005cc   Section       10  main_tx.o(.bss)
    STACK                                    0x200005d8   Section     1024  startup_stm32l476xx.o(STACK)

    Global Symbols

    Symbol Name                              Value     Ov Type        Size  Object(Section)

    BuildAttributes$$THM_ISAv4$E$P$D$K$B$S$7EM$VFPi3$EXTD16$VFPS$VFMA$PE$A:L22UL41UL21$X:L11$S22US41US21$IEEE1$IW$USESV6$~STKCKD$USESV7$~SHL$OTIME$ROPI$IEEEX$EBA8$MICROLIB$REQ8$PRES8$EABIv2 0x00000000   Number         0  anon$$obj.o ABSOLUTE
    __ARM_use_no_argv                        0x00000000   Number         0  main_tx.o ABSOLUTE
    __cpp_initialize__aeabi_                  - Undefined Weak Reference
    __cxa_finalize                            - Undefined Weak Reference
    __decompress                              - Undefined Weak Reference
    _clock_init                               - Undefined Weak Reference
    _microlib_exit                            - Undefined Weak Reference
    __Vectors_Size                           0x00000188   Number         0  startup_stm32l476xx.o ABSOLUTE
    __Vectors                                0x08000000   Data           4  startup_stm32l476xx.o(RESET)
    __Vectors_End                            0x08000188   Data           0  startup_stm32l476xx.o(RESET)
    __main                                   0x08000189   Thumb Code     0  entry.o(.ARM.Collect$$$$00000000)
    _main_stk                                0x08000189   Thumb Code     0  entry2.o(.ARM.Collect$$$$00000001)
    _main_scatterload                        0x0800018d   Thumb Code     0  entry5.o(.ARM.Collect$$$$00000004)
    __main_after_scatterload                 0x08000191   Thumb Code     0  entry5.o(.ARM.Collect$$$$00000004)
    _main_clock                              0x08000191   Thumb Code     0  entry7b.o(.ARM.Collect$$$$00000008)
    _main_cpp_init                           0x08000191   Thumb Code     0  entry8b.o(.ARM.Collect$$$$0000000A)
    _main_init                               0x08000191   Thumb Code     0  entry9a.o(.ARM.Collect$$$$0000000B)
    __rt_final_cpp                           0x08000199   Thumb Code     0  entry10a.o(.ARM.Collect$$$$0000000D)
    __rt_final_exit                          0x08000199   Thumb Code     0  entry11a.o(.ARM.Collect$$$$0000000F)
    Reset_Handler                            0x0800019d   Thumb Code     8  startup_stm32l476xx.o(.text)
    ADC1_2_IRQHandler                        0x080001b7   Thumb Code     0  startup_stm32l476xx.o(.text)
    ADC3_IRQHandler                          0x080001b7   Thumb Code     0  startup_stm32l476xx.o(.text)
    CAN1_RX0_IRQHandler                      0x080001b7   Thumb Code     0  startup_stm32l476xx.o(.text)
    CAN1_RX1_IRQHandler                      0x080001b7   Thumb Code     0  startup_stm32l476xx.o(.text)
    CAN1_SCE_IRQHandler                      0x080001b7   Thumb Code     0  startup_stm32l476xx.o(.text)
    CAN1_TX_IRQHandler                       0x080001b7   Thumb Code     0  startup_stm32l476xx.o(.text)
    COMP_IRQHandler                          0x080001b7   Thumb Code     0  startup_stm32l476xx.o(.text)
    DFSDM1_FLT0_IRQHandler                   0x080001b7   Thumb Code     0  startup_stm32l476xx.o(.text)
    DFSDM1_FLT1_IRQHandler                   0x080001b7   Thumb Code     0  startup_stm32l476xx.o(.text)
    DFSDM1_FLT2_IRQHandler                   0x080001b7   Thumb Code     0  startup_stm32l476xx.o(.text)
    DFSDM1_FLT3_IRQHandler                   0x080001b7   Thumb Code     0  startup_stm32l476xx.o(.text)
    DMA1_Channel1_IRQHandler                 0x080001b7   Thumb Code     0  startup_stm32l476xx.o(.text)
    DMA1_Channel2_IRQHandler                 0x080001b7   Thumb Code     0  startup_stm32l476xx.o(.text)
    DMA1_Channel3_IRQHandler                 0x080001b7   Thumb Code     0  startup_stm32l476xx.o(.text)
    DMA1_Channel4_IRQHandler                 0x080001b7   Thumb Code     0  startup_stm32l476xx.o(.text)
    DMA1_Channel5_IRQHandler                 0x080001b7   Thumb Code     0  startup_stm32l476xx.o(.text)
    DMA1_Channel6_IRQHandler                 0x080001b7   Thumb Code     0  startup_stm32l476xx.o(.text)
    DMA1_Channel7_IRQHandler                 0x080001b7   Thumb Code     0  startup_stm32l476xx.o(.text)
    DMA2_Channel1_IRQHandler                 0x080001b7   Thumb Code     0  startup_stm32l476xx.o(.text)
    DMA2_Channel2_IRQHandler                 0x080001b7   Thumb Code     0  startup_stm32l476xx.o(.text)
    DMA2_Channel3_IRQHandler                 0x080001b7   Thumb Code     0  startup_stm32l476xx.o(.text)
    DMA2_Channel4_IRQHandler                 0x080001b7   Thumb Code     0  startup_stm32l476xx.o(.text)
    DMA2_Channel5_IRQHandler                 0x080001b7   Thumb Code     0  startup_stm32l476xx.o(.text)
    DMA2_Channel6_IRQHandler                 0x080001b7   Thumb Code     0  startup_stm32l476xx.o(.text)
    DMA2_Channel7_IRQHandler                 0x080001b7   Thumb Code     0  startup_stm32l476xx.o(.text)
    EXTI2_IRQHandler                         0x080001b7   Thumb Code     0  startup_stm32l476xx.o(.text)
    FLASH_IRQHandler                         0x080001b7   Thumb Code     0  startup_stm32l476xx.o(.text)
    FMC_IRQHandler                           0x080001b7   Thumb Code     0  startup_stm32l476xx.o(.text)
    FPU_IRQHandler                           0x080001b7   Thumb Code     0  startup_stm32l476xx.o(.text)
    I2C1_ER_IRQHandler                       0x080001b7   Thumb Code     0  startup_stm32l476xx.o(.text)
    I2C1_EV_IRQHandler                       0x080001b7   Thumb Code     0  startup_stm32l476xx.o(.text)
    I2C2_ER_IRQHandler                       0x080001b7   Thumb Code     0  startup_stm32l476xx.o(.text)
    I2C2_EV_IRQHandler                       0x080001b7   Thumb Code     0  startup_stm32l476xx.o(.text)
    I2C3_ER_IRQHandler                       0x080001b7   Thumb Code     0  startup_stm32l476xx.o(.text)
    I2C3_EV_IRQHandler                       0x080001b7   Thumb Code     0  startup_stm32l476xx.o(.text)
    LCD_IRQHandler                           0x080001b7   Thumb Code     0  startup_stm32l476xx.o(.text)
    LPTIM1_IRQHandler                        0x080001b7   Thumb Code     0  startup_stm32l476xx.o(.text)
    LPTIM2_IRQHandler                        0x080001b7   Thumb Code     0  startup_stm32l476xx.o(.text)
    LPUART1_IRQHandler                       0x080001b7   Thumb Code     0  startup_stm32l476xx.o(.text)
    OTG_FS_IRQHandler                        0x080001b7   Thumb Code     0  startup_stm32l476xx.o(.text)
    PVD_PVM_IRQHandler                       0x080001b7   Thumb Code     0  startup_stm32l476xx.o(.text)
    QUADSPI_IRQHandler                       0x080001b7   Thumb Code     0  startup_stm32l476xx.o(.text)
    RCC_IRQHandler                           0x080001b7   Thumb Code     0  startup_stm32l476xx.o(.text)
    RNG_IRQHandler                           0x080001b7   Thumb Code     0  startup_stm32l476xx.o(.text)
    RTC_Alarm_IRQHandler                     0x080001b7   Thumb Code     0  startup_stm32l476xx.o(.text)
    RTC_WKUP_IRQHandler                      0x080001b7   Thumb Code     0  startup_stm32l476xx.o(.text)
    SAI1_IRQHandler                          0x080001b7   Thumb Code     0  startup_stm32l476xx.o(.text)
    SAI2_IRQHandler                          0x080001b7   Thumb Code     0  startup_stm32l476xx.o(.text)
    SDMMC1_IRQHandler                        0x080001b7   Thumb Code     0  startup_stm32l476xx.o(.text)
    SPI1_IRQHandler                          0x080001b7   Thumb Code     0  startup_stm32l476xx.o(.text)
    SPI2_IRQHandler                          0x080001b7   Thumb Code     0  startup_stm32l476xx.o(.text)
    SPI3_IRQHandler                          0x080001b7   Thumb Code     0  startup_stm32l476xx.o(.text)
    SWPMI1_IRQHandler                        0x080001b7   Thumb Code     0  startup_stm32l476xx.o(.text)
    TAMP_STAMP_IRQHandler                    0x080001b7   Thumb Code     0  startup_stm32l476xx.o(.text)
    TIM1_BRK_TIM15_IRQHandler                0x080001b7   Thumb Code     0  startup_stm32l476xx.o(.text)
    TIM1_CC_IRQHandler                       0x080001b7   Thumb Code     0  startup_stm32l476xx.o(.text)
    TIM1_TRG_COM_TIM17_IRQHandler            0x080001b7   Thumb Code     0  startup_stm32l476xx.o(.text)
    TIM1_UP_TIM16_IRQHandler                 0x080001b7   Thumb Code     0  startup_stm32l476xx.o(.text)
    TIM2_IRQHandler                          0x080001b7   Thumb Code     0  startup_stm32l476xx.o(.text)
    TIM5_IRQHandler                          0x080001b7   Thumb Code     0  startup_stm32l476xx.o(.text)
    TIM6_DAC_IRQHandler                      0x080001b7   Thumb Code     0  startup_stm32l476xx.o(.text)
    TIM7_IRQHandler                          0x080001b7   Thumb Code     0  startup_stm32l476xx.o(.text)
    TIM8_BRK_IRQHandler                      0x080001b7   Thumb Code     0  startup_stm32l476xx.o(.text)
    TIM8_CC_IRQHandler                       0x080001b7   Thumb Code     0  startup_stm32l476xx.o(.text)
    TIM8_TRG_COM_IRQHandler                  0x080001b7   Thumb Code     0  startup_stm32l476xx.o(.text)
    TIM8_UP_IRQHandler                       0x080001b7   Thumb Code     0  startup_stm32l476xx.o(.text)
    TSC_IRQHandler                           0x080001b7   Thumb Code     0  startup_stm32l476xx.o(.text)
    UART4_IRQHandler                         0x080001b7   Thumb Code     0  startup_stm32l476xx.o(.text)
    UART5_IRQHandler                         0x080001b7   Thumb Code     0  startup_stm32l476xx.o(.text)
    USART1_IRQHandler                        0x080001b7   Thumb Code     0  startup_stm32l476xx.o(.text)
    USART2_IRQHandler                        0x080001b7   Thumb Code     0  startup_stm32l476xx.o(.text)
    USART3_IRQHandler                        0x080001b7   Thumb Code     0  startup_stm32l476xx.o(.text)
    WWDG_IRQHandler                          0x080001b7   Thumb Code     0  startup_stm32l476xx.o(.text)
    memcmp                                   0x080001c1   Thumb Code    26  memcmp.o(.text)
    __aeabi_dadd                             0x080001db   Thumb Code   322  dadd.o(.text)
    __aeabi_dsub                             0x0800031d   Thumb Code     6  dadd.o(.text)
    __aeabi_drsub                            0x08000323   Thumb Code     6  dadd.o(.text)
    __aeabi_ddiv                             0x08000329   Thumb Code   222  ddiv.o(.text)
    __aeabi_ui2d                             0x08000407   Thumb Code    26  dfltui.o(.text)
    __aeabi_d2uiz                            0x08000421   Thumb Code    50  dfixui.o(.text)
    __aeabi_f2d                              0x08000453   Thumb Code    38  f2d.o(.text)
    __aeabi_llsl                             0x08000479   Thumb Code    30  llshl.o(.text)
    _ll_shift_l                              0x08000479   Thumb Code     0  llshl.o(.text)
    __aeabi_llsr                             0x08000497   Thumb Code    32  llushr.o(.text)
    _ll_ushift_r                             0x08000497   Thumb Code     0  llushr.o(.text)
    __aeabi_lasr                             0x080004b7   Thumb Code    36  llsshr.o(.text)
    _ll_sshift_r                             0x080004b7   Thumb Code     0  llsshr.o(.text)
    __I$use$fp                               0x080004db   Thumb Code     0  iusefp.o(.text)
    _double_round                            0x080004db   Thumb Code    30  depilogue.o(.text)
    _double_epilogue                         0x080004f9   Thumb Code   156  depilogue.o(.text)
    __aeabi_dmul                             0x08000595   Thumb Code   228  dmul.o(.text)
    __ARM_scalbn                             0x08000679   Thumb Code    46  dscalb.o(.text)
    scalbn                                   0x08000679   Thumb Code     0  dscalb.o(.text)
    __aeabi_i2d                              0x080006a7   Thumb Code    34  dflti.o(.text)
    __aeabi_cdrcmple                         0x080006c9   Thumb Code    48  cdrcmple.o(.text)
    __scatterload                            0x080006f9   Thumb Code    28  init.o(.text)
    __scatterload_rt2                        0x080006f9   Thumb Code     0  init.o(.text)
    _dsqrt                                   0x0800071d   Thumb Code   162  dsqrt.o(.text)
    BEEP_Init                                0x080007c1   Thumb Code    62  beep.o(i.BEEP_Init)
    BusFault_Handler                         0x08000809   Thumb Code     2  stm32l4xx_it.o(i.BusFault_Handler)
    DIO1_DisableInterrupt                    0x0800080b   Thumb Code     4  sx126x_driver.o(i.DIO1_DisableInterrupt)
    DIO1_EnableInterrupt                     0x0800080f   Thumb Code     4  sx126x_driver.o(i.DIO1_EnableInterrupt)
    DIO1_GetState                            0x08000813   Thumb Code     4  sx126x_driver.o(i.DIO1_GetState)
    DebugMon_Handler                         0x08000817   Thumb Code     2  stm32l4xx_it.o(i.DebugMon_Handler)
    EXTI0_IRQHandler                         0x08000819   Thumb Code     6  stm32l4xx_it.o(i.EXTI0_IRQHandler)
    EXTI15_10_IRQHandler                     0x0800081f   Thumb Code     8  stm32l4xx_it.o(i.EXTI15_10_IRQHandler)
    EXTI1_IRQHandler                         0x08000827   Thumb Code    24  stm32l4xx_it.o(i.EXTI1_IRQHandler)
    EXTI3_IRQHandler                         0x0800083f   Thumb Code     2  stm32l4xx_it.o(i.EXTI3_IRQHandler)
    EXTI4_IRQHandler                         0x08000841   Thumb Code    24  stm32l4xx_it.o(i.EXTI4_IRQHandler)
    EXTI9_5_IRQHandler                       0x08000859   Thumb Code     8  stm32l4xx_it.o(i.EXTI9_5_IRQHandler)
    HAL_Delay                                0x08000861   Thumb Code    28  stm32l4xx_hal.o(i.HAL_Delay)
    HAL_GPIO_EXTI_Callback                   0x0800087d   Thumb Code   596  main_tx.o(i.HAL_GPIO_EXTI_Callback)
    HAL_GPIO_EXTI_IRQHandler                 0x08000b05   Thumb Code    18  stm32l4xx_hal_gpio.o(i.HAL_GPIO_EXTI_IRQHandler)
    HAL_GPIO_Init                            0x08000b1d   Thumb Code   424  stm32l4xx_hal_gpio.o(i.HAL_GPIO_Init)
    HAL_GPIO_ReadPin                         0x08000ce9   Thumb Code    10  stm32l4xx_hal_gpio.o(i.HAL_GPIO_ReadPin)
    HAL_GPIO_WritePin                        0x08000cf3   Thumb Code    10  stm32l4xx_hal_gpio.o(i.HAL_GPIO_WritePin)
    HAL_GetTick                              0x08000cfd   Thumb Code     6  stm32l4xx_hal.o(i.HAL_GetTick)
    HAL_IncTick                              0x08000d09   Thumb Code    10  stm32l4xx_hal.o(i.HAL_IncTick)
    HAL_Init                                 0x08000d19   Thumb Code    22  stm32l4xx_hal.o(i.HAL_Init)
    HAL_InitTick                             0x08000d31   Thumb Code    34  stm32l4xx_hal.o(i.HAL_InitTick)
    HAL_MspInit                              0x08000d59   Thumb Code   122  stm32l4xx_hal_msp.o(i.HAL_MspInit)
    HAL_NVIC_DisableIRQ                      0x08000dd9   Thumb Code    22  stm32l4xx_hal_cortex.o(i.HAL_NVIC_DisableIRQ)
    HAL_NVIC_EnableIRQ                       0x08000def   Thumb Code    22  stm32l4xx_hal_cortex.o(i.HAL_NVIC_EnableIRQ)
    HAL_NVIC_SetPriority                     0x08000e05   Thumb Code    60  stm32l4xx_hal_cortex.o(i.HAL_NVIC_SetPriority)
    HAL_NVIC_SetPriorityGrouping             0x08000e45   Thumb Code    26  stm32l4xx_hal_cortex.o(i.HAL_NVIC_SetPriorityGrouping)
    HAL_PWREx_ControlVoltageScaling          0x08000e69   Thumb Code    86  stm32l4xx_hal_pwr_ex.o(i.HAL_PWREx_ControlVoltageScaling)
    HAL_PWREx_GetVoltageRange                0x08000ecd   Thumb Code    10  stm32l4xx_hal_pwr_ex.o(i.HAL_PWREx_GetVoltageRange)
    HAL_RCCEx_PeriphCLKConfig                0x08000edd   Thumb Code   924  stm32l4xx_hal_rcc_ex.o(i.HAL_RCCEx_PeriphCLKConfig)
    HAL_RCC_ClockConfig                      0x08001281   Thumb Code   364  stm32l4xx_hal_rcc.o(i.HAL_RCC_ClockConfig)
    HAL_RCC_GetHCLKFreq                      0x080013fd   Thumb Code     6  stm32l4xx_hal_rcc.o(i.HAL_RCC_GetHCLKFreq)
    HAL_RCC_GetSysClockFreq                  0x08001409   Thumb Code   238  stm32l4xx_hal_rcc.o(i.HAL_RCC_GetSysClockFreq)
    HAL_RCC_OscConfig                        0x08001505   Thumb Code  1132  stm32l4xx_hal_rcc.o(i.HAL_RCC_OscConfig)
    HAL_SPI_Init                             0x08001971   Thumb Code   172  stm32l4xx_hal_spi.o(i.HAL_SPI_Init)
    HAL_SPI_MspInit                          0x08001a1d   Thumb Code     2  stm32l4xx_hal_spi.o(i.HAL_SPI_MspInit)
    HAL_SPI_TransmitReceive                  0x08001a1f   Thumb Code   558  stm32l4xx_hal_spi.o(i.HAL_SPI_TransmitReceive)
    HAL_SYSTICK_CLKSourceConfig              0x08001c4d   Thumb Code    24  stm32l4xx_hal_cortex.o(i.HAL_SYSTICK_CLKSourceConfig)
    HAL_SYSTICK_Callback                     0x08001c65   Thumb Code     2  stm32l4xx_hal_cortex.o(i.HAL_SYSTICK_Callback)
    HAL_SYSTICK_Config                       0x08001c67   Thumb Code    40  stm32l4xx_hal_cortex.o(i.HAL_SYSTICK_Config)
    HAL_SYSTICK_IRQHandler                   0x08001c8f   Thumb Code     8  stm32l4xx_hal_cortex.o(i.HAL_SYSTICK_IRQHandler)
    HAL_TIMEx_BreakCallback                  0x08001c97   Thumb Code     2  stm32l4xx_hal_tim_ex.o(i.HAL_TIMEx_BreakCallback)
    HAL_TIMEx_CommutationCallback            0x08001c99   Thumb Code     2  stm32l4xx_hal_tim_ex.o(i.HAL_TIMEx_CommutationCallback)
    HAL_TIMEx_MasterConfigSynchronization    0x08001c9d   Thumb Code    78  stm32l4xx_hal_tim_ex.o(i.HAL_TIMEx_MasterConfigSynchronization)
    HAL_TIM_Base_Init                        0x08001cf5   Thumb Code    54  stm32l4xx_hal_tim.o(i.HAL_TIM_Base_Init)
    HAL_TIM_Base_MspInit                     0x08001d2d   Thumb Code    86  timer.o(i.HAL_TIM_Base_MspInit)
    HAL_TIM_Base_Start_IT                    0x08001d91   Thumb Code    32  stm32l4xx_hal_tim.o(i.HAL_TIM_Base_Start_IT)
    HAL_TIM_Base_Stop_IT                     0x08001db1   Thumb Code    42  stm32l4xx_hal_tim.o(i.HAL_TIM_Base_Stop_IT)
    HAL_TIM_ConfigClockSource                0x08001ddd   Thumb Code   244  stm32l4xx_hal_tim.o(i.HAL_TIM_ConfigClockSource)
    HAL_TIM_IC_CaptureCallback               0x08001ed5   Thumb Code     2  stm32l4xx_hal_tim.o(i.HAL_TIM_IC_CaptureCallback)
    HAL_TIM_IRQHandler                       0x08001ed7   Thumb Code   358  stm32l4xx_hal_tim.o(i.HAL_TIM_IRQHandler)
    HAL_TIM_OC_DelayElapsedCallback          0x0800203d   Thumb Code     2  stm32l4xx_hal_tim.o(i.HAL_TIM_OC_DelayElapsedCallback)
    HAL_TIM_PWM_PulseFinishedCallback        0x0800203f   Thumb Code     2  stm32l4xx_hal_tim.o(i.HAL_TIM_PWM_PulseFinishedCallback)
    HAL_TIM_PeriodElapsedCallback            0x08002041   Thumb Code    14  main_tx.o(i.HAL_TIM_PeriodElapsedCallback)
    HAL_TIM_TriggerCallback                  0x08002059   Thumb Code     2  stm32l4xx_hal_tim.o(i.HAL_TIM_TriggerCallback)
    HardFault_Handler                        0x0800205b   Thumb Code     2  stm32l4xx_it.o(i.HardFault_Handler)
    I2C_Start                                0x0800205d   Thumb Code    52  oled.o(i.I2C_Start)
    I2C_Stop                                 0x08002095   Thumb Code    42  oled.o(i.I2C_Stop)
    I2C_WaitAck                              0x080020c5   Thumb Code    30  oled.o(i.I2C_WaitAck)
    KEY_Init                                 0x080020e9   Thumb Code   114  key.o(i.KEY_Init)
    LED_Init                                 0x0800216d   Thumb Code    62  led.o(i.LED_Init)
    LoRaConfig_Check                         0x080021b1   Thumb Code   182  sx126x_driver.o(i.LoRaConfig_Check)
    MX_TIM3_Init_Ms                          0x0800229d   Thumb Code    70  timer.o(i.MX_TIM3_Init_Ms)
    MemManage_Handler                        0x080022ed   Thumb Code     2  stm32l4xx_it.o(i.MemManage_Handler)
    NMI_Handler                              0x080022ef   Thumb Code     2  stm32l4xx_it.o(i.NMI_Handler)
    OLED_Clear                               0x08002311   Thumb Code    38  oled.o(i.OLED_Clear)
    OLED_DrawPoint                           0x0800233d   Thumb Code    54  oled.o(i.OLED_DrawPoint)
    OLED_Init                                0x08002379   Thumb Code   386  oled.o(i.OLED_Init)
    OLED_Pow                                 0x08002509   Thumb Code    16  oled.o(i.OLED_Pow)
    OLED_Refresh                             0x08002519   Thumb Code    66  oled.o(i.OLED_Refresh)
    OLED_ShowChar                            0x08002561   Thumb Code   168  oled.o(i.OLED_ShowChar)
    OLED_ShowNum                             0x08002615   Thumb Code   120  oled.o(i.OLED_ShowNum)
    OLED_ShowString                          0x0800268d   Thumb Code    68  oled.o(i.OLED_ShowString)
    OLED_WR_Byte                             0x080026d1   Thumb Code    54  oled.o(i.OLED_WR_Byte)
    PendSV_Handler                           0x08002707   Thumb Code     2  stm32l4xx_it.o(i.PendSV_Handler)
    SVC_Handler                              0x08002ba7   Thumb Code     2  stm32l4xx_it.o(i.SVC_Handler)
    SX126XWriteRxTx                          0x08002ba9   Thumb Code    30  sx126x_driver.o(i.SX126XWriteRxTx)
    SX126X_Awake                             0x08002bc9   Thumb Code    80  sx126x_driver.o(i.SX126X_Awake)
    SX126X_Busy_GetState                     0x08002c1d   Thumb Code     8  sx126x_hal.o(i.SX126X_Busy_GetState)
    SX126X_Busy_INPUT                        0x08002c29   Thumb Code    48  sx126x_hal.o(i.SX126X_Busy_INPUT)
    SX126X_DIO1_GetState                     0x08002c61   Thumb Code     8  sx126x_hal.o(i.SX126X_DIO1_GetState)
    SX126X_DIO1_INPUT                        0x08002c6d   Thumb Code    56  sx126x_hal.o(i.SX126X_DIO1_INPUT)
    SX126X_DIO1_INTDISABLE                   0x08002cb1   Thumb Code     6  sx126x_hal.o(i.SX126X_DIO1_INTDISABLE)
    SX126X_DIO1_INTENABLE                    0x08002cb7   Thumb Code     6  sx126x_hal.o(i.SX126X_DIO1_INTENABLE)
    SX126X_DIO2_INPUT                        0x08002cbd   Thumb Code    58  sx126x_hal.o(i.SX126X_DIO2_INPUT)
    SX126X_InitIo                            0x08002d05   Thumb Code    36  sx126x_driver.o(i.SX126X_InitIo)
    SX126X_NSS_OUTPUT                        0x08002d29   Thumb Code    14  sx126x_hal.o(i.SX126X_NSS_OUTPUT)
    SX126X_RESET_OUTPUT                      0x08002d39   Thumb Code    64  sx126x_hal.o(i.SX126X_RESET_OUTPUT)
    SX126X_ReadWriteByte                     0x08002d7d   Thumb Code    28  sx126x_hal.o(i.SX126X_ReadWriteByte)
    SX126X_Reset                             0x08002d9d   Thumb Code    36  sx126x_driver.o(i.SX126X_Reset)
    SX126X_RxPacket                          0x08002dc1   Thumb Code    46  sx126x_driver.o(i.SX126X_RxPacket)
    SX126X_SPIGPIO_Init                      0x08002df9   Thumb Code    90  sx126x_hal.o(i.SX126X_SPIGPIO_Init)
    SX126X_SPI_Init                          0x08002e59   Thumb Code   128  sx126x_hal.o(i.SX126X_SPI_Init)
    SX126X_SWCTL1_OUTPUT                     0x08002ee5   Thumb Code    62  sx126x_hal.o(i.SX126X_SWCTL1_OUTPUT)
    SX126X_SWCTL2_OUTPUT                     0x08002f2d   Thumb Code    60  sx126x_hal.o(i.SX126X_SWCTL2_OUTPUT)
    SX126X_StartRx                           0x08002f71   Thumb Code    78  sx126x_driver.o(i.SX126X_StartRx)
    SX126xCalibrate                          0x08002fc5   Thumb Code    14  sx126x_driver.o(i.SX126xCalibrate)
    SX126xCalibrateImage                     0x08002fd5   Thumb Code    96  sx126x_driver.o(i.SX126xCalibrateImage)
    SX126xCalibrate_err                      0x08003049   Thumb Code    28  sx126x_driver.o(i.SX126xCalibrate_err)
    SX126xCheckDeviceReady                   0x08003065   Thumb Code    24  sx126x_driver.o(i.SX126xCheckDeviceReady)
    SX126xClearDeviceErrors                  0x08003081   Thumb Code    18  sx126x_driver.o(i.SX126xClearDeviceErrors)
    SX126xClearIrqStatus                     0x08003093   Thumb Code    24  sx126x_driver.o(i.SX126xClearIrqStatus)
    SX126xClearTimeoutEvent                  0x080030ab   Thumb Code    36  sx126x_driver.o(i.SX126xClearTimeoutEvent)
    SX126xGetDeviceErrors                    0x080030cf   Thumb Code    88  sx126x_driver.o(i.SX126xGetDeviceErrors)
    SX126xGetIrqStatus                       0x08003127   Thumb Code    20  sx126x_driver.o(i.SX126xGetIrqStatus)
    SX126xGetPacketStatus                    0x0800313b   Thumb Code    56  sx126x_driver.o(i.SX126xGetPacketStatus)
    SX126xGetPayload                         0x08003173   Thumb Code    10  sx126x_driver.o(i.SX126xGetPayload)
    SX126xGetRxBufferStatus                  0x0800317d   Thumb Code    44  sx126x_driver.o(i.SX126xGetRxBufferStatus)
    SX126xGetStatus                          0x080031a9   Thumb Code    24  sx126x_driver.o(i.SX126xGetStatus)
    SX126xReadBuffer                         0x080031c1   Thumb Code    70  sx126x_driver.o(i.SX126xReadBuffer)
    SX126xReadCommand                        0x08003207   Thumb Code    64  sx126x_driver.o(i.SX126xReadCommand)
    SX126xReadRegister                       0x08003247   Thumb Code    16  sx126x_driver.o(i.SX126xReadRegister)
    SX126xReadRegisters                      0x08003257   Thumb Code    76  sx126x_driver.o(i.SX126xReadRegisters)
    SX126xSendPayload                        0x080032a3   Thumb Code    24  sx126x_driver.o(i.SX126xSendPayload)
    SX126xSetBufferBaseAddress               0x080032bb   Thumb Code    22  sx126x_driver.o(i.SX126xSetBufferBaseAddress)
    SX126xSetCadParams                       0x080032d1   Thumb Code    48  sx126x_driver.o(i.SX126xSetCadParams)
    SX126xSetDio3AsTcxoCtrl                  0x08003301   Thumb Code    38  sx126x_driver.o(i.SX126xSetDio3AsTcxoCtrl)
    SX126xSetDioIrqParams                    0x08003327   Thumb Code    54  sx126x_driver.o(i.SX126xSetDioIrqParams)
    SX126xSetLoRaSymbNumTimeout              0x0800335d   Thumb Code    14  sx126x_driver.o(i.SX126xSetLoRaSymbNumTimeout)
    SX126xSetLoraModulationParams            0x0800336d   Thumb Code    94  sx126x_driver.o(i.SX126xSetLoraModulationParams)
    SX126xSetLoraPacketParams                0x080033d1   Thumb Code   114  sx126x_driver.o(i.SX126xSetLoraPacketParams)
    SX126xSetPaConfig                        0x08003449   Thumb Code    30  sx126x_driver.o(i.SX126xSetPaConfig)
    SX126xSetPacketType                      0x08003467   Thumb Code    30  sx126x_driver.o(i.SX126xSetPacketType)
    SX126xSetRegulatorMode                   0x08003485   Thumb Code    14  sx126x_driver.o(i.SX126xSetRegulatorMode)
    SX126xSetRfFrequency                     0x08003495   Thumb Code   122  sx126x_driver.o(i.SX126xSetRfFrequency)
    SX126xSetRfTxPower                       0x08003531   Thumb Code     6  sx126x_driver.o(i.SX126xSetRfTxPower)
    SX126xSetRx                              0x08003537   Thumb Code    40  sx126x_driver.o(i.SX126xSetRx)
    SX126xSetStandby                         0x08003561   Thumb Code    74  sx126x_driver.o(i.SX126xSetStandby)
    SX126xSetStopRxTimerOnPreambleDetect     0x080035b1   Thumb Code    14  sx126x_driver.o(i.SX126xSetStopRxTimerOnPreambleDetect)
    SX126xSetTx                              0x080035bf   Thumb Code    40  sx126x_driver.o(i.SX126xSetTx)
    SX126xSetTxParams                        0x080035e7   Thumb Code    66  sx126x_driver.o(i.SX126xSetTxParams)
    SX126xWaitOnBusy                         0x08003629   Thumb Code    16  sx126x_hal.o(i.SX126xWaitOnBusy)
    SX126xWakeup                             0x08003639   Thumb Code    34  sx126x_driver.o(i.SX126xWakeup)
    SX126xWriteBuffer                        0x0800365b   Thumb Code    62  sx126x_driver.o(i.SX126xWriteBuffer)
    SX126xWriteCommand                       0x08003699   Thumb Code    66  sx126x_driver.o(i.SX126xWriteCommand)
    SX126xWriteRegister                      0x080036db   Thumb Code    12  sx126x_driver.o(i.SX126xWriteRegister)
    SX126xWriteRegisters                     0x080036e7   Thumb Code    68  sx126x_driver.o(i.SX126xWriteRegisters)
    SX126x_Lora_init                         0x0800372d   Thumb Code   170  sx126x_driver.o(i.SX126x_Lora_init)
    Send_Byte                                0x080037dd   Thumb Code    82  oled.o(i.Send_Byte)
    SysTick_Handler                          0x08003835   Thumb Code    14  stm32l4xx_it.o(i.SysTick_Handler)
    SystemClock_Config                       0x08003843   Thumb Code   122  timer.o(i.SystemClock_Config)
    SystemInit                               0x080038bd   Thumb Code    56  system_stm32l4xx.o(i.SystemInit)
    TIM3_IRQHandler                          0x08003901   Thumb Code     6  stm32l4xx_it.o(i.TIM3_IRQHandler)
    TIM4_IRQHandler                          0x0800390d   Thumb Code     6  stm32l4xx_it.o(i.TIM4_IRQHandler)
    TIM_Base_SetConfig                       0x08003919   Thumb Code   152  stm32l4xx_hal_tim.o(i.TIM_Base_SetConfig)
    TIM_ETR_SetConfig                        0x080039d1   Thumb Code    20  stm32l4xx_hal_tim.o(i.TIM_ETR_SetConfig)
    UsageFault_Handler                       0x08003a3b   Thumb Code     2  stm32l4xx_it.o(i.UsageFault_Handler)
    __ARM_fpclassify                         0x08003a3d   Thumb Code    48  fpclassify.o(i.__ARM_fpclassify)
    __hardfp_pow                             0x08003a71   Thumb Code  3044  pow.o(i.__hardfp_pow)
    __kernel_poly                            0x080046a9   Thumb Code   248  poly.o(i.__kernel_poly)
    __mathlib_dbl_divzero                    0x080047a1   Thumb Code    28  dunder.o(i.__mathlib_dbl_divzero)
    __mathlib_dbl_infnan2                    0x080047d1   Thumb Code    20  dunder.o(i.__mathlib_dbl_infnan2)
    __mathlib_dbl_invalid                    0x080047e9   Thumb Code    24  dunder.o(i.__mathlib_dbl_invalid)
    __mathlib_dbl_overflow                   0x08004809   Thumb Code    24  dunder.o(i.__mathlib_dbl_overflow)
    __mathlib_dbl_underflow                  0x08004829   Thumb Code    24  dunder.o(i.__mathlib_dbl_underflow)
    __scatterload_copy                       0x08004849   Thumb Code    14  handlers.o(i.__scatterload_copy)
    __scatterload_null                       0x08004857   Thumb Code     2  handlers.o(i.__scatterload_null)
    __scatterload_zeroinit                   0x08004859   Thumb Code    14  handlers.o(i.__scatterload_zeroinit)
    __set_errno                              0x08004869   Thumb Code     6  errno.o(i.__set_errno)
    fabs                                     0x08004875   Thumb Code    24  fabs.o(i.fabs)
    main                                     0x0800488d   Thumb Code   996  main_tx.o(i.main)
    sqrt                                     0x08004d05   Thumb Code   110  sqrt.o(i.sqrt)
    asc2_1206                                0x08004d72   Data        1140  oled.o(.constdata)
    asc2_1608                                0x080051e6   Data        1520  oled.o(.constdata)
    asc2_2412                                0x080057d6   Data        3420  oled.o(.constdata)
    AHBPrescTable                            0x08006534   Data          16  system_stm32l4xx.o(.constdata)
    MSIRangeTable                            0x08006544   Data          48  system_stm32l4xx.o(.constdata)
    __mathlib_zero                           0x08006600   Data           8  qnan.o(.constdata)
    Region$$Table$$Base                      0x08006608   Number         0  anon$$obj.o(Region$$Table)
    Region$$Table$$Limit                     0x08006628   Number         0  anon$$obj.o(Region$$Table)
    uwTick                                   0x20000000   Data           4  stm32l4xx_hal.o(.data)
    G_BandWidthKHz                           0x20000008   Data           4  sx126x_driver.o(.data)
    G_TsXms                                  0x2000000c   Data           4  sx126x_driver.o(.data)
    G_LoRaConfig                             0x20000010   Data          16  sx126x_driver.o(.data)
    SystemCoreClock                          0x20000020   Data           4  system_stm32l4xx.o(.data)
    TXbuffer                                 0x20000024   Data          10  main_tx.o(.data)
    WakeAddr                                 0x2000002e   Data           8  main_tx.o(.data)
    Fre                                      0x20000038   Data          20  main_tx.o(.data)
    T_Cnt                                    0x2000004c   Data           2  main_tx.o(.data)
    R_Cnt                                    0x2000004e   Data           2  main_tx.o(.data)
    E_Cnt                                    0x20000050   Data           2  main_tx.o(.data)
    SF                                       0x20000052   Data           1  main_tx.o(.data)
    PktSnr_Value                             0x20000053   Data           1  main_tx.o(.data)
    SNR                                      0x20000054   Data           1  main_tx.o(.data)
    PktRssi_Value                            0x20000055   Data           1  main_tx.o(.data)
    RSSI                                     0x20000056   Data           1  main_tx.o(.data)
    communication_states                     0x20000057   Data           1  main_tx.o(.data)
    TIM3_InitStruct                          0x20000060   Data          60  timer.o(.bss)
    TIM4_InitStruct                          0x2000009c   Data          60  timer.o(.bss)
    G_LoRaPara                               0x200000d8   Data          16  sx126x_driver.o(.bss)
    SPI3_InitStruct                          0x200000e8   Data         100  sx126x_hal.o(.bss)
    OLED_GRAM                                0x2000014c   Data        1152  oled.o(.bss)
    RXbuffer                                 0x200005cc   Data          10  main_tx.o(.bss)
    __initial_sp                             0x200009d8   Data           0  startup_stm32l476xx.o(STACK)



==============================================================================

Memory Map of the image

  Image Entry point : 0x08000189

  Load Region LR_IROM1 (Base: 0x08000000, Size: 0x00006688, Max: 0x00100000, ABSOLUTE)

    Execution Region ER_IROM1 (Base: 0x08000000, Size: 0x00006628, Max: 0x00100000, ABSOLUTE)

    Base Addr    Size         Type   Attr      Idx    E Section Name        Object

    0x08000000   0x00000188   Data   RO         4059    RESET               startup_stm32l476xx.o
    0x08000188   0x00000000   Code   RO         4324  * .ARM.Collect$$$$00000000  mc_w.l(entry.o)
    0x08000188   0x00000004   Code   RO         4376    .ARM.Collect$$$$00000001  mc_w.l(entry2.o)
    0x0800018c   0x00000004   Code   RO         4379    .ARM.Collect$$$$00000004  mc_w.l(entry5.o)
    0x08000190   0x00000000   Code   RO         4381    .ARM.Collect$$$$00000008  mc_w.l(entry7b.o)
    0x08000190   0x00000000   Code   RO         4383    .ARM.Collect$$$$0000000A  mc_w.l(entry8b.o)
    0x08000190   0x00000008   Code   RO         4384    .ARM.Collect$$$$0000000B  mc_w.l(entry9a.o)
    0x08000198   0x00000000   Code   RO         4386    .ARM.Collect$$$$0000000D  mc_w.l(entry10a.o)
    0x08000198   0x00000000   Code   RO         4388    .ARM.Collect$$$$0000000F  mc_w.l(entry11a.o)
    0x08000198   0x00000004   Code   RO         4377    .ARM.Collect$$$$00002712  mc_w.l(entry2.o)
    0x0800019c   0x00000024   Code   RO         4060    .text               startup_stm32l476xx.o
    0x080001c0   0x0000001a   Code   RO         4327    .text               mc_w.l(memcmp.o)
    0x080001da   0x0000014e   Code   RO         4329    .text               mf_w.l(dadd.o)
    0x08000328   0x000000de   Code   RO         4331    .text               mf_w.l(ddiv.o)
    0x08000406   0x0000001a   Code   RO         4333    .text               mf_w.l(dfltui.o)
    0x08000420   0x00000032   Code   RO         4335    .text               mf_w.l(dfixui.o)
    0x08000452   0x00000026   Code   RO         4337    .text               mf_w.l(f2d.o)
    0x08000478   0x0000001e   Code   RO         4390    .text               mc_w.l(llshl.o)
    0x08000496   0x00000020   Code   RO         4392    .text               mc_w.l(llushr.o)
    0x080004b6   0x00000024   Code   RO         4394    .text               mc_w.l(llsshr.o)
    0x080004da   0x00000000   Code   RO         4403    .text               mc_w.l(iusefp.o)
    0x080004da   0x000000ba   Code   RO         4404    .text               mf_w.l(depilogue.o)
    0x08000594   0x000000e4   Code   RO         4406    .text               mf_w.l(dmul.o)
    0x08000678   0x0000002e   Code   RO         4410    .text               mf_w.l(dscalb.o)
    0x080006a6   0x00000022   Code   RO         4412    .text               mf_w.l(dflti.o)
    0x080006c8   0x00000030   Code   RO         4414    .text               mf_w.l(cdrcmple.o)
    0x080006f8   0x00000024   Code   RO         4416    .text               mc_w.l(init.o)
    0x0800071c   0x000000a2   Code   RO         4418    .text               mf_w.l(dsqrt.o)
    0x080007be   0x00000002   PAD
    0x080007c0   0x00000048   Code   RO         3280    i.BEEP_Init         beep.o
    0x08000808   0x00000002   Code   RO         4165    i.BusFault_Handler  stm32l4xx_it.o
    0x0800080a   0x00000004   Code   RO         3310    i.DIO1_DisableInterrupt  sx126x_driver.o
    0x0800080e   0x00000004   Code   RO         3311    i.DIO1_EnableInterrupt  sx126x_driver.o
    0x08000812   0x00000004   Code   RO         3312    i.DIO1_GetState     sx126x_driver.o
    0x08000816   0x00000002   Code   RO         4166    i.DebugMon_Handler  stm32l4xx_it.o
    0x08000818   0x00000006   Code   RO         4167    i.EXTI0_IRQHandler  stm32l4xx_it.o
    0x0800081e   0x00000008   Code   RO         4168    i.EXTI15_10_IRQHandler  stm32l4xx_it.o
    0x08000826   0x00000018   Code   RO         4169    i.EXTI1_IRQHandler  stm32l4xx_it.o
    0x0800083e   0x00000002   Code   RO         4170    i.EXTI3_IRQHandler  stm32l4xx_it.o
    0x08000840   0x00000018   Code   RO         4171    i.EXTI4_IRQHandler  stm32l4xx_it.o
    0x08000858   0x00000008   Code   RO         4172    i.EXTI9_5_IRQHandler  stm32l4xx_it.o
    0x08000860   0x0000001c   Code   RO         1501    i.HAL_Delay         stm32l4xx_hal.o
    0x0800087c   0x00000288   Code   RO         4106    i.HAL_GPIO_EXTI_Callback  main_tx.o
    0x08000b04   0x00000018   Code   RO            6    i.HAL_GPIO_EXTI_IRQHandler  stm32l4xx_hal_gpio.o
    0x08000b1c   0x000001cc   Code   RO            7    i.HAL_GPIO_Init     stm32l4xx_hal_gpio.o
    0x08000ce8   0x0000000a   Code   RO            9    i.HAL_GPIO_ReadPin  stm32l4xx_hal_gpio.o
    0x08000cf2   0x0000000a   Code   RO           11    i.HAL_GPIO_WritePin  stm32l4xx_hal_gpio.o
    0x08000cfc   0x0000000c   Code   RO         1505    i.HAL_GetTick       stm32l4xx_hal.o
    0x08000d08   0x00000010   Code   RO         1506    i.HAL_IncTick       stm32l4xx_hal.o
    0x08000d18   0x00000016   Code   RO         1507    i.HAL_Init          stm32l4xx_hal.o
    0x08000d2e   0x00000002   PAD
    0x08000d30   0x00000028   Code   RO         1508    i.HAL_InitTick      stm32l4xx_hal.o
    0x08000d58   0x00000080   Code   RO         4289    i.HAL_MspInit       stm32l4xx_hal_msp.o
    0x08000dd8   0x00000016   Code   RO          515    i.HAL_NVIC_DisableIRQ  stm32l4xx_hal_cortex.o
    0x08000dee   0x00000016   Code   RO          516    i.HAL_NVIC_EnableIRQ  stm32l4xx_hal_cortex.o
    0x08000e04   0x00000040   Code   RO          522    i.HAL_NVIC_SetPriority  stm32l4xx_hal_cortex.o
    0x08000e44   0x00000024   Code   RO          523    i.HAL_NVIC_SetPriorityGrouping  stm32l4xx_hal_cortex.o
    0x08000e68   0x00000064   Code   RO          188    i.HAL_PWREx_ControlVoltageScaling  stm32l4xx_hal_pwr_ex.o
    0x08000ecc   0x00000010   Code   RO          219    i.HAL_PWREx_GetVoltageRange  stm32l4xx_hal_pwr_ex.o
    0x08000edc   0x000003a4   Code   RO          752    i.HAL_RCCEx_PeriphCLKConfig  stm32l4xx_hal_rcc_ex.o
    0x08001280   0x0000017c   Code   RO          637    i.HAL_RCC_ClockConfig  stm32l4xx_hal_rcc.o
    0x080013fc   0x0000000c   Code   RO          641    i.HAL_RCC_GetHCLKFreq  stm32l4xx_hal_rcc.o
    0x08001408   0x000000fc   Code   RO          645    i.HAL_RCC_GetSysClockFreq  stm32l4xx_hal_rcc.o
    0x08001504   0x0000046c   Code   RO          648    i.HAL_RCC_OscConfig  stm32l4xx_hal_rcc.o
    0x08001970   0x000000ac   Code   RO         1909    i.HAL_SPI_Init      stm32l4xx_hal_spi.o
    0x08001a1c   0x00000002   Code   RO         1911    i.HAL_SPI_MspInit   stm32l4xx_hal_spi.o
    0x08001a1e   0x0000022e   Code   RO         1918    i.HAL_SPI_TransmitReceive  stm32l4xx_hal_spi.o
    0x08001c4c   0x00000018   Code   RO          525    i.HAL_SYSTICK_CLKSourceConfig  stm32l4xx_hal_cortex.o
    0x08001c64   0x00000002   Code   RO          526    i.HAL_SYSTICK_Callback  stm32l4xx_hal_cortex.o
    0x08001c66   0x00000028   Code   RO          527    i.HAL_SYSTICK_Config  stm32l4xx_hal_cortex.o
    0x08001c8e   0x00000008   Code   RO          528    i.HAL_SYSTICK_IRQHandler  stm32l4xx_hal_cortex.o
    0x08001c96   0x00000002   Code   RO         2890    i.HAL_TIMEx_BreakCallback  stm32l4xx_hal_tim_ex.o
    0x08001c98   0x00000002   Code   RO         2891    i.HAL_TIMEx_CommutationCallback  stm32l4xx_hal_tim_ex.o
    0x08001c9a   0x00000002   PAD
    0x08001c9c   0x00000058   Code   RO         2909    i.HAL_TIMEx_MasterConfigSynchronization  stm32l4xx_hal_tim_ex.o
    0x08001cf4   0x00000036   Code   RO         2251    i.HAL_TIM_Base_Init  stm32l4xx_hal_tim.o
    0x08001d2a   0x00000002   PAD
    0x08001d2c   0x00000064   Code   RO         3203    i.HAL_TIM_Base_MspInit  timer.o
    0x08001d90   0x00000020   Code   RO         2256    i.HAL_TIM_Base_Start_IT  stm32l4xx_hal_tim.o
    0x08001db0   0x0000002a   Code   RO         2259    i.HAL_TIM_Base_Stop_IT  stm32l4xx_hal_tim.o
    0x08001dda   0x00000002   PAD
    0x08001ddc   0x000000f8   Code   RO         2260    i.HAL_TIM_ConfigClockSource  stm32l4xx_hal_tim.o
    0x08001ed4   0x00000002   Code   RO         2280    i.HAL_TIM_IC_CaptureCallback  stm32l4xx_hal_tim.o
    0x08001ed6   0x00000166   Code   RO         2293    i.HAL_TIM_IRQHandler  stm32l4xx_hal_tim.o
    0x0800203c   0x00000002   Code   RO         2296    i.HAL_TIM_OC_DelayElapsedCallback  stm32l4xx_hal_tim.o
    0x0800203e   0x00000002   Code   RO         2323    i.HAL_TIM_PWM_PulseFinishedCallback  stm32l4xx_hal_tim.o
    0x08002040   0x00000018   Code   RO         4107    i.HAL_TIM_PeriodElapsedCallback  main_tx.o
    0x08002058   0x00000002   Code   RO         2334    i.HAL_TIM_TriggerCallback  stm32l4xx_hal_tim.o
    0x0800205a   0x00000002   Code   RO         4173    i.HardFault_Handler  stm32l4xx_it.o
    0x0800205c   0x00000038   Code   RO         3903    i.I2C_Start         oled.o
    0x08002094   0x00000030   Code   RO         3904    i.I2C_Stop          oled.o
    0x080020c4   0x00000024   Code   RO         3905    i.I2C_WaitAck       oled.o
    0x080020e8   0x00000084   Code   RO         3168    i.KEY_Init          key.o
    0x0800216c   0x00000044   Code   RO         3141    i.LED_Init          led.o
    0x080021b0   0x000000ec   Code   RO         3318    i.LoRaConfig_Check  sx126x_driver.o
    0x0800229c   0x00000050   Code   RO         3204    i.MX_TIM3_Init_Ms   timer.o
    0x080022ec   0x00000002   Code   RO         4174    i.MemManage_Handler  stm32l4xx_it.o
    0x080022ee   0x00000002   Code   RO         4175    i.NMI_Handler       stm32l4xx_it.o
    0x080022f0   0x00000020   Code   RO          529    i.NVIC_SetPriority  stm32l4xx_hal_cortex.o
    0x08002310   0x0000002c   Code   RO         3906    i.OLED_Clear        oled.o
    0x0800233c   0x0000003c   Code   RO         3913    i.OLED_DrawPoint    oled.o
    0x08002378   0x00000190   Code   RO         3914    i.OLED_Init         oled.o
    0x08002508   0x00000010   Code   RO         3915    i.OLED_Pow          oled.o
    0x08002518   0x00000048   Code   RO         3916    i.OLED_Refresh      oled.o
    0x08002560   0x000000b4   Code   RO         3917    i.OLED_ShowChar     oled.o
    0x08002614   0x00000078   Code   RO         3918    i.OLED_ShowNum      oled.o
    0x0800268c   0x00000044   Code   RO         3920    i.OLED_ShowString   oled.o
    0x080026d0   0x00000036   Code   RO         3922    i.OLED_WR_Byte      oled.o
    0x08002706   0x00000002   Code   RO         4176    i.PendSV_Handler    stm32l4xx_it.o
    0x08002708   0x0000016c   Code   RO          755    i.RCCEx_PLLSAI1_Config  stm32l4xx_hal_rcc_ex.o
    0x08002874   0x0000013c   Code   RO          756    i.RCCEx_PLLSAI2_Config  stm32l4xx_hal_rcc_ex.o
    0x080029b0   0x0000007c   Code   RO          649    i.RCC_SetFlashLatencyFromMSIRange  stm32l4xx_hal_rcc.o
    0x08002a2c   0x00000048   Code   RO         1947    i.SPI_EndRxTxTransaction  stm32l4xx_hal_spi.o
    0x08002a74   0x0000009e   Code   RO         1952    i.SPI_WaitFifoStateUntilTimeout  stm32l4xx_hal_spi.o
    0x08002b12   0x00000094   Code   RO         1953    i.SPI_WaitFlagStateUntilTimeout  stm32l4xx_hal_spi.o
    0x08002ba6   0x00000002   Code   RO         4177    i.SVC_Handler       stm32l4xx_it.o
    0x08002ba8   0x0000001e   Code   RO         3320    i.SX126XWriteRxTx   sx126x_driver.o
    0x08002bc6   0x00000002   PAD
    0x08002bc8   0x00000054   Code   RO         3321    i.SX126X_Awake      sx126x_driver.o
    0x08002c1c   0x0000000c   Code   RO         3762    i.SX126X_Busy_GetState  sx126x_hal.o
    0x08002c28   0x00000038   Code   RO         3763    i.SX126X_Busy_INPUT  sx126x_hal.o
    0x08002c60   0x0000000c   Code   RO         3766    i.SX126X_DIO1_GetState  sx126x_hal.o
    0x08002c6c   0x00000044   Code   RO         3767    i.SX126X_DIO1_INPUT  sx126x_hal.o
    0x08002cb0   0x00000006   Code   RO         3768    i.SX126X_DIO1_INTDISABLE  sx126x_hal.o
    0x08002cb6   0x00000006   Code   RO         3769    i.SX126X_DIO1_INTENABLE  sx126x_hal.o
    0x08002cbc   0x00000048   Code   RO         3771    i.SX126X_DIO2_INPUT  sx126x_hal.o
    0x08002d04   0x00000024   Code   RO         3324    i.SX126X_InitIo     sx126x_driver.o
    0x08002d28   0x0000000e   Code   RO         3774    i.SX126X_NSS_OUTPUT  sx126x_hal.o
    0x08002d36   0x00000002   PAD
    0x08002d38   0x00000044   Code   RO         3775    i.SX126X_RESET_OUTPUT  sx126x_hal.o
    0x08002d7c   0x00000020   Code   RO         3776    i.SX126X_ReadWriteByte  sx126x_hal.o
    0x08002d9c   0x00000024   Code   RO         3325    i.SX126X_Reset      sx126x_driver.o
    0x08002dc0   0x00000038   Code   RO         3326    i.SX126X_RxPacket   sx126x_driver.o
    0x08002df8   0x00000060   Code   RO         3777    i.SX126X_SPIGPIO_Init  sx126x_hal.o
    0x08002e58   0x0000008c   Code   RO         3778    i.SX126X_SPI_Init   sx126x_hal.o
    0x08002ee4   0x00000048   Code   RO         3779    i.SX126X_SWCTL1_OUTPUT  sx126x_hal.o
    0x08002f2c   0x00000044   Code   RO         3780    i.SX126X_SWCTL2_OUTPUT  sx126x_hal.o
    0x08002f70   0x00000054   Code   RO         3327    i.SX126X_StartRx    sx126x_driver.o
    0x08002fc4   0x0000000e   Code   RO         3332    i.SX126xCalibrate   sx126x_driver.o
    0x08002fd2   0x00000002   PAD
    0x08002fd4   0x00000074   Code   RO         3333    i.SX126xCalibrateImage  sx126x_driver.o
    0x08003048   0x0000001c   Code   RO         3334    i.SX126xCalibrate_err  sx126x_driver.o
    0x08003064   0x0000001c   Code   RO         3335    i.SX126xCheckDeviceReady  sx126x_driver.o
    0x08003080   0x00000012   Code   RO         3336    i.SX126xClearDeviceErrors  sx126x_driver.o
    0x08003092   0x00000018   Code   RO         3337    i.SX126xClearIrqStatus  sx126x_driver.o
    0x080030aa   0x00000024   Code   RO         3338    i.SX126xClearTimeoutEvent  sx126x_driver.o
    0x080030ce   0x00000058   Code   RO         3339    i.SX126xGetDeviceErrors  sx126x_driver.o
    0x08003126   0x00000014   Code   RO         3340    i.SX126xGetIrqStatus  sx126x_driver.o
    0x0800313a   0x00000038   Code   RO         3342    i.SX126xGetPacketStatus  sx126x_driver.o
    0x08003172   0x0000000a   Code   RO         3343    i.SX126xGetPayload  sx126x_driver.o
    0x0800317c   0x0000002c   Code   RO         3345    i.SX126xGetRxBufferStatus  sx126x_driver.o
    0x080031a8   0x00000018   Code   RO         3346    i.SX126xGetStatus   sx126x_driver.o
    0x080031c0   0x00000046   Code   RO         3347    i.SX126xReadBuffer  sx126x_driver.o
    0x08003206   0x00000040   Code   RO         3348    i.SX126xReadCommand  sx126x_driver.o
    0x08003246   0x00000010   Code   RO         3350    i.SX126xReadRegister  sx126x_driver.o
    0x08003256   0x0000004c   Code   RO         3351    i.SX126xReadRegisters  sx126x_driver.o
    0x080032a2   0x00000018   Code   RO         3352    i.SX126xSendPayload  sx126x_driver.o
    0x080032ba   0x00000016   Code   RO         3353    i.SX126xSetBufferBaseAddress  sx126x_driver.o
    0x080032d0   0x00000030   Code   RO         3355    i.SX126xSetCadParams  sx126x_driver.o
    0x08003300   0x00000026   Code   RO         3357    i.SX126xSetDio3AsTcxoCtrl  sx126x_driver.o
    0x08003326   0x00000036   Code   RO         3358    i.SX126xSetDioIrqParams  sx126x_driver.o
    0x0800335c   0x0000000e   Code   RO         3360    i.SX126xSetLoRaSymbNumTimeout  sx126x_driver.o
    0x0800336a   0x00000002   PAD
    0x0800336c   0x00000064   Code   RO         3361    i.SX126xSetLoraModulationParams  sx126x_driver.o
    0x080033d0   0x00000078   Code   RO         3362    i.SX126xSetLoraPacketParams  sx126x_driver.o
    0x08003448   0x0000001e   Code   RO         3363    i.SX126xSetPaConfig  sx126x_driver.o
    0x08003466   0x0000001e   Code   RO         3364    i.SX126xSetPacketType  sx126x_driver.o
    0x08003484   0x0000000e   Code   RO         3365    i.SX126xSetRegulatorMode  sx126x_driver.o
    0x08003492   0x00000002   PAD
    0x08003494   0x0000009c   Code   RO         3366    i.SX126xSetRfFrequency  sx126x_driver.o
    0x08003530   0x00000006   Code   RO         3367    i.SX126xSetRfTxPower  sx126x_driver.o
    0x08003536   0x00000028   Code   RO         3368    i.SX126xSetRx       sx126x_driver.o
    0x0800355e   0x00000002   PAD
    0x08003560   0x00000050   Code   RO         3370    i.SX126xSetStandby  sx126x_driver.o
    0x080035b0   0x0000000e   Code   RO         3371    i.SX126xSetStopRxTimerOnPreambleDetect  sx126x_driver.o
    0x080035be   0x00000028   Code   RO         3372    i.SX126xSetTx       sx126x_driver.o
    0x080035e6   0x00000042   Code   RO         3373    i.SX126xSetTxParams  sx126x_driver.o
    0x08003628   0x00000010   Code   RO         3781    i.SX126xWaitOnBusy  sx126x_hal.o
    0x08003638   0x00000022   Code   RO         3375    i.SX126xWakeup      sx126x_driver.o
    0x0800365a   0x0000003e   Code   RO         3376    i.SX126xWriteBuffer  sx126x_driver.o
    0x08003698   0x00000042   Code   RO         3377    i.SX126xWriteCommand  sx126x_driver.o
    0x080036da   0x0000000c   Code   RO         3379    i.SX126xWriteRegister  sx126x_driver.o
    0x080036e6   0x00000044   Code   RO         3380    i.SX126xWriteRegisters  sx126x_driver.o
    0x0800372a   0x00000002   PAD
    0x0800372c   0x000000b0   Code   RO         3381    i.SX126x_Lora_init  sx126x_driver.o
    0x080037dc   0x00000058   Code   RO         3923    i.Send_Byte         oled.o
    0x08003834   0x0000000e   Code   RO         4178    i.SysTick_Handler   stm32l4xx_it.o
    0x08003842   0x0000007a   Code   RO         3210    i.SystemClock_Config  timer.o
    0x080038bc   0x00000044   Code   RO         4068    i.SystemInit        system_stm32l4xx.o
    0x08003900   0x0000000c   Code   RO         4179    i.TIM3_IRQHandler   stm32l4xx_it.o
    0x0800390c   0x0000000c   Code   RO         4180    i.TIM4_IRQHandler   stm32l4xx_it.o
    0x08003918   0x000000b8   Code   RO         2335    i.TIM_Base_SetConfig  stm32l4xx_hal_tim.o
    0x080039d0   0x00000014   Code   RO         2342    i.TIM_ETR_SetConfig  stm32l4xx_hal_tim.o
    0x080039e4   0x00000010   Code   RO         2343    i.TIM_ITRx_SetConfig  stm32l4xx_hal_tim.o
    0x080039f4   0x00000022   Code   RO         2351    i.TIM_TI1_ConfigInputStage  stm32l4xx_hal_tim.o
    0x08003a16   0x00000024   Code   RO         2353    i.TIM_TI2_ConfigInputStage  stm32l4xx_hal_tim.o
    0x08003a3a   0x00000002   Code   RO         4181    i.UsageFault_Handler  stm32l4xx_it.o
    0x08003a3c   0x00000030   Code   RO         4359    i.__ARM_fpclassify  m_wm.l(fpclassify.o)
    0x08003a6c   0x00000004   PAD
    0x08003a70   0x00000c38   Code   RO         4310    i.__hardfp_pow      m_wm.l(pow.o)
    0x080046a8   0x000000f8   Code   RO         4361    i.__kernel_poly     m_wm.l(poly.o)
    0x080047a0   0x00000030   Code   RO         4339    i.__mathlib_dbl_divzero  m_wm.l(dunder.o)
    0x080047d0   0x00000014   Code   RO         4341    i.__mathlib_dbl_infnan2  m_wm.l(dunder.o)
    0x080047e4   0x00000004   PAD
    0x080047e8   0x00000020   Code   RO         4342    i.__mathlib_dbl_invalid  m_wm.l(dunder.o)
    0x08004808   0x00000020   Code   RO         4343    i.__mathlib_dbl_overflow  m_wm.l(dunder.o)
    0x08004828   0x00000020   Code   RO         4345    i.__mathlib_dbl_underflow  m_wm.l(dunder.o)
    0x08004848   0x0000000e   Code   RO         4424    i.__scatterload_copy  mc_w.l(handlers.o)
    0x08004856   0x00000002   Code   RO         4425    i.__scatterload_null  mc_w.l(handlers.o)
    0x08004858   0x0000000e   Code   RO         4426    i.__scatterload_zeroinit  mc_w.l(handlers.o)
    0x08004866   0x00000002   PAD
    0x08004868   0x0000000c   Code   RO         4398    i.__set_errno       mc_w.l(errno.o)
    0x08004874   0x00000018   Code   RO         4355    i.fabs              m_wm.l(fabs.o)
    0x0800488c   0x00000478   Code   RO         4108    i.main              main_tx.o
    0x08004d04   0x0000006e   Code   RO         4366    i.sqrt              m_wm.l(sqrt.o)
    0x08004d72   0x000017c0   Data   RO         3925    .constdata          oled.o
    0x08006532   0x00000002   PAD
    0x08006534   0x00000040   Data   RO         4069    .constdata          system_stm32l4xx.o
    0x08006574   0x00000004   PAD
    0x08006578   0x00000088   Data   RO         4313    .constdata          m_wm.l(pow.o)
    0x08006600   0x00000008   Data   RO         4363    .constdata          m_wm.l(qnan.o)
    0x08006608   0x00000020   Data   RO         4422    Region$$Table       anon$$obj.o


    Execution Region RW_IRAM1 (Base: 0x20000000, Size: 0x000009d8, Max: 0x00018000, ABSOLUTE)

    Base Addr    Size         Type   Attr      Idx    E Section Name        Object

    0x20000000   0x00000004   Data   RW         1523    .data               stm32l4xx_hal.o
    0x20000004   0x0000001c   Data   RW         3383    .data               sx126x_driver.o
    0x20000020   0x00000004   Data   RW         4071    .data               system_stm32l4xx.o
    0x20000024   0x00000036   Data   RW         4110    .data               main_tx.o
    0x2000005a   0x00000002   PAD
    0x2000005c   0x00000004   Data   RW         4399    .data               mc_w.l(errno.o)
    0x20000060   0x00000078   Zero   RW         3211    .bss                timer.o
    0x200000d8   0x00000010   Zero   RW         3382    .bss                sx126x_driver.o
    0x200000e8   0x00000064   Zero   RW         3782    .bss                sx126x_hal.o
    0x2000014c   0x00000480   Zero   RW         3924    .bss                oled.o
    0x200005cc   0x0000000a   Zero   RW         4109    .bss                main_tx.o
    0x200005d6   0x00000002   PAD
    0x200005d8   0x00000400   Zero   RW         4057    STACK               startup_stm32l476xx.o


==============================================================================

Image component sizes


      Code (inc. data)   RO Data    RW Data    ZI Data      Debug   Object Name

        72         10          0          0          0       1044   beep.o
       132         18          0          0          0       1095   key.o
        68          6          0          0          0       1027   led.o
      1816        226          0         54         10       4051   main_tx.o
      1242         66       6080          0       1152       9964   oled.o
        36          8        392          0       1024        844   startup_stm32l476xx.o
       118         18          0          4          0       4359   stm32l4xx_hal.o
       250         14          0          0          0      32787   stm32l4xx_hal_cortex.o
       504         42          0          0          0     819994   stm32l4xx_hal_gpio.o
       128          6          0          0          0        986   stm32l4xx_hal_msp.o
       116         20          0          0          0       1398   stm32l4xx_hal_pwr_ex.o
      1900         68          0          0          0       5950   stm32l4xx_hal_rcc.o
      1612         38          0          0          0       4000   stm32l4xx_hal_rcc_ex.o
      1110          0          0          0          0       5467   stm32l4xx_hal_spi.o
      1032         36          0          0          0      10608   stm32l4xx_hal_tim.o
        92         10          0          0          0       2666   stm32l4xx_hal_tim_ex.o
       126         12          0          0          0       8582   stm32l4xx_it.o
      2620        168          0         28         16      39332   sx126x_driver.o
       738         86          0          0        100      10119   sx126x_hal.o
        68         12         64          4          0       1337   system_stm32l4xx.o
       302         24          0          0        120       3012   timer.o

    ----------------------------------------------------------------------
     14104        888       6574         92       2424     968622   Object Totals
         0          0         32          0          0          0   (incl. Generated)
        22          0          6          2          2          0   (incl. Padding)

    ----------------------------------------------------------------------

      Code (inc. data)   RO Data    RW Data    ZI Data      Debug   Library Member Name

       164         44          0          0          0        620   dunder.o
        24          0          0          0          0        124   fabs.o
        48          0          0          0          0        124   fpclassify.o
       248          0          0          0          0        152   poly.o
      3128        302        136          0          0        356   pow.o
         0          0          8          0          0          0   qnan.o
       110          0          0          0          0        148   sqrt.o
         0          0          0          0          0          0   entry.o
         0          0          0          0          0          0   entry10a.o
         0          0          0          0          0          0   entry11a.o
         8          4          0          0          0          0   entry2.o
         4          0          0          0          0          0   entry5.o
         0          0          0          0          0          0   entry7b.o
         0          0          0          0          0          0   entry8b.o
         8          4          0          0          0          0   entry9a.o
        12          6          0          4          0         68   errno.o
        30          0          0          0          0          0   handlers.o
        36          8          0          0          0         68   init.o
         0          0          0          0          0          0   iusefp.o
        30          0          0          0          0         68   llshl.o
        36          0          0          0          0         68   llsshr.o
        32          0          0          0          0         68   llushr.o
        26          0          0          0          0         80   memcmp.o
        48          0          0          0          0         68   cdrcmple.o
       334          0          0          0          0        148   dadd.o
       222          0          0          0          0        100   ddiv.o
       186          0          0          0          0        176   depilogue.o
        50          0          0          0          0         76   dfixui.o
        34          0          0          0          0         76   dflti.o
        26          0          0          0          0         76   dfltui.o
       228          0          0          0          0         96   dmul.o
        46          0          0          0          0         80   dscalb.o
       162          0          0          0          0        100   dsqrt.o
        38          0          0          0          0         68   f2d.o

    ----------------------------------------------------------------------
      5330        368        144          4          0       3008   Library Totals
        12          0          0          0          0          0   (incl. Padding)

    ----------------------------------------------------------------------

      Code (inc. data)   RO Data    RW Data    ZI Data      Debug   Library Name

      3722        346        144          0          0       1524   m_wm.l
       222         22          0          4          0        420   mc_w.l
      1374          0          0          0          0       1064   mf_w.l

    ----------------------------------------------------------------------
      5330        368        144          4          0       3008   Library Totals

    ----------------------------------------------------------------------

==============================================================================


      Code (inc. data)   RO Data    RW Data    ZI Data      Debug   

     19434       1256       6718         96       2424     955258   Grand Totals
     19434       1256       6718         96       2424     955258   ELF Image Totals
     19434       1256       6718         96          0          0   ROM Totals

==============================================================================

    Total RO  Size (Code + RO Data)                26152 (  25.54kB)
    Total RW  Size (RW Data + ZI Data)              2520 (   2.46kB)
    Total ROM Size (Code + RO Data + RW Data)      26248 (  25.63kB)

==============================================================================

