<html>
<body>
<pre>
<h1>礦ision Build Log</h1>
<h2>Tool Versions:</h2>
IDE-Version: μVision V5.30.0.0
Copyright (C) 2020 ARM Ltd and ARM Germany GmbH. All rights reserved.
License Information: 1 lenovo, 1, LIC=CZLZX-HRCHT-TGG7T-RZTPC-DIAFM-W959W
 
Tool Versions:
Toolchain:       MDK-ARM Plus  Version: 5.30.0.0
Toolchain Path:  D:\Keil\keil5\ARM\ARMCC\Bin
C Compiler:      Armcc.exe V5.06 update 6 (build 750)
Assembler:       Armasm.exe V5.06 update 6 (build 750)
Linker/Locator:  ArmLink.exe V5.06 update 6 (build 750)
Library Manager: ArmAr.exe V5.06 update 6 (build 750)
Hex Converter:   FromElf.exe V5.06 update 6 (build 750)
CPU DLL:         SARMCM3.DLL V5.30.0.0
Dialog DLL:      DCM.DLL V1.17.3.0
Target DLL:      Segger\JL2CM3.dll V2.99.38.0
Dialog DLL:      TCM.DLL V1.42.0.0
 
<h2>Project:</h2>
E:\无线传感网WSN\开发板\05_L-LRMFL22-97NN4\12.资料发布\FL系列资料包\03.软件\FL22-C7\LLCC68_FL22_一对多通信(1.3OLED)_201209\MDK-ARM\LSD4RF-Test2002.uvprojx
Project File Date:  12/09/2020

<h2>Output:</h2>
*** Using Compiler 'V5.06 update 6 (build 750)', folder: 'D:\Keil\keil5\ARM\ARMCC\Bin'
Build target 'TX'
compiling main_TX.c...
..\Src\main_TX.c(231): warning:  #167-D: argument of type "uint8_t *" is incompatible with parameter of type "int8_t *"
  				     	Usart2SendData(ReadMeter_Buffer,sizeof(ReadMeter_Buffer));
..\Src\main_TX.c(267): warning:  #167-D: argument of type "uint8_t *" is incompatible with parameter of type "int8_t *"
  				     	Usart2SendData(ReadMeter_Buffer,sizeof(ReadMeter_Buffer));
..\Src\main_TX.c(179): warning:  #546-D: transfer of control bypasses initialization of:
            variable "Preamble_Length"  (declared at line 187)
          switch(communication_states)
          ^
..\Src\main_TX.c: 3 warnings, 0 errors
linking...
Program Size: Code=25042 RO-data=6758 RW-data=492624 ZI-data=5792  
FromELF: creating hex file...
"LSD4RF-Test2002\LSD4RF-Test2002.axf" - 0 Error(s), 3 Warning(s).

<h2>Software Packages used:</h2>

Package Vendor: ARM
                http://www.keil.com/pack/ARM.CMSIS.5.7.0.pack
                ARM.CMSIS.5.7.0
                CMSIS (Cortex Microcontroller Software Interface Standard)
   * Component: CORE Version: 5.4.0

Package Vendor: Keil
                http://www.keil.com/pack/Keil.STM32L4xx_DFP.2.0.0.pack
                Keil.STM32L4xx_DFP.2.0.0
                STMicroelectronics STM32L4 Series Device Support, Drivers and Examples

<h2>Collection of Component include folders:</h2>
  .\RTE\_TX
  D:\Keil\keil5\ARM\CMSIS\5.7.0\CMSIS\Core\Include
  D:\Keil\keil5\Keil\STM32L4xx_DFP\2.0.0\Drivers\CMSIS\Device\ST\STM32L4xx\Include

<h2>Collection of Component Files used:</h2>

   * Component: ARM::CMSIS:CORE:5.4.0
Build Time Elapsed:  00:00:04
</pre>
</body>
</html>
