Component: ARM Compiler 5.05 update 1 (build 106) Tool: armlink [4d0efa]

==============================================================================

Section Cross References

    stm32l4xx_hal_gpio.o(i.HAL_GPIO_EXTI_IRQHandler) refers to main_rx.o(i.HAL_GPIO_EXTI_Callback) for HAL_GPIO_EXTI_Callback
    stm32l4xx_hal_pwr_ex.o(i.HAL_PWREx_ControlVoltageScaling) refers to system_stm32l4xx.o(.data) for SystemCoreClock
    stm32l4xx_hal_pwr_ex.o(i.HAL_PWREx_DisableLowPowerRunMode) refers to system_stm32l4xx.o(.data) for SystemCoreClock
    stm32l4xx_hal_pwr_ex.o(i.HAL_PWREx_PVD_PVM_IRQHandler) refers to stm32l4xx_hal_pwr.o(i.HAL_PWR_PVDCallback) for HAL_PWR_PVDCallback
    stm32l4xx_hal_pwr_ex.o(i.HAL_PWREx_PVD_PVM_IRQHandler) refers to stm32l4xx_hal_pwr_ex.o(i.HAL_PWREx_PVM1Callback) for HAL_PWREx_PVM1Callback
    stm32l4xx_hal_pwr_ex.o(i.HAL_PWREx_PVD_PVM_IRQHandler) refers to stm32l4xx_hal_pwr_ex.o(i.HAL_PWREx_PVM2Callback) for HAL_PWREx_PVM2Callback
    stm32l4xx_hal_pwr_ex.o(i.HAL_PWREx_PVD_PVM_IRQHandler) refers to stm32l4xx_hal_pwr_ex.o(i.HAL_PWREx_PVM3Callback) for HAL_PWREx_PVM3Callback
    stm32l4xx_hal_pwr_ex.o(i.HAL_PWREx_PVD_PVM_IRQHandler) refers to stm32l4xx_hal_pwr_ex.o(i.HAL_PWREx_PVM4Callback) for HAL_PWREx_PVM4Callback
    stm32l4xx_hal_flash_ex.o(i.FLASH_FlushCaches) refers to stm32l4xx_hal_flash.o(.bss) for pFlash
    stm32l4xx_hal_flash_ex.o(i.FLASH_OB_PCROPConfig) refers to stm32l4xx_hal_flash.o(i.FLASH_WaitForLastOperation) for FLASH_WaitForLastOperation
    stm32l4xx_hal_flash_ex.o(i.FLASH_OB_UserConfig) refers to stm32l4xx_hal_flash.o(i.FLASH_WaitForLastOperation) for FLASH_WaitForLastOperation
    stm32l4xx_hal_flash_ex.o(i.FLASH_OB_WRPConfig) refers to stm32l4xx_hal_flash.o(i.FLASH_WaitForLastOperation) for FLASH_WaitForLastOperation
    stm32l4xx_hal_flash_ex.o(i.HAL_FLASHEx_Erase) refers to stm32l4xx_hal_flash.o(i.FLASH_WaitForLastOperation) for FLASH_WaitForLastOperation
    stm32l4xx_hal_flash_ex.o(i.HAL_FLASHEx_Erase) refers to stm32l4xx_hal_flash_ex.o(i.FLASH_MassErase) for FLASH_MassErase
    stm32l4xx_hal_flash_ex.o(i.HAL_FLASHEx_Erase) refers to stm32l4xx_hal_flash_ex.o(i.FLASH_PageErase) for FLASH_PageErase
    stm32l4xx_hal_flash_ex.o(i.HAL_FLASHEx_Erase) refers to stm32l4xx_hal_flash_ex.o(i.FLASH_FlushCaches) for FLASH_FlushCaches
    stm32l4xx_hal_flash_ex.o(i.HAL_FLASHEx_Erase) refers to stm32l4xx_hal_flash.o(.bss) for pFlash
    stm32l4xx_hal_flash_ex.o(i.HAL_FLASHEx_Erase_IT) refers to stm32l4xx_hal_flash_ex.o(i.FLASH_PageErase) for FLASH_PageErase
    stm32l4xx_hal_flash_ex.o(i.HAL_FLASHEx_Erase_IT) refers to stm32l4xx_hal_flash_ex.o(i.FLASH_MassErase) for FLASH_MassErase
    stm32l4xx_hal_flash_ex.o(i.HAL_FLASHEx_Erase_IT) refers to stm32l4xx_hal_flash.o(.bss) for pFlash
    stm32l4xx_hal_flash_ex.o(i.HAL_FLASHEx_OBGetConfig) refers to stm32l4xx_hal_flash_ex.o(i.FLASH_OB_GetPCROP) for FLASH_OB_GetPCROP
    stm32l4xx_hal_flash_ex.o(i.HAL_FLASHEx_OBProgram) refers to stm32l4xx_hal_flash_ex.o(i.FLASH_OB_WRPConfig) for FLASH_OB_WRPConfig
    stm32l4xx_hal_flash_ex.o(i.HAL_FLASHEx_OBProgram) refers to stm32l4xx_hal_flash.o(i.FLASH_WaitForLastOperation) for FLASH_WaitForLastOperation
    stm32l4xx_hal_flash_ex.o(i.HAL_FLASHEx_OBProgram) refers to stm32l4xx_hal_flash_ex.o(i.FLASH_OB_UserConfig) for FLASH_OB_UserConfig
    stm32l4xx_hal_flash_ex.o(i.HAL_FLASHEx_OBProgram) refers to stm32l4xx_hal_flash_ex.o(i.FLASH_OB_PCROPConfig) for FLASH_OB_PCROPConfig
    stm32l4xx_hal_flash_ex.o(i.HAL_FLASHEx_OBProgram) refers to stm32l4xx_hal_flash.o(.bss) for pFlash
    stm32l4xx_hal_cortex.o(i.HAL_NVIC_SetPriority) refers to stm32l4xx_hal_cortex.o(i.NVIC_SetPriority) for NVIC_SetPriority
    stm32l4xx_hal_cortex.o(i.HAL_SYSTICK_Config) refers to stm32l4xx_hal_cortex.o(i.NVIC_SetPriority) for NVIC_SetPriority
    stm32l4xx_hal_cortex.o(i.HAL_SYSTICK_IRQHandler) refers to stm32l4xx_hal_cortex.o(i.HAL_SYSTICK_Callback) for HAL_SYSTICK_Callback
    stm32l4xx_hal_rcc.o(i.HAL_RCC_ClockConfig) refers to stm32l4xx_hal.o(i.HAL_GetTick) for HAL_GetTick
    stm32l4xx_hal_rcc.o(i.HAL_RCC_ClockConfig) refers to stm32l4xx_hal_rcc.o(i.HAL_RCC_GetSysClockFreq) for HAL_RCC_GetSysClockFreq
    stm32l4xx_hal_rcc.o(i.HAL_RCC_ClockConfig) refers to stm32l4xx_hal.o(i.HAL_InitTick) for HAL_InitTick
    stm32l4xx_hal_rcc.o(i.HAL_RCC_ClockConfig) refers to system_stm32l4xx.o(.constdata) for AHBPrescTable
    stm32l4xx_hal_rcc.o(i.HAL_RCC_ClockConfig) refers to system_stm32l4xx.o(.data) for SystemCoreClock
    stm32l4xx_hal_rcc.o(i.HAL_RCC_DeInit) refers to system_stm32l4xx.o(.data) for SystemCoreClock
    stm32l4xx_hal_rcc.o(i.HAL_RCC_GetHCLKFreq) refers to system_stm32l4xx.o(.data) for SystemCoreClock
    stm32l4xx_hal_rcc.o(i.HAL_RCC_GetPCLK1Freq) refers to system_stm32l4xx.o(.data) for SystemCoreClock
    stm32l4xx_hal_rcc.o(i.HAL_RCC_GetPCLK1Freq) refers to system_stm32l4xx.o(.constdata) for APBPrescTable
[...]
    i.SVC_Handler                            0x080037da   Section        0  stm32l4xx_it.o(i.SVC_Handler)
    i.SX126XSwitchOff                        0x080037dc   Section        0  sx126x_driver.o(i.SX126XSwitchOff)
    i.SX126XWriteRxTx                        0x080037ee   Section        0  sx126x_driver.o(i.SX126XWriteRxTx)
    i.SX126X_Busy_GetState                   0x0800380c   Section        0  sx126x_hal.o(i.SX126X_Busy_GetState)
    i.SX126X_Busy_INPUT                      0x08003818   Section        0  sx126x_hal.o(i.SX126X_Busy_INPUT)
    i.SX126X_CAD_Sample                      0x08003850   Section        0  sx126x_driver.o(i.SX126X_CAD_Sample)
    i.SX126X_CADinit                         0x08003864   Section        0  sx126x_driver.o(i.SX126X_CADinit)
    i.SX126X_DIO1_GetState                   0x080038ac   Section        0  sx126x_hal.o(i.SX126X_DIO1_GetState)
    i.SX126X_DIO1_INPUT                      0x080038b8   Section        0  sx126x_hal.o(i.SX126X_DIO1_INPUT)
    i.SX126X_DIO1_INTDISABLE                 0x080038fc   Section        0  sx126x_hal.o(i.SX126X_DIO1_INTDISABLE)
    i.SX126X_DIO1_INTENABLE                  0x08003902   Section        0  sx126x_hal.o(i.SX126X_DIO1_INTENABLE)
    i.SX126X_DIO2_INPUT                      0x08003908   Section        0  sx126x_hal.o(i.SX126X_DIO2_INPUT)
    i.SX126X_InitIo                          0x08003950   Section        0  sx126x_driver.o(i.SX126X_InitIo)
    i.SX126X_NSS_OUTPUT                      0x08003974   Section        0  sx126x_hal.o(i.SX126X_NSS_OUTPUT)
    i.SX126X_RESET_OUTPUT                    0x08003984   Section        0  sx126x_hal.o(i.SX126X_RESET_OUTPUT)
    i.SX126X_ReadWriteByte                   0x080039c8   Section        0  sx126x_hal.o(i.SX126X_ReadWriteByte)
    i.SX126X_Reset                           0x080039e8   Section        0  sx126x_driver.o(i.SX126X_Reset)
    i.SX126X_RxPacket                        0x08003a0c   Section        0  sx126x_driver.o(i.SX126X_RxPacket)
    i.SX126X_SPIGPIO_Init                    0x08003a44   Section        0  sx126x_hal.o(i.SX126X_SPIGPIO_Init)
    i.SX126X_SPI_Init                        0x08003aa4   Section        0  sx126x_hal.o(i.SX126X_SPI_Init)
    i.SX126X_SWCTL1_OUTPUT                   0x08003b30   Section        0  sx126x_hal.o(i.SX126X_SWCTL1_OUTPUT)
    i.SX126X_SWCTL2_OUTPUT                   0x08003b78   Section        0  sx126x_hal.o(i.SX126X_SWCTL2_OUTPUT)
    i.SX126X_TxPacket                        0x08003bbc   Section        0  sx126x_driver.o(i.SX126X_TxPacket)
    i.SX126X_WORInit                         0x08003c10   Section        0  sx126x_driver.o(i.SX126X_WORInit)
    i.SX126X_WOR_Execute                     0x08003c14   Section        0  sx126x_driver.o(i.SX126X_WOR_Execute)
    i.SX126X_WOR_Exit                        0x08003c3c   Section        0  sx126x_driver.o(i.SX126X_WOR_Exit)
    i.SX126xCalibrate                        0x08003c7a   Section        0  sx126x_driver.o(i.SX126xCalibrate)
    i.SX126xCalibrateImage                   0x08003c88   Section        0  sx126x_driver.o(i.SX126xCalibrateImage)
    i.SX126xCalibrate_err                    0x08003cfc   Section        0  sx126x_driver.o(i.SX126xCalibrate_err)
    i.SX126xCheckDeviceReady                 0x08003d18   Section        0  sx126x_driver.o(i.SX126xCheckDeviceReady)
    i.SX126xClearDeviceErrors                0x08003d34   Section        0  sx126x_driver.o(i.SX126xClearDeviceErrors)
    i.SX126xClearIrqStatus                   0x08003d46   Section        0  sx126x_driver.o(i.SX126xClearIrqStatus)
    i.SX126xClearTimeoutEvent                0x08003d5e   Section        0  sx126x_driver.o(i.SX126xClearTimeoutEvent)
    i.SX126xGetDeviceErrors                  0x08003d82   Section        0  sx126x_driver.o(i.SX126xGetDeviceErrors)
    i.SX126xGetIrqStatus                     0x08003dda   Section        0  sx126x_driver.o(i.SX126xGetIrqStatus)
    i.SX126xGetPacketStatus                  0x08003dee   Section        0  sx126x_driver.o(i.SX126xGetPacketStatus)
    i.SX126xGetPayload                       0x08003e26   Section        0  sx126x_driver.o(i.SX126xGetPayload)
    i.SX126xGetRxBufferStatus                0x08003e30   Section        0  sx126x_driver.o(i.SX126xGetRxBufferStatus)
    i.SX126xGetStatus                        0x08003e5c   Section        0  sx126x_driver.o(i.SX126xGetStatus)
    i.SX126xReadBuffer                       0x08003e74   Section        0  sx126x_driver.o(i.SX126xReadBuffer)
    i.SX126xReadCommand                      0x08003eba   Section        0  sx126x_driver.o(i.SX126xReadCommand)
    i.SX126xReadRegister                     0x08003efa   Section        0  sx126x_driver.o(i.SX126xReadRegister)
    i.SX126xReadRegisters                    0x08003f0a   Section        0  sx126x_driver.o(i.SX126xReadRegisters)
    i.SX126xSendPayload                      0x08003f56   Section        0  sx126x_driver.o(i.SX126xSendPayload)
    i.SX126xSetBufferBaseAddress             0x08003f6e   Section        0  sx126x_driver.o(i.SX126xSetBufferBaseAddress)
    i.SX126xSetCad                           0x08003f84   Section        0  sx126x_driver.o(i.SX126xSetCad)
    i.SX126xSetCadParams                     0x08003f8e   Section        0  sx126x_driver.o(i.SX126xSetCadParams)
    i.SX126xSetDio3AsTcxoCtrl                0x08003fbe   Section        0  sx126x_driver.o(i.SX126xSetDio3AsTcxoCtrl)
    i.SX126xSetDioIrqParams                  0x08003fe4   Section        0  sx126x_driver.o(i.SX126xSetDioIrqParams)
    i.SX126xSetLoRaSymbNumTimeout            0x0800401a   Section        0  sx126x_driver.o(i.SX126xSetLoRaSymbNumTimeout)
    i.SX126xSetLoraModulationParams          0x08004028   Section        0  sx126x_driver.o(i.SX126xSetLoraModulationParams)
    i.SX126xSetLoraPacketParams              0x0800408c   Section        0  sx126x_driver.o(i.SX126xSetLoraPacketParams)
    i.SX126xSetPaConfig                      0x08004104   Section        0  sx126x_driver.o(i.SX126xSetPaConfig)
    i.SX126xSetPacketType                    0x08004122   Section        0  sx126x_driver.o(i.SX126xSetPacketType)
    i.SX126xSetRegulatorMode                 0x08004140   Section        0  sx126x_driver.o(i.SX126xSetRegulatorMode)
    i.SX126xSetRfFrequency                   0x08004150   Section        0  sx126x_driver.o(i.SX126xSetRfFrequency)
    i.SX126xSetRfTxPower                     0x080041ec   Section        0  sx126x_driver.o(i.SX126xSetRfTxPower)
    i.SX126xSetRx                            0x080041f2   Section        0  sx126x_driver.o(i.SX126xSetRx)
    i.SX126xSetSleep                         0x0800421c   Section        0  sx126x_driver.o(i.SX126xSetSleep)
    i.SX126xSetStandby                       0x08004234   Section        0  sx126x_driver.o(i.SX126xSetStandby)
    i.SX126xSetStopRxTimerOnPreambleDetect   0x08004284   Section        0  sx126x_driver.o(i.SX126xSetStopRxTimerOnPreambleDetect)
    i.SX126xSetTx                            0x08004292   Section        0  sx126x_driver.o(i.SX126xSetTx)
    i.SX126xSetTxParams                      0x080042ba   Section        0  sx126x_driver.o(i.SX126xSetTxParams)
    i.SX126xSleep                            0x080042fc   Section        0  sx126x_driver.o(i.SX126xSleep)
    i.SX126xWaitOnBusy                       0x0800430c   Section        0  sx126x_hal.o(i.SX126xWaitOnBusy)
    i.SX126xWakeup                           0x0800431c   Section        0  sx126x_driver.o(i.SX126xWakeup)
    i.SX126xWriteBuffer                      0x0800433e   Section        0  sx126x_driver.o(i.SX126xWriteBuffer)
    i.SX126xWriteCommand                     0x0800437c   Section        0  sx126x_driver.o(i.SX126xWriteCommand)
    i.SX126xWriteRegister                    0x080043be   Section        0  sx126x_driver.o(i.SX126xWriteRegister)
    i.SX126xWriteRegisters                   0x080043ca   Section        0  sx126x_driver.o(i.SX126xWriteRegisters)
    i.SX126x_Lora_init                       0x08004410   Section        0  sx126x_driver.o(i.SX126x_Lora_init)
    i.Send_Byte                              0x080044dc   Section        0  oled.o(i.Send_Byte)
    i.SysTick_Handler                        0x08004534   Section        0  stm32l4xx_it.o(i.SysTick_Handler)
    i.SystemClock_Config                     0x08004542   Section        0  timer.o(i.SystemClock_Config)
    i.SystemInit                             0x080045bc   Section        0  system_stm32l4xx.o(i.SystemInit)
    i.TIM3_IRQHandler                        0x08004600   Section        0  stm32l4xx_it.o(i.TIM3_IRQHandler)
    i.TIM4_IRQHandler                        0x0800460c   Section        0  stm32l4xx_it.o(i.TIM4_IRQHandler)
    i.TIM_Base_SetConfig                     0x08004618   Section        0  stm32l4xx_hal_tim.o(i.TIM_Base_SetConfig)
    i.TIM_ETR_SetConfig                      0x080046d0   Section        0  stm32l4xx_hal_tim.o(i.TIM_ETR_SetConfig)
    i.TIM_ITRx_SetConfig                     0x080046e4   Section        0  stm32l4xx_hal_tim.o(i.TIM_ITRx_SetConfig)
    TIM_ITRx_SetConfig                       0x080046e5   Thumb Code    16  stm32l4xx_hal_tim.o(i.TIM_ITRx_SetConfig)
    i.TIM_TI1_ConfigInputStage               0x080046f4   Section        0  stm32l4xx_hal_tim.o(i.TIM_TI1_ConfigInputStage)
    TIM_TI1_ConfigInputStage                 0x080046f5   Thumb Code    34  stm32l4xx_hal_tim.o(i.TIM_TI1_ConfigInputStage)
    i.TIM_TI2_ConfigInputStage               0x08004716   Section        0  stm32l4xx_hal_tim.o(i.TIM_TI2_ConfigInputStage)
    TIM_TI2_ConfigInputStage                 0x08004717   Thumb Code    36  stm32l4xx_hal_tim.o(i.TIM_TI2_ConfigInputStage)
    i.UART2_REC_Process                      0x0800473c   Section        0  data_pro.o(i.UART2_REC_Process)
    i.UART2_SendByte                         0x08004798   Section        0  usart.o(i.UART2_SendByte)
    i.UART_AdvFeatureConfig                  0x080047ac   Section        0  stm32l4xx_hal_uart.o(i.UART_AdvFeatureConfig)
    i.UART_CheckIdleState                    0x08004874   Section        0  stm32l4xx_hal_uart.o(i.UART_CheckIdleState)
    i.UART_DMAAbortOnError                   0x080048d0   Section        0  stm32l4xx_hal_uart.o(i.UART_DMAAbortOnError)
    UART_DMAAbortOnError                     0x080048d1   Thumb Code    20  stm32l4xx_hal_uart.o(i.UART_DMAAbortOnError)
    i.UART_DMAError                          0x080048e4   Section        0  stm32l4xx_hal_uart.o(i.UART_DMAError)
    UART_DMAError                            0x080048e5   Thumb Code    74  stm32l4xx_hal_uart.o(i.UART_DMAError)
    i.UART_DMAReceiveCplt                    0x0800492e   Section        0  stm32l4xx_hal_uart.o(i.UART_DMAReceiveCplt)
    UART_DMAReceiveCplt                      0x0800492f   Thumb Code    62  stm32l4xx_hal_uart.o(i.UART_DMAReceiveCplt)
    i.UART_DMARxHalfCplt                     0x0800496c   Section        0  stm32l4xx_hal_uart.o(i.UART_DMARxHalfCplt)
    UART_DMARxHalfCplt                       0x0800496d   Thumb Code    10  stm32l4xx_hal_uart.o(i.UART_DMARxHalfCplt)
    i.UART_EndRxTransfer                     0x08004976   Section        0  stm32l4xx_hal_uart.o(i.UART_EndRxTransfer)
    UART_EndRxTransfer                       0x08004977   Thumb Code    28  stm32l4xx_hal_uart.o(i.UART_EndRxTransfer)
    i.UART_EndTxTransfer                     0x08004992   Section        0  stm32l4xx_hal_uart.o(i.UART_EndTxTransfer)
    UART_EndTxTransfer                       0x08004993   Thumb Code    18  stm32l4xx_hal_uart.o(i.UART_EndTxTransfer)
    i.UART_Receive_IT                        0x080049a4   Section        0  stm32l4xx_hal_uart.o(i.UART_Receive_IT)
    UART_Receive_IT                          0x080049a5   Thumb Code   118  stm32l4xx_hal_uart.o(i.UART_Receive_IT)
    i.UART_SetConfig                         0x08004a1c   Section        0  stm32l4xx_hal_uart.o(i.UART_SetConfig)
    i.UART_WaitOnFlagUntilTimeout            0x08004cb0   Section        0  stm32l4xx_hal_uart.o(i.UART_WaitOnFlagUntilTimeout)
    i.USART2_IRQHandler                      0x08004d14   Section        0  stm32l4xx_it.o(i.USART2_IRQHandler)
    i.UsageFault_Handler                     0x08004d28   Section        0  stm32l4xx_it.o(i.UsageFault_Handler)
    i.Usart2Receive_IDLE                     0x08004d2c   Section        0  usart.o(i.Usart2Receive_IDLE)
    i.Usart2SendData                         0x08004d6c   Section        0  usart.o(i.Usart2SendData)
    i.__ARM_fpclassify                       0x08004d84   Section        0  fpclassify.o(i.__ARM_fpclassify)
    i.__hardfp_pow                           0x08004db8   Section        0  pow.o(i.__hardfp_pow)
    i.__kernel_poly                          0x080059f0   Section        0  poly.o(i.__kernel_poly)
    i.__mathlib_dbl_divzero                  0x08005ae8   Section        0  dunder.o(i.__mathlib_dbl_divzero)
    i.__mathlib_dbl_infnan2                  0x08005b18   Section        0  dunder.o(i.__mathlib_dbl_infnan2)
    i.__mathlib_dbl_invalid                  0x08005b30   Section        0  dunder.o(i.__mathlib_dbl_invalid)
    i.__mathlib_dbl_overflow                 0x08005b50   Section        0  dunder.o(i.__mathlib_dbl_overflow)
    i.__mathlib_dbl_underflow                0x08005b70   Section        0  dunder.o(i.__mathlib_dbl_underflow)
    i.__scatterload_copy                     0x08005b90   Section       14  handlers.o(i.__scatterload_copy)
    i.__scatterload_null                     0x08005b9e   Section        2  handlers.o(i.__scatterload_null)
    i.__scatterload_zeroinit                 0x08005ba0   Section       14  handlers.o(i.__scatterload_zeroinit)
    i.__set_errno                            0x08005bb0   Section        0  errno.o(i.__set_errno)
    i.checksum                               0x08005bbc   Section        0  data_pro.o(i.checksum)
    i.fabs                                   0x08005bd4   Section        0  fabs.o(i.fabs)
    i.main                                   0x08005bec   Section        0  main_rx.o(i.main)
    i.sqrt                                   0x080060ae   Section        0  sqrt.o(i.sqrt)
    .constdata                               0x0800611c   Section     6080  oled.o(.constdata)
    .constdata                               0x080078dc   Section       64  system_stm32l4xx.o(.constdata)
    .constdata                               0x0800791c   Section        8  system_stm32l4xx.o(.constdata)
    .constdata                               0x08007928   Section      136  pow.o(.constdata)
    bp                                       0x08007928   Data          16  pow.o(.constdata)
    dp_h                                     0x08007938   Data          16  pow.o(.constdata)
    dp_l                                     0x08007948   Data          16  pow.o(.constdata)
    L                                        0x08007958   Data          48  pow.o(.constdata)
    P                                        0x08007988   Data          40  pow.o(.constdata)
    .constdata                               0x080079b0   Section        8  qnan.o(.constdata)
    .ARM.__AT_0x08080000                     0x08080000   Section        8  main_rx.o(.ARM.__AT_0x08080000)
    .data                                    0x20000000   Section        4  stm32l4xx_hal.o(.data)
    .data                                    0x20000004   Section       28  sx126x_driver.o(.data)
    OperatingMode                            0x20000004   Data           1  sx126x_driver.o(.data)
    .data                                    0x20000020   Section        4  system_stm32l4xx.o(.data)
    .data                                    0x20000024   Section        4  main_rx.o(.data)
    .data                                    0x20000028   Section       80  main_rx.o(.data)
    t                                        0x2000002b   Data           1  main_rx.o(.data)
    j                                        0x2000002c   Data           1  main_rx.o(.data)
    .data                                    0x20000078   Section        4  errno.o(.data)
    _errno                                   0x20000078   Data           4  errno.o(.data)
    .bss                                     0x2000007c   Section      120  timer.o(.bss)
    .bss                                     0x200000f4   Section       16  sx126x_driver.o(.bss)
    .bss                                     0x20000104   Section      100  sx126x_hal.o(.bss)
    .bss                                     0x20000168   Section     1152  oled.o(.bss)
    .bss                                     0x200005e8   Section     2048  stm32l4_flash.o(.bss)
    .bss                                     0x20000de8   Section      220  usart.o(.bss)
    .bss                                     0x20000ec4   Section       20  data_pro.o(.bss)
    .bss                                     0x20000ed8   Section       64  main_rx.o(.bss)
    STACK                                    0x20000f18   Section     2048  startup_stm32l476xx.o(STACK)

    Global Symbols

    Symbol Name                              Value     Ov Type        Size  Object(Section)

    BuildAttributes$$THM_ISAv4$E$P$D$K$B$S$7EM$VFPi3$EXTD16$VFPS$VFMA$PE$A:L22UL41UL21$X:L11$S22US41US21$IEEE1$IW$USESV6$~STKCKD$USESV7$~SHL$OTIME$ROPI$IEEEX$EBA8$MICROLIB$REQ8$PRES8$EABIv2 0x00000000   Number         0  anon$$obj.o ABSOLUTE
    __ARM_use_no_argv                        0x00000000   Number         0  main_rx.o ABSOLUTE
    __cpp_initialize__aeabi_                  - Undefined Weak Reference
    __cxa_finalize                            - Undefined Weak Reference
    __decompress                              - Undefined Weak Reference
    _clock_init                               - Undefined Weak Reference
    _microlib_exit                            - Undefined Weak Reference
    __Vectors_Size                           0x00000188   Number         0  startup_stm32l476xx.o ABSOLUTE
    __Vectors                                0x08000000   Data           4  startup_stm32l476xx.o(RESET)
    __Vectors_End                            0x08000188   Data           0  startup_stm32l476xx.o(RESET)
    __main                                   0x08000189   Thumb Code     0  entry.o(.ARM.Collect$$$$00000000)
    _main_stk                                0x08000189   Thumb Code     0  entry2.o(.ARM.Collect$$$$00000001)
    _main_scatterload                        0x0800018d   Thumb Code     0  entry5.o(.ARM.Collect$$$$00000004)
    __main_after_scatterload                 0x08000191   Thumb Code     0  entry5.o(.ARM.Collect$$$$00000004)
    _main_clock                              0x08000191   Thumb Code     0  entry7b.o(.ARM.Collect$$$$00000008)
    _main_cpp_init                           0x08000191   Thumb Code     0  entry8b.o(.ARM.Collect$$$$0000000A)
    _main_init                               0x08000191   Thumb Code     0  entry9a.o(.ARM.Collect$$$$0000000B)
    __rt_final_cpp                           0x08000199   Thumb Code     0  entry10a.o(.ARM.Collect$$$$0000000D)
    __rt_final_exit                          0x08000199   Thumb Code     0  entry11a.o(.ARM.Collect$$$$0000000F)
    Reset_Handler                            0x0800019d   Thumb Code     8  startup_stm32l476xx.o(.text)
    ADC1_2_IRQHandler                        0x080001b7   Thumb Code     0  startup_stm32l476xx.o(.text)
    ADC3_IRQHandler                          0x080001b7   Thumb Code     0  startup_stm32l476xx.o(.text)
    CAN1_RX0_IRQHandler                      0x080001b7   Thumb Code     0  startup_stm32l476xx.o(.text)
    CAN1_RX1_IRQHandler                      0x080001b7   Thumb Code     0  startup_stm32l476xx.o(.text)
    CAN1_SCE_IRQHandler                      0x080001b7   Thumb Code     0  startup_stm32l476xx.o(.text)
    CAN1_TX_IRQHandler                       0x080001b7   Thumb Code     0  startup_stm32l476xx.o(.text)
    COMP_IRQHandler                          0x080001b7   Thumb Code     0  startup_stm32l476xx.o(.text)
    DFSDM1_FLT0_IRQHandler                   0x080001b7   Thumb Code     0  startup_stm32l476xx.o(.text)
    DFSDM1_FLT1_IRQHandler                   0x080001b7   Thumb Code     0  startup_stm32l476xx.o(.text)
    DFSDM1_FLT2_IRQHandler                   0x080001b7   Thumb Code     0  startup_stm32l476xx.o(.text)
    DFSDM1_FLT3_IRQHandler                   0x080001b7   Thumb Code     0  startup_stm32l476xx.o(.text)
    DMA1_Channel1_IRQHandler                 0x080001b7   Thumb Code     0  startup_stm32l476xx.o(.text)
    DMA1_Channel2_IRQHandler                 0x080001b7   Thumb Code     0  startup_stm32l476xx.o(.text)
    DMA1_Channel3_IRQHandler                 0x080001b7   Thumb Code     0  startup_stm32l476xx.o(.text)
    DMA1_Channel4_IRQHandler                 0x080001b7   Thumb Code     0  startup_stm32l476xx.o(.text)
    DMA1_Channel5_IRQHandler                 0x080001b7   Thumb Code     0  startup_stm32l476xx.o(.text)
    DMA1_Channel6_IRQHandler                 0x080001b7   Thumb Code     0  startup_stm32l476xx.o(.text)
    DMA1_Channel7_IRQHandler                 0x080001b7   Thumb Code     0  startup_stm32l476xx.o(.text)
    DMA2_Channel1_IRQHandler                 0x080001b7   Thumb Code     0  startup_stm32l476xx.o(.text)
    DMA2_Channel2_IRQHandler                 0x080001b7   Thumb Code     0  startup_stm32l476xx.o(.text)
    DMA2_Channel3_IRQHandler                 0x080001b7   Thumb Code     0  startup_stm32l476xx.o(.text)
    DMA2_Channel4_IRQHandler                 0x080001b7   Thumb Code     0  startup_stm32l476xx.o(.text)
    DMA2_Channel5_IRQHandler                 0x080001b7   Thumb Code     0  startup_stm32l476xx.o(.text)
    DMA2_Channel6_IRQHandler                 0x080001b7   Thumb Code     0  startup_stm32l476xx.o(.text)
    DMA2_Channel7_IRQHandler                 0x080001b7   Thumb Code     0  startup_stm32l476xx.o(.text)
    EXTI2_IRQHandler                         0x080001b7   Thumb Code     0  startup_stm32l476xx.o(.text)
    FLASH_IRQHandler                         0x080001b7   Thumb Code     0  startup_stm32l476xx.o(.text)
    FMC_IRQHandler                           0x080001b7   Thumb Code     0  startup_stm32l476xx.o(.text)
    FPU_IRQHandler                           0x080001b7   Thumb Code     0  startup_stm32l476xx.o(.text)
    I2C1_ER_IRQHandler                       0x080001b7   Thumb Code     0  startup_stm32l476xx.o(.text)
    I2C1_EV_IRQHandler                       0x080001b7   Thumb Code     0  startup_stm32l476xx.o(.text)
    I2C2_ER_IRQHandler                       0x080001b7   Thumb Code     0  startup_stm32l476xx.o(.text)
    I2C2_EV_IRQHandler                       0x080001b7   Thumb Code     0  startup_stm32l476xx.o(.text)
    I2C3_ER_IRQHandler                       0x080001b7   Thumb Code     0  startup_stm32l476xx.o(.text)
    I2C3_EV_IRQHandler                       0x080001b7   Thumb Code     0  startup_stm32l476xx.o(.text)
    LCD_IRQHandler                           0x080001b7   Thumb Code     0  startup_stm32l476xx.o(.text)
    LPTIM1_IRQHandler                        0x080001b7   Thumb Code     0  startup_stm32l476xx.o(.text)
    LPTIM2_IRQHandler                        0x080001b7   Thumb Code     0  startup_stm32l476xx.o(.text)
    LPUART1_IRQHandler                       0x080001b7   Thumb Code     0  startup_stm32l476xx.o(.text)
    OTG_FS_IRQHandler                        0x080001b7   Thumb Code     0  startup_stm32l476xx.o(.text)
    PVD_PVM_IRQHandler                       0x080001b7   Thumb Code     0  startup_stm32l476xx.o(.text)
    QUADSPI_IRQHandler                       0x080001b7   Thumb Code     0  startup_stm32l476xx.o(.text)
    RCC_IRQHandler                           0x080001b7   Thumb Code     0  startup_stm32l476xx.o(.text)
    RNG_IRQHandler                           0x080001b7   Thumb Code     0  startup_stm32l476xx.o(.text)
    RTC_Alarm_IRQHandler                     0x080001b7   Thumb Code     0  startup_stm32l476xx.o(.text)
    RTC_WKUP_IRQHandler                      0x080001b7   Thumb Code     0  startup_stm32l476xx.o(.text)
    SAI1_IRQHandler                          0x080001b7   Thumb Code     0  startup_stm32l476xx.o(.text)
    SAI2_IRQHandler                          0x080001b7   Thumb Code     0  startup_stm32l476xx.o(.text)
    SDMMC1_IRQHandler                        0x080001b7   Thumb Code     0  startup_stm32l476xx.o(.text)
    SPI1_IRQHandler                          0x080001b7   Thumb Code     0  startup_stm32l476xx.o(.text)
    SPI2_IRQHandler                          0x080001b7   Thumb Code     0  startup_stm32l476xx.o(.text)
    SPI3_IRQHandler                          0x080001b7   Thumb Code     0  startup_stm32l476xx.o(.text)
    SWPMI1_IRQHandler                        0x080001b7   Thumb Code     0  startup_stm32l476xx.o(.text)
    TAMP_STAMP_IRQHandler                    0x080001b7   Thumb Code     0  startup_stm32l476xx.o(.text)
    TIM1_BRK_TIM15_IRQHandler                0x080001b7   Thumb Code     0  startup_stm32l476xx.o(.text)
    TIM1_CC_IRQHandler                       0x080001b7   Thumb Code     0  startup_stm32l476xx.o(.text)
    TIM1_TRG_COM_TIM17_IRQHandler            0x080001b7   Thumb Code     0  startup_stm32l476xx.o(.text)
    TIM1_UP_TIM16_IRQHandler                 0x080001b7   Thumb Code     0  startup_stm32l476xx.o(.text)
    TIM2_IRQHandler                          0x080001b7   Thumb Code     0  startup_stm32l476xx.o(.text)
    TIM5_IRQHandler                          0x080001b7   Thumb Code     0  startup_stm32l476xx.o(.text)
    TIM6_DAC_IRQHandler                      0x080001b7   Thumb Code     0  startup_stm32l476xx.o(.text)
    TIM7_IRQHandler                          0x080001b7   Thumb Code     0  startup_stm32l476xx.o(.text)
    TIM8_BRK_IRQHandler                      0x080001b7   Thumb Code     0  startup_stm32l476xx.o(.text)
    TIM8_CC_IRQHandler                       0x080001b7   Thumb Code     0  startup_stm32l476xx.o(.text)
    TIM8_TRG_COM_IRQHandler                  0x080001b7   Thumb Code     0  startup_stm32l476xx.o(.text)
    TIM8_UP_IRQHandler                       0x080001b7   Thumb Code     0  startup_stm32l476xx.o(.text)
    TSC_IRQHandler                           0x080001b7   Thumb Code     0  startup_stm32l476xx.o(.text)
    UART4_IRQHandler                         0x080001b7   Thumb Code     0  startup_stm32l476xx.o(.text)
    UART5_IRQHandler                         0x080001b7   Thumb Code     0  startup_stm32l476xx.o(.text)
    USART1_IRQHandler                        0x080001b7   Thumb Code     0  startup_stm32l476xx.o(.text)
    USART3_IRQHandler                        0x080001b7   Thumb Code     0  startup_stm32l476xx.o(.text)
    WWDG_IRQHandler                          0x080001b7   Thumb Code     0  startup_stm32l476xx.o(.text)
    __aeabi_uldivmod                         0x080001c1   Thumb Code    98  uldiv.o(.text)
    __aeabi_memcpy                           0x08000223   Thumb Code    36  memcpya.o(.text)
    __aeabi_memcpy4                          0x08000223   Thumb Code     0  memcpya.o(.text)
    __aeabi_memcpy8                          0x08000223   Thumb Code     0  memcpya.o(.text)
    memcmp                                   0x08000247   Thumb Code    26  memcmp.o(.text)
    __aeabi_ddiv                             0x08000261   Thumb Code   222  ddiv.o(.text)
    __aeabi_ui2d                             0x0800033f   Thumb Code    26  dfltui.o(.text)
    __aeabi_d2uiz                            0x08000359   Thumb Code    50  dfixui.o(.text)
    __aeabi_llsl                             0x0800038b   Thumb Code    30  llshl.o(.text)
    _ll_shift_l                              0x0800038b   Thumb Code     0  llshl.o(.text)
    __aeabi_llsr                             0x080003a9   Thumb Code    32  llushr.o(.text)
    _ll_ushift_r                             0x080003a9   Thumb Code     0  llushr.o(.text)
    __I$use$fp                               0x080003c9   Thumb Code     0  iusefp.o(.text)
    _double_round                            0x080003c9   Thumb Code    30  depilogue.o(.text)
    _double_epilogue                         0x080003e7   Thumb Code   156  depilogue.o(.text)
    __aeabi_dadd                             0x08000483   Thumb Code   322  dadd.o(.text)
    __aeabi_dsub                             0x080005c5   Thumb Code     6  dadd.o(.text)
    __aeabi_drsub                            0x080005cb   Thumb Code     6  dadd.o(.text)
    __aeabi_dmul                             0x080005d1   Thumb Code   228  dmul.o(.text)
    __ARM_scalbn                             0x080006b5   Thumb Code    46  dscalb.o(.text)
    scalbn                                   0x080006b5   Thumb Code     0  dscalb.o(.text)
    __aeabi_i2d                              0x080006e3   Thumb Code    34  dflti.o(.text)
    __aeabi_cdrcmple                         0x08000705   Thumb Code    48  cdrcmple.o(.text)
    __scatterload                            0x08000735   Thumb Code    28  init.o(.text)
    __scatterload_rt2                        0x08000735   Thumb Code     0  init.o(.text)
    __aeabi_lasr                             0x08000759   Thumb Code    36  llsshr.o(.text)
    _ll_sshift_r                             0x08000759   Thumb Code     0  llsshr.o(.text)
    _dsqrt                                   0x0800077d   Thumb Code   162  dsqrt.o(.text)
    BEEP_Init                                0x08000821   Thumb Code    62  beep.o(i.BEEP_Init)
    BusFault_Handler                         0x08000869   Thumb Code     2  stm32l4xx_it.o(i.BusFault_Handler)
    Clear_UART2_IT                           0x0800086d   Thumb Code    50  usart.o(i.Clear_UART2_IT)
    DIO1_DisableInterrupt                    0x080008a5   Thumb Code     4  sx126x_driver.o(i.DIO1_DisableInterrupt)
    DIO1_EnableInterrupt                     0x080008a9   Thumb Code     4  sx126x_driver.o(i.DIO1_EnableInterrupt)
    DIO1_GetState                            0x080008ad   Thumb Code     4  sx126x_driver.o(i.DIO1_GetState)
    DebugMon_Handler                         0x080008db   Thumb Code     2  stm32l4xx_it.o(i.DebugMon_Handler)
    EXTI0_IRQHandler                         0x080008dd   Thumb Code     6  stm32l4xx_it.o(i.EXTI0_IRQHandler)
    EXTI15_10_IRQHandler                     0x080008e3   Thumb Code     8  stm32l4xx_it.o(i.EXTI15_10_IRQHandler)
    EXTI1_IRQHandler                         0x080008eb   Thumb Code    24  stm32l4xx_it.o(i.EXTI1_IRQHandler)
    EXTI3_IRQHandler                         0x08000903   Thumb Code     2  stm32l4xx_it.o(i.EXTI3_IRQHandler)
    EXTI4_IRQHandler                         0x08000905   Thumb Code    24  stm32l4xx_it.o(i.EXTI4_IRQHandler)
    EXTI9_5_IRQHandler                       0x0800091d   Thumb Code     8  stm32l4xx_it.o(i.EXTI9_5_IRQHandler)
    Error_Handler                            0x08000925   Thumb Code     2  main_rx.o(i.Error_Handler)
    FLASH_PageErase                          0x08000929   Thumb Code    62  stm32l4xx_hal_flash_ex.o(i.FLASH_PageErase)
    FLASH_backup_Erase                       0x0800096d   Thumb Code   100  stm32l4_flash.o(i.FLASH_backup_Erase)
    Get_Temperature_Sensor                   0x080009d5   Thumb Code     6  data_pro.o(i.Get_Temperature_Sensor)
    HAL_DMA_Abort                            0x080009db   Thumb Code    68  stm32l4xx_hal_dma.o(i.HAL_DMA_Abort)
    HAL_DMA_Abort_IT                         0x08000a1f   Thumb Code    74  stm32l4xx_hal_dma.o(i.HAL_DMA_Abort_IT)
    HAL_DMA_Init                             0x08000a69   Thumb Code   202  stm32l4xx_hal_dma.o(i.HAL_DMA_Init)
    HAL_DMA_Start_IT                         0x08000b41   Thumb Code   112  stm32l4xx_hal_dma.o(i.HAL_DMA_Start_IT)
    HAL_Delay                                0x08000bb1   Thumb Code    28  stm32l4xx_hal.o(i.HAL_Delay)
    HAL_FLASH_Lock                           0x08000bcd   Thumb Code    14  stm32l4xx_hal_flash.o(i.HAL_FLASH_Lock)
    HAL_FLASH_Unlock                         0x08000be1   Thumb Code    24  stm32l4xx_hal_flash.o(i.HAL_FLASH_Unlock)
    HAL_GPIO_EXTI_Callback                   0x08000c05   Thumb Code   466  main_rx.o(i.HAL_GPIO_EXTI_Callback)
    HAL_GPIO_EXTI_IRQHandler                 0x08000df5   Thumb Code    18  stm32l4xx_hal_gpio.o(i.HAL_GPIO_EXTI_IRQHandler)
    HAL_GPIO_Init                            0x08000e0d   Thumb Code   424  stm32l4xx_hal_gpio.o(i.HAL_GPIO_Init)
    HAL_GPIO_ReadPin                         0x08000fd9   Thumb Code    10  stm32l4xx_hal_gpio.o(i.HAL_GPIO_ReadPin)
    HAL_GPIO_WritePin                        0x08000fe3   Thumb Code    10  stm32l4xx_hal_gpio.o(i.HAL_GPIO_WritePin)
    HAL_GetTick                              0x08000fed   Thumb Code     6  stm32l4xx_hal.o(i.HAL_GetTick)
    HAL_IncTick                              0x08000ff9   Thumb Code    10  stm32l4xx_hal.o(i.HAL_IncTick)
    HAL_Init                                 0x08001009   Thumb Code    22  stm32l4xx_hal.o(i.HAL_Init)
    HAL_InitTick                             0x08001021   Thumb Code    34  stm32l4xx_hal.o(i.HAL_InitTick)
    HAL_MspInit                              0x08001049   Thumb Code   122  stm32l4xx_hal_msp.o(i.HAL_MspInit)
    HAL_NVIC_DisableIRQ                      0x080010c9   Thumb Code    22  stm32l4xx_hal_cortex.o(i.HAL_NVIC_DisableIRQ)
    HAL_NVIC_EnableIRQ                       0x080010df   Thumb Code    22  stm32l4xx_hal_cortex.o(i.HAL_NVIC_EnableIRQ)
    HAL_NVIC_SetPriority                     0x080010f5   Thumb Code    60  stm32l4xx_hal_cortex.o(i.HAL_NVIC_SetPriority)
    HAL_NVIC_SetPriorityGrouping             0x08001135   Thumb Code    26  stm32l4xx_hal_cortex.o(i.HAL_NVIC_SetPriorityGrouping)
    HAL_PWREx_ControlVoltageScaling          0x08001159   Thumb Code    86  stm32l4xx_hal_pwr_ex.o(i.HAL_PWREx_ControlVoltageScaling)
    HAL_PWREx_GetVoltageRange                0x080011bd   Thumb Code    10  stm32l4xx_hal_pwr_ex.o(i.HAL_PWREx_GetVoltageRange)
    HAL_RCCEx_PeriphCLKConfig                0x080011cd   Thumb Code   924  stm32l4xx_hal_rcc_ex.o(i.HAL_RCCEx_PeriphCLKConfig)
    HAL_RCC_ClockConfig                      0x08001571   Thumb Code   364  stm32l4xx_hal_rcc.o(i.HAL_RCC_ClockConfig)
    HAL_RCC_GetHCLKFreq                      0x080016ed   Thumb Code     6  stm32l4xx_hal_rcc.o(i.HAL_RCC_GetHCLKFreq)
    HAL_RCC_GetPCLK1Freq                     0x080016f9   Thumb Code    34  stm32l4xx_hal_rcc.o(i.HAL_RCC_GetPCLK1Freq)
    HAL_RCC_GetPCLK2Freq                     0x08001729   Thumb Code    34  stm32l4xx_hal_rcc.o(i.HAL_RCC_GetPCLK2Freq)
    HAL_RCC_GetSysClockFreq                  0x08001759   Thumb Code   238  stm32l4xx_hal_rcc.o(i.HAL_RCC_GetSysClockFreq)
    HAL_RCC_OscConfig                        0x08001855   Thumb Code  1132  stm32l4xx_hal_rcc.o(i.HAL_RCC_OscConfig)
    HAL_SPI_Init                             0x08001cc1   Thumb Code   172  stm32l4xx_hal_spi.o(i.HAL_SPI_Init)
    HAL_SPI_MspInit                          0x08001d6d   Thumb Code     2  stm32l4xx_hal_spi.o(i.HAL_SPI_MspInit)
    HAL_SPI_TransmitReceive                  0x08001d6f   Thumb Code   558  stm32l4xx_hal_spi.o(i.HAL_SPI_TransmitReceive)
    HAL_SYSTICK_CLKSourceConfig              0x08001f9d   Thumb Code    24  stm32l4xx_hal_cortex.o(i.HAL_SYSTICK_CLKSourceConfig)
    HAL_SYSTICK_Callback                     0x08001fb5   Thumb Code     2  stm32l4xx_hal_cortex.o(i.HAL_SYSTICK_Callback)
    HAL_SYSTICK_Config                       0x08001fb7   Thumb Code    40  stm32l4xx_hal_cortex.o(i.HAL_SYSTICK_Config)
    HAL_SYSTICK_IRQHandler                   0x08001fdf   Thumb Code     8  stm32l4xx_hal_cortex.o(i.HAL_SYSTICK_IRQHandler)
    HAL_TIMEx_BreakCallback                  0x08001fe7   Thumb Code     2  stm32l4xx_hal_tim_ex.o(i.HAL_TIMEx_BreakCallback)
    HAL_TIMEx_CommutationCallback            0x08001fe9   Thumb Code     2  stm32l4xx_hal_tim_ex.o(i.HAL_TIMEx_CommutationCallback)
    HAL_TIMEx_MasterConfigSynchronization    0x08001fed   Thumb Code    78  stm32l4xx_hal_tim_ex.o(i.HAL_TIMEx_MasterConfigSynchronization)
    HAL_TIM_Base_Init                        0x08002045   Thumb Code    54  stm32l4xx_hal_tim.o(i.HAL_TIM_Base_Init)
    HAL_TIM_Base_MspInit                     0x0800207d   Thumb Code    86  timer.o(i.HAL_TIM_Base_MspInit)
    HAL_TIM_Base_Start_IT                    0x080020e1   Thumb Code    32  stm32l4xx_hal_tim.o(i.HAL_TIM_Base_Start_IT)
    HAL_TIM_Base_Stop_IT                     0x08002101   Thumb Code    42  stm32l4xx_hal_tim.o(i.HAL_TIM_Base_Stop_IT)
    HAL_TIM_ConfigClockSource                0x0800212d   Thumb Code   244  stm32l4xx_hal_tim.o(i.HAL_TIM_ConfigClockSource)
    HAL_TIM_IC_CaptureCallback               0x08002225   Thumb Code     2  stm32l4xx_hal_tim.o(i.HAL_TIM_IC_CaptureCallback)
    HAL_TIM_IRQHandler                       0x08002227   Thumb Code   358  stm32l4xx_hal_tim.o(i.HAL_TIM_IRQHandler)
    HAL_TIM_OC_DelayElapsedCallback          0x0800238d   Thumb Code     2  stm32l4xx_hal_tim.o(i.HAL_TIM_OC_DelayElapsedCallback)
    HAL_TIM_PWM_PulseFinishedCallback        0x0800238f   Thumb Code     2  stm32l4xx_hal_tim.o(i.HAL_TIM_PWM_PulseFinishedCallback)
    HAL_TIM_PeriodElapsedCallback            0x08002391   Thumb Code   102  main_rx.o(i.HAL_TIM_PeriodElapsedCallback)
    HAL_TIM_TriggerCallback                  0x08002409   Thumb Code     2  stm32l4xx_hal_tim.o(i.HAL_TIM_TriggerCallback)
    HAL_UARTEx_WakeupCallback                0x0800240b   Thumb Code     2  stm32l4xx_hal_uart_ex.o(i.HAL_UARTEx_WakeupCallback)
    HAL_UART_DMAStop                         0x0800240d   Thumb Code    84  stm32l4xx_hal_uart.o(i.HAL_UART_DMAStop)
    HAL_UART_ErrorCallback                   0x08002461   Thumb Code     2  stm32l4xx_hal_uart.o(i.HAL_UART_ErrorCallback)
    HAL_UART_IRQHandler                      0x08002465   Thumb Code   406  stm32l4xx_hal_uart.o(i.HAL_UART_IRQHandler)
    HAL_UART_Init                            0x08002601   Thumb Code   106  stm32l4xx_hal_uart.o(i.HAL_UART_Init)
    HAL_UART_MspInit                         0x0800266d   Thumb Code   124  usart.o(i.HAL_UART_MspInit)
    HAL_UART_Receive_DMA                     0x080026f9   Thumb Code   134  stm32l4xx_hal_uart.o(i.HAL_UART_Receive_DMA)
    HAL_UART_RxCpltCallback                  0x0800278d   Thumb Code     2  stm32l4xx_hal_uart.o(i.HAL_UART_RxCpltCallback)
    HAL_UART_RxHalfCpltCallback              0x0800278f   Thumb Code     2  stm32l4xx_hal_uart.o(i.HAL_UART_RxHalfCpltCallback)
    HAL_UART_TxCpltCallback                  0x08002791   Thumb Code     2  stm32l4xx_hal_uart.o(i.HAL_UART_TxCpltCallback)
    HardFault_Handler                        0x08002793   Thumb Code     2  stm32l4xx_it.o(i.HardFault_Handler)
    I2C_Start                                0x08002795   Thumb Code    52  oled.o(i.I2C_Start)
    I2C_Stop                                 0x080027cd   Thumb Code    42  oled.o(i.I2C_Stop)
    I2C_WaitAck                              0x080027fd   Thumb Code    30  oled.o(i.I2C_WaitAck)
    KEY_Init                                 0x08002821   Thumb Code   114  key.o(i.KEY_Init)
    LED_Init                                 0x080028a5   Thumb Code    62  led.o(i.LED_Init)
    LoRaConfig_Check                         0x080028e9   Thumb Code   182  sx126x_driver.o(i.LoRaConfig_Check)
    MCU_DMA_Init                             0x080029d5   Thumb Code    72  usart.o(i.MCU_DMA_Init)
    MX_TIM3_Init_Ms                          0x08002a21   Thumb Code    70  timer.o(i.MX_TIM3_Init_Ms)
    MX_TIM4_Init_Ms                          0x08002a71   Thumb Code    70  timer.o(i.MX_TIM4_Init_Ms)
    MX_USART2_UART_Init                      0x08002ac1   Thumb Code    36  usart.o(i.MX_USART2_UART_Init)
    MemManage_Handler                        0x08002aed   Thumb Code     2  stm32l4xx_it.o(i.MemManage_Handler)
    Module_setup                             0x08002af1   Thumb Code   286  data_pro.o(i.Module_setup)
    My_FLASH_ErasePage                       0x08002c49   Thumb Code    52  stm32l4_flash.o(i.My_FLASH_ErasePage)
    NMI_Handler                              0x08002c81   Thumb Code     2  stm32l4xx_it.o(i.NMI_Handler)
    OFF_Sleep_Timerout                       0x08002ca5   Thumb Code     6  timer.o(i.OFF_Sleep_Timerout)
    OFF_Timerout                             0x08002cb1   Thumb Code     6  timer.o(i.OFF_Timerout)
    OLED_Clear                               0x08002cbd   Thumb Code    38  oled.o(i.OLED_Clear)
    OLED_DrawPoint                           0x08002ce9   Thumb Code    54  oled.o(i.OLED_DrawPoint)
    OLED_Init                                0x08002d25   Thumb Code   386  oled.o(i.OLED_Init)
    OLED_Pow                                 0x08002eb5   Thumb Code    16  oled.o(i.OLED_Pow)
    OLED_Refresh                             0x08002ec5   Thumb Code    66  oled.o(i.OLED_Refresh)
    OLED_ShowChar                            0x08002f0d   Thumb Code   168  oled.o(i.OLED_ShowChar)
    OLED_ShowChar_N                          0x08002fc1   Thumb Code   168  oled.o(i.OLED_ShowChar_N)
    OLED_ShowNum                             0x08003075   Thumb Code   120  oled.o(i.OLED_ShowNum)
    OLED_ShowString                          0x080030ed   Thumb Code    68  oled.o(i.OLED_ShowString)
    OLED_ShowString_N                        0x08003131   Thumb Code    86  oled.o(i.OLED_ShowString_N)
    OLED_WR_Byte                             0x08003187   Thumb Code    54  oled.o(i.OLED_WR_Byte)
    ON_Sleep_Timerout                        0x080031bd   Thumb Code     6  timer.o(i.ON_Sleep_Timerout)
    ON_Timerout                              0x080031c9   Thumb Code     6  timer.o(i.ON_Timerout)
    PendSV_Handler                           0x080031d5   Thumb Code     2  stm32l4xx_it.o(i.PendSV_Handler)
    Program_Flash_Standard                   0x080031d9   Thumb Code    48  stm32l4_flash.o(i.Program_Flash_Standard)
    STMFLASH_Read2                           0x080036ab   Thumb Code    46  stm32l4_flash.o(i.STMFLASH_Read2)
    STMFLASH_Write                           0x080036d9   Thumb Code   208  stm32l4_flash.o(i.STMFLASH_Write)
    STMFLASH_Write_NoCheck                   0x080037b5   Thumb Code    38  stm32l4_flash.o(i.STMFLASH_Write_NoCheck)
    SVC_Handler                              0x080037db   Thumb Code     2  stm32l4xx_it.o(i.SVC_Handler)
    SX126XSwitchOff                          0x080037dd   Thumb Code    18  sx126x_driver.o(i.SX126XSwitchOff)
    SX126XWriteRxTx                          0x080037ef   Thumb Code    30  sx126x_driver.o(i.SX126XWriteRxTx)
    SX126X_Busy_GetState                     0x0800380d   Thumb Code     8  sx126x_hal.o(i.SX126X_Busy_GetState)
    SX126X_Busy_INPUT                        0x08003819   Thumb Code    48  sx126x_hal.o(i.SX126X_Busy_INPUT)
    SX126X_CAD_Sample                        0x08003851   Thumb Code    20  sx126x_driver.o(i.SX126X_CAD_Sample)
    SX126X_CADinit                           0x08003865   Thumb Code    70  sx126x_driver.o(i.SX126X_CADinit)
    SX126X_DIO1_GetState                     0x080038ad   Thumb Code     8  sx126x_hal.o(i.SX126X_DIO1_GetState)
    SX126X_DIO1_INPUT                        0x080038b9   Thumb Code    56  sx126x_hal.o(i.SX126X_DIO1_INPUT)
    SX126X_DIO1_INTDISABLE                   0x080038fd   Thumb Code     6  sx126x_hal.o(i.SX126X_DIO1_INTDISABLE)
    SX126X_DIO1_INTENABLE                    0x08003903   Thumb Code     6  sx126x_hal.o(i.SX126X_DIO1_INTENABLE)
    SX126X_DIO2_INPUT                        0x08003909   Thumb Code    58  sx126x_hal.o(i.SX126X_DIO2_INPUT)
    SX126X_InitIo                            0x08003951   Thumb Code    36  sx126x_driver.o(i.SX126X_InitIo)
    SX126X_NSS_OUTPUT                        0x08003975   Thumb Code    14  sx126x_hal.o(i.SX126X_NSS_OUTPUT)
    SX126X_RESET_OUTPUT                      0x08003985   Thumb Code    64  sx126x_hal.o(i.SX126X_RESET_OUTPUT)
    SX126X_ReadWriteByte                     0x080039c9   Thumb Code    28  sx126x_hal.o(i.SX126X_ReadWriteByte)
    SX126X_Reset                             0x080039e9   Thumb Code    36  sx126x_driver.o(i.SX126X_Reset)
    SX126X_RxPacket                          0x08003a0d   Thumb Code    46  sx126x_driver.o(i.SX126X_RxPacket)
    SX126X_SPIGPIO_Init                      0x08003a45   Thumb Code    90  sx126x_hal.o(i.SX126X_SPIGPIO_Init)
    SX126X_SPI_Init                          0x08003aa5   Thumb Code   128  sx126x_hal.o(i.SX126X_SPI_Init)
    SX126X_SWCTL1_OUTPUT                     0x08003b31   Thumb Code    62  sx126x_hal.o(i.SX126X_SWCTL1_OUTPUT)
    SX126X_SWCTL2_OUTPUT                     0x08003b79   Thumb Code    60  sx126x_hal.o(i.SX126X_SWCTL2_OUTPUT)
    SX126X_TxPacket                          0x08003bbd   Thumb Code    76  sx126x_driver.o(i.SX126X_TxPacket)
    SX126X_WORInit                           0x08003c11   Thumb Code     4  sx126x_driver.o(i.SX126X_WORInit)
    SX126X_WOR_Execute                       0x08003c15   Thumb Code    40  sx126x_driver.o(i.SX126X_WOR_Execute)
    SX126X_WOR_Exit                          0x08003c3d   Thumb Code    62  sx126x_driver.o(i.SX126X_WOR_Exit)
    SX126xCalibrate                          0x08003c7b   Thumb Code    14  sx126x_driver.o(i.SX126xCalibrate)
    SX126xCalibrateImage                     0x08003c89   Thumb Code    96  sx126x_driver.o(i.SX126xCalibrateImage)
    SX126xCalibrate_err                      0x08003cfd   Thumb Code    28  sx126x_driver.o(i.SX126xCalibrate_err)
    SX126xCheckDeviceReady                   0x08003d19   Thumb Code    24  sx126x_driver.o(i.SX126xCheckDeviceReady)
    SX126xClearDeviceErrors                  0x08003d35   Thumb Code    18  sx126x_driver.o(i.SX126xClearDeviceErrors)
    SX126xClearIrqStatus                     0x08003d47   Thumb Code    24  sx126x_driver.o(i.SX126xClearIrqStatus)
    SX126xClearTimeoutEvent                  0x08003d5f   Thumb Code    36  sx126x_driver.o(i.SX126xClearTimeoutEvent)
    SX126xGetDeviceErrors                    0x08003d83   Thumb Code    88  sx126x_driver.o(i.SX126xGetDeviceErrors)
    SX126xGetIrqStatus                       0x08003ddb   Thumb Code    20  sx126x_driver.o(i.SX126xGetIrqStatus)
    SX126xGetPacketStatus                    0x08003def   Thumb Code    56  sx126x_driver.o(i.SX126xGetPacketStatus)
    SX126xGetPayload                         0x08003e27   Thumb Code    10  sx126x_driver.o(i.SX126xGetPayload)
    SX126xGetRxBufferStatus                  0x08003e31   Thumb Code    44  sx126x_driver.o(i.SX126xGetRxBufferStatus)
    SX126xGetStatus                          0x08003e5d   Thumb Code    24  sx126x_driver.o(i.SX126xGetStatus)
    SX126xReadBuffer                         0x08003e75   Thumb Code    70  sx126x_driver.o(i.SX126xReadBuffer)
    SX126xReadCommand                        0x08003ebb   Thumb Code    64  sx126x_driver.o(i.SX126xReadCommand)
    SX126xReadRegister                       0x08003efb   Thumb Code    16  sx126x_driver.o(i.SX126xReadRegister)
    SX126xReadRegisters                      0x08003f0b   Thumb Code    76  sx126x_driver.o(i.SX126xReadRegisters)
    SX126xSendPayload                        0x08003f57   Thumb Code    24  sx126x_driver.o(i.SX126xSendPayload)
    SX126xSetBufferBaseAddress               0x08003f6f   Thumb Code    22  sx126x_driver.o(i.SX126xSetBufferBaseAddress)
    SX126xSetCad                             0x08003f85   Thumb Code    10  sx126x_driver.o(i.SX126xSetCad)
    SX126xSetCadParams                       0x08003f8f   Thumb Code    48  sx126x_driver.o(i.SX126xSetCadParams)
    SX126xSetDio3AsTcxoCtrl                  0x08003fbf   Thumb Code    38  sx126x_driver.o(i.SX126xSetDio3AsTcxoCtrl)
    SX126xSetDioIrqParams                    0x08003fe5   Thumb Code    54  sx126x_driver.o(i.SX126xSetDioIrqParams)
    SX126xSetLoRaSymbNumTimeout              0x0800401b   Thumb Code    14  sx126x_driver.o(i.SX126xSetLoRaSymbNumTimeout)
    SX126xSetLoraModulationParams            0x08004029   Thumb Code    94  sx126x_driver.o(i.SX126xSetLoraModulationParams)
    SX126xSetLoraPacketParams                0x0800408d   Thumb Code   114  sx126x_driver.o(i.SX126xSetLoraPacketParams)
    SX126xSetPaConfig                        0x08004105   Thumb Code    30  sx126x_driver.o(i.SX126xSetPaConfig)
    SX126xSetPacketType                      0x08004123   Thumb Code    30  sx126x_driver.o(i.SX126xSetPacketType)
    SX126xSetRegulatorMode                   0x08004141   Thumb Code    14  sx126x_driver.o(i.SX126xSetRegulatorMode)
    SX126xSetRfFrequency                     0x08004151   Thumb Code   122  sx126x_driver.o(i.SX126xSetRfFrequency)
    SX126xSetRfTxPower                       0x080041ed   Thumb Code     6  sx126x_driver.o(i.SX126xSetRfTxPower)
    SX126xSetRx                              0x080041f3   Thumb Code    40  sx126x_driver.o(i.SX126xSetRx)
    SX126xSetSleep                           0x0800421d   Thumb Code    20  sx126x_driver.o(i.SX126xSetSleep)
    SX126xSetStandby                         0x08004235   Thumb Code    74  sx126x_driver.o(i.SX126xSetStandby)
    SX126xSetStopRxTimerOnPreambleDetect     0x08004285   Thumb Code    14  sx126x_driver.o(i.SX126xSetStopRxTimerOnPreambleDetect)
    SX126xSetTx                              0x08004293   Thumb Code    40  sx126x_driver.o(i.SX126xSetTx)
    SX126xSetTxParams                        0x080042bb   Thumb Code    66  sx126x_driver.o(i.SX126xSetTxParams)
    SX126xSleep                              0x080042fd   Thumb Code    16  sx126x_driver.o(i.SX126xSleep)
    SX126xWaitOnBusy                         0x0800430d   Thumb Code    16  sx126x_hal.o(i.SX126xWaitOnBusy)
    SX126xWakeup                             0x0800431d   Thumb Code    34  sx126x_driver.o(i.SX126xWakeup)
    SX126xWriteBuffer                        0x0800433f   Thumb Code    62  sx126x_driver.o(i.SX126xWriteBuffer)
    SX126xWriteCommand                       0x0800437d   Thumb Code    66  sx126x_driver.o(i.SX126xWriteCommand)
    SX126xWriteRegister                      0x080043bf   Thumb Code    12  sx126x_driver.o(i.SX126xWriteRegister)
    SX126xWriteRegisters                     0x080043cb   Thumb Code    68  sx126x_driver.o(i.SX126xWriteRegisters)
    SX126x_Lora_init                         0x08004411   Thumb Code   200  sx126x_driver.o(i.SX126x_Lora_init)
    Send_Byte                                0x080044dd   Thumb Code    82  oled.o(i.Send_Byte)
    SysTick_Handler                          0x08004535   Thumb Code    14  stm32l4xx_it.o(i.SysTick_Handler)
    SystemClock_Config                       0x08004543   Thumb Code   122  timer.o(i.SystemClock_Config)
    SystemInit                               0x080045bd   Thumb Code    56  system_stm32l4xx.o(i.SystemInit)
    TIM3_IRQHandler                          0x08004601   Thumb Code     6  stm32l4xx_it.o(i.TIM3_IRQHandler)
    TIM4_IRQHandler                          0x0800460d   Thumb Code     6  stm32l4xx_it.o(i.TIM4_IRQHandler)
    TIM_Base_SetConfig                       0x08004619   Thumb Code   152  stm32l4xx_hal_tim.o(i.TIM_Base_SetConfig)
    TIM_ETR_SetConfig                        0x080046d1   Thumb Code    20  stm32l4xx_hal_tim.o(i.TIM_ETR_SetConfig)
    UART2_REC_Process                        0x0800473d   Thumb Code    82  data_pro.o(i.UART2_REC_Process)
    UART2_SendByte                           0x08004799   Thumb Code    16  usart.o(i.UART2_SendByte)
    UART_AdvFeatureConfig                    0x080047ad   Thumb Code   200  stm32l4xx_hal_uart.o(i.UART_AdvFeatureConfig)
    UART_CheckIdleState                      0x08004875   Thumb Code    92  stm32l4xx_hal_uart.o(i.UART_CheckIdleState)
    UART_SetConfig                           0x08004a1d   Thumb Code   612  stm32l4xx_hal_uart.o(i.UART_SetConfig)
    UART_WaitOnFlagUntilTimeout              0x08004cb1   Thumb Code    98  stm32l4xx_hal_uart.o(i.UART_WaitOnFlagUntilTimeout)
    USART2_IRQHandler                        0x08004d15   Thumb Code    16  stm32l4xx_it.o(i.USART2_IRQHandler)
    UsageFault_Handler                       0x08004d29   Thumb Code     2  stm32l4xx_it.o(i.UsageFault_Handler)
    Usart2Receive_IDLE                       0x08004d2d   Thumb Code    60  usart.o(i.Usart2Receive_IDLE)
    Usart2SendData                           0x08004d6d   Thumb Code    24  usart.o(i.Usart2SendData)
    __ARM_fpclassify                         0x08004d85   Thumb Code    48  fpclassify.o(i.__ARM_fpclassify)
    __hardfp_pow                             0x08004db9   Thumb Code  3044  pow.o(i.__hardfp_pow)
    __kernel_poly                            0x080059f1   Thumb Code   248  poly.o(i.__kernel_poly)
    __mathlib_dbl_divzero                    0x08005ae9   Thumb Code    28  dunder.o(i.__mathlib_dbl_divzero)
    __mathlib_dbl_infnan2                    0x08005b19   Thumb Code    20  dunder.o(i.__mathlib_dbl_infnan2)
    __mathlib_dbl_invalid                    0x08005b31   Thumb Code    24  dunder.o(i.__mathlib_dbl_invalid)
    __mathlib_dbl_overflow                   0x08005b51   Thumb Code    24  dunder.o(i.__mathlib_dbl_overflow)
    __mathlib_dbl_underflow                  0x08005b71   Thumb Code    24  dunder.o(i.__mathlib_dbl_underflow)
    __scatterload_copy                       0x08005b91   Thumb Code    14  handlers.o(i.__scatterload_copy)
    __scatterload_null                       0x08005b9f   Thumb Code     2  handlers.o(i.__scatterload_null)
    __scatterload_zeroinit                   0x08005ba1   Thumb Code    14  handlers.o(i.__scatterload_zeroinit)
    __set_errno                              0x08005bb1   Thumb Code     6  errno.o(i.__set_errno)
    checksum                                 0x08005bbd   Thumb Code    24  data_pro.o(i.checksum)
    fabs                                     0x08005bd5   Thumb Code    24  fabs.o(i.fabs)
    main                                     0x08005bed   Thumb Code  1218  main_rx.o(i.main)
    sqrt                                     0x080060af   Thumb Code   110  sqrt.o(i.sqrt)
    asc2_1206                                0x0800611c   Data        1140  oled.o(.constdata)
    asc2_1608                                0x08006590   Data        1520  oled.o(.constdata)
    asc2_2412                                0x08006b80   Data        3420  oled.o(.constdata)
    AHBPrescTable                            0x080078dc   Data          16  system_stm32l4xx.o(.constdata)
    MSIRangeTable                            0x080078ec   Data          48  system_stm32l4xx.o(.constdata)
    APBPrescTable                            0x0800791c   Data           8  system_stm32l4xx.o(.constdata)
    __mathlib_zero                           0x080079b0   Data           8  qnan.o(.constdata)
    Region$$Table$$Base                      0x080079b8   Number         0  anon$$obj.o(Region$$Table)
    Region$$Table$$Limit                     0x080079d8   Number         0  anon$$obj.o(Region$$Table)
    Defaut_AddrID                            0x08080000   Data           8  main_rx.o(.ARM.__AT_0x08080000)
    uwTick                                   0x20000000   Data           4  stm32l4xx_hal.o(.data)
    G_BandWidthKHz                           0x20000008   Data           4  sx126x_driver.o(.data)
    G_TsXms                                  0x2000000c   Data           4  sx126x_driver.o(.data)
    G_LoRaConfig                             0x20000010   Data          16  sx126x_driver.o(.data)
    SystemCoreClock                          0x20000020   Data           4  system_stm32l4xx.o(.data)
    WakeAddr                                 0x20000024   Data           4  main_rx.o(.data)
    TX_ING_Flag                              0x20000028   Data           1  main_rx.o(.data)
    SNR                                      0x20000029   Data           1  main_rx.o(.data)
    RSSI                                     0x2000002a   Data           1  main_rx.o(.data)
    SF                                       0x2000002d   Data           1  main_rx.o(.data)
    communication_states                     0x2000002e   Data           1  main_rx.o(.data)
    R_Cnt                                    0x20000030   Data           2  main_rx.o(.data)
    OK_Cnt                                   0x20000032   Data           2  main_rx.o(.data)
    Temperature_Data                         0x20000034   Data           2  main_rx.o(.data)
    Addr_ID                                  0x20000036   Data           4  main_rx.o(.data)
    T_Databuffer                             0x2000003a   Data           7  main_rx.o(.data)
    R_Addr_ID                                0x20000048   Data           8  main_rx.o(.data)
    Fre_Wake                                 0x20000050   Data          20  main_rx.o(.data)
    Fre_Read                                 0x20000064   Data          20  main_rx.o(.data)
    TIM3_InitStruct                          0x2000007c   Data          60  timer.o(.bss)
    TIM4_InitStruct                          0x200000b8   Data          60  timer.o(.bss)
    G_LoRaPara                               0x200000f4   Data          16  sx126x_driver.o(.bss)
    SPI3_InitStruct                          0x20000104   Data         100  sx126x_hal.o(.bss)
    OLED_GRAM                                0x20000168   Data        1152  oled.o(.bss)
    STMFLASH_BUF                             0x200005e8   Data        2048  stm32l4_flash.o(.bss)
    Usart2_RX                                0x20000de8   Data          34  usart.o(.bss)
    hdma_usart2_rx                           0x20000e0c   Data          72  usart.o(.bss)
    huart2                                   0x20000e54   Data         112  usart.o(.bss)
    R_Data                                   0x20000ec4   Data          20  data_pro.o(.bss)
    RXbuffer                                 0x20000ed8   Data          64  main_rx.o(.bss)
    __initial_sp                             0x20001718   Data           0  startup_stm32l476xx.o(STACK)



==============================================================================

Memory Map of the image

  Image Entry point : 0x08000189

  Load Region LR_IROM1 (Base: 0x08000000, Size: 0x00080084, Max: 0x00100000, ABSOLUTE)

    Execution Region ER_IROM1 (Base: 0x08000000, Size: 0x00080008, Max: 0x00100000, ABSOLUTE)

    Base Addr    Size         Type   Attr      Idx    E Section Name        Object

    0x08000000   0x00000188   Data   RO         4965    RESET               startup_stm32l476xx.o
    0x08000188   0x00000000   Code   RO         5240  * .ARM.Collect$$$$00000000  mc_w.l(entry.o)
    0x08000188   0x00000004   Code   RO         5322    .ARM.Collect$$$$00000001  mc_w.l(entry2.o)
    0x0800018c   0x00000004   Code   RO         5325    .ARM.Collect$$$$00000004  mc_w.l(entry5.o)
    0x08000190   0x00000000   Code   RO         5327    .ARM.Collect$$$$00000008  mc_w.l(entry7b.o)
    0x08000190   0x00000000   Code   RO         5329    .ARM.Collect$$$$0000000A  mc_w.l(entry8b.o)
    0x08000190   0x00000008   Code   RO         5330    .ARM.Collect$$$$0000000B  mc_w.l(entry9a.o)
    0x08000198   0x00000000   Code   RO         5332    .ARM.Collect$$$$0000000D  mc_w.l(entry10a.o)
    0x08000198   0x00000000   Code   RO         5334    .ARM.Collect$$$$0000000F  mc_w.l(entry11a.o)
    0x08000198   0x00000004   Code   RO         5323    .ARM.Collect$$$$00002712  mc_w.l(entry2.o)
    0x0800019c   0x00000024   Code   RO         4966    .text               startup_stm32l476xx.o
    0x080001c0   0x00000062   Code   RO         5243    .text               mc_w.l(uldiv.o)
    0x08000222   0x00000024   Code   RO         5245    .text               mc_w.l(memcpya.o)
    0x08000246   0x0000001a   Code   RO         5247    .text               mc_w.l(memcmp.o)
    0x08000260   0x000000de   Code   RO         5279    .text               mf_w.l(ddiv.o)
    0x0800033e   0x0000001a   Code   RO         5281    .text               mf_w.l(dfltui.o)
    0x08000358   0x00000032   Code   RO         5283    .text               mf_w.l(dfixui.o)
    0x0800038a   0x0000001e   Code   RO         5341    .text               mc_w.l(llshl.o)
    0x080003a8   0x00000020   Code   RO         5343    .text               mc_w.l(llushr.o)
    0x080003c8   0x00000000   Code   RO         5352    .text               mc_w.l(iusefp.o)
    0x080003c8   0x000000ba   Code   RO         5353    .text               mf_w.l(depilogue.o)
    0x08000482   0x0000014e   Code   RO         5355    .text               mf_w.l(dadd.o)
    0x080005d0   0x000000e4   Code   RO         5357    .text               mf_w.l(dmul.o)
    0x080006b4   0x0000002e   Code   RO         5361    .text               mf_w.l(dscalb.o)
    0x080006e2   0x00000022   Code   RO         5363    .text               mf_w.l(dflti.o)
    0x08000704   0x00000030   Code   RO         5367    .text               mf_w.l(cdrcmple.o)
    0x08000734   0x00000024   Code   RO         5369    .text               mc_w.l(init.o)
    0x08000758   0x00000024   Code   RO         5372    .text               mc_w.l(llsshr.o)
    0x0800077c   0x000000a2   Code   RO         5375    .text               mf_w.l(dsqrt.o)
    0x0800081e   0x00000002   PAD
    0x08000820   0x00000048   Code   RO         3926    i.BEEP_Init         beep.o
    0x08000868   0x00000002   Code   RO         5075    i.BusFault_Handler  stm32l4xx_it.o
    0x0800086a   0x00000002   PAD
    0x0800086c   0x00000038   Code   RO         4813    i.Clear_UART2_IT    usart.o
    0x080008a4   0x00000004   Code   RO         3956    i.DIO1_DisableInterrupt  sx126x_driver.o
    0x080008a8   0x00000004   Code   RO         3957    i.DIO1_EnableInterrupt  sx126x_driver.o
    0x080008ac   0x00000004   Code   RO         3958    i.DIO1_GetState     sx126x_driver.o
    0x080008b0   0x0000002a   Code   RO         1689    i.DMA_SetConfig     stm32l4xx_hal_dma.o
    0x080008da   0x00000002   Code   RO         5076    i.DebugMon_Handler  stm32l4xx_it.o
    0x080008dc   0x00000006   Code   RO         5077    i.EXTI0_IRQHandler  stm32l4xx_it.o
    0x080008e2   0x00000008   Code   RO         5078    i.EXTI15_10_IRQHandler  stm32l4xx_it.o
    0x080008ea   0x00000018   Code   RO         5079    i.EXTI1_IRQHandler  stm32l4xx_it.o
    0x08000902   0x00000002   Code   RO         5080    i.EXTI3_IRQHandler  stm32l4xx_it.o
    0x08000904   0x00000018   Code   RO         5081    i.EXTI4_IRQHandler  stm32l4xx_it.o
    0x0800091c   0x00000008   Code   RO         5082    i.EXTI9_5_IRQHandler  stm32l4xx_it.o
    0x08000924   0x00000002   Code   RO         5011    i.Error_Handler     main_rx.o
    0x08000926   0x00000002   PAD
    0x08000928   0x00000044   Code   RO          439    i.FLASH_PageErase   stm32l4xx_hal_flash_ex.o
    0x0800096c   0x00000068   Code   RO         4725    i.FLASH_backup_Erase  stm32l4_flash.o
    0x080009d4   0x00000006   Code   RO         4911    i.Get_Temperature_Sensor  data_pro.o
    0x080009da   0x00000044   Code   RO         1690    i.HAL_DMA_Abort     stm32l4xx_hal_dma.o
    0x08000a1e   0x0000004a   Code   RO         1691    i.HAL_DMA_Abort_IT  stm32l4xx_hal_dma.o
    0x08000a68   0x000000d8   Code   RO         1696    i.HAL_DMA_Init      stm32l4xx_hal_dma.o
    0x08000b40   0x00000070   Code   RO         1700    i.HAL_DMA_Start_IT  stm32l4xx_hal_dma.o
    0x08000bb0   0x0000001c   Code   RO         1501    i.HAL_Delay         stm32l4xx_hal.o
    0x08000bcc   0x00000014   Code   RO         1362    i.HAL_FLASH_Lock    stm32l4xx_hal_flash.o
    0x08000be0   0x00000024   Code   RO         1369    i.HAL_FLASH_Unlock  stm32l4xx_hal_flash.o
    0x08000c04   0x000001f0   Code   RO         5012    i.HAL_GPIO_EXTI_Callback  main_rx.o
    0x08000df4   0x00000018   Code   RO            6    i.HAL_GPIO_EXTI_IRQHandler  stm32l4xx_hal_gpio.o
    0x08000e0c   0x000001cc   Code   RO            7    i.HAL_GPIO_Init     stm32l4xx_hal_gpio.o
    0x08000fd8   0x0000000a   Code   RO            9    i.HAL_GPIO_ReadPin  stm32l4xx_hal_gpio.o
    0x08000fe2   0x0000000a   Code   RO           11    i.HAL_GPIO_WritePin  stm32l4xx_hal_gpio.o
    0x08000fec   0x0000000c   Code   RO         1505    i.HAL_GetTick       stm32l4xx_hal.o
    0x08000ff8   0x00000010   Code   RO         1506    i.HAL_IncTick       stm32l4xx_hal.o
    0x08001008   0x00000016   Code   RO         1507    i.HAL_Init          stm32l4xx_hal.o
    0x0800101e   0x00000002   PAD
    0x08001020   0x00000028   Code   RO         1508    i.HAL_InitTick      stm32l4xx_hal.o
    0x08001048   0x00000080   Code   RO         5205    i.HAL_MspInit       stm32l4xx_hal_msp.o
    0x080010c8   0x00000016   Code   RO          515    i.HAL_NVIC_DisableIRQ  stm32l4xx_hal_cortex.o
    0x080010de   0x00000016   Code   RO          516    i.HAL_NVIC_EnableIRQ  stm32l4xx_hal_cortex.o
    0x080010f4   0x00000040   Code   RO          522    i.HAL_NVIC_SetPriority  stm32l4xx_hal_cortex.o
    0x08001134   0x00000024   Code   RO          523    i.HAL_NVIC_SetPriorityGrouping  stm32l4xx_hal_cortex.o
    0x08001158   0x00000064   Code   RO          188    i.HAL_PWREx_ControlVoltageScaling  stm32l4xx_hal_pwr_ex.o
    0x080011bc   0x00000010   Code   RO          219    i.HAL_PWREx_GetVoltageRange  stm32l4xx_hal_pwr_ex.o
    0x080011cc   0x000003a4   Code   RO          752    i.HAL_RCCEx_PeriphCLKConfig  stm32l4xx_hal_rcc_ex.o
    0x08001570   0x0000017c   Code   RO          637    i.HAL_RCC_ClockConfig  stm32l4xx_hal_rcc.o
    0x080016ec   0x0000000c   Code   RO          641    i.HAL_RCC_GetHCLKFreq  stm32l4xx_hal_rcc.o
    0x080016f8   0x00000030   Code   RO          643    i.HAL_RCC_GetPCLK1Freq  stm32l4xx_hal_rcc.o
    0x08001728   0x00000030   Code   RO          644    i.HAL_RCC_GetPCLK2Freq  stm32l4xx_hal_rcc.o
    0x08001758   0x000000fc   Code   RO          645    i.HAL_RCC_GetSysClockFreq  stm32l4xx_hal_rcc.o
    0x08001854   0x0000046c   Code   RO          648    i.HAL_RCC_OscConfig  stm32l4xx_hal_rcc.o
    0x08001cc0   0x000000ac   Code   RO         1909    i.HAL_SPI_Init      stm32l4xx_hal_spi.o
    0x08001d6c   0x00000002   Code   RO         1911    i.HAL_SPI_MspInit   stm32l4xx_hal_spi.o
    0x08001d6e   0x0000022e   Code   RO         1918    i.HAL_SPI_TransmitReceive  stm32l4xx_hal_spi.o
    0x08001f9c   0x00000018   Code   RO          525    i.HAL_SYSTICK_CLKSourceConfig  stm32l4xx_hal_cortex.o
    0x08001fb4   0x00000002   Code   RO          526    i.HAL_SYSTICK_Callback  stm32l4xx_hal_cortex.o
    0x08001fb6   0x00000028   Code   RO          527    i.HAL_SYSTICK_Config  stm32l4xx_hal_cortex.o
    0x08001fde   0x00000008   Code   RO          528    i.HAL_SYSTICK_IRQHandler  stm32l4xx_hal_cortex.o
    0x08001fe6   0x00000002   Code   RO         2890    i.HAL_TIMEx_BreakCallback  stm32l4xx_hal_tim_ex.o
    0x08001fe8   0x00000002   Code   RO         2891    i.HAL_TIMEx_CommutationCallback  stm32l4xx_hal_tim_ex.o
    0x08001fea   0x00000002   PAD
    0x08001fec   0x00000058   Code   RO         2909    i.HAL_TIMEx_MasterConfigSynchronization  stm32l4xx_hal_tim_ex.o
    0x08002044   0x00000036   Code   RO         2251    i.HAL_TIM_Base_Init  stm32l4xx_hal_tim.o
    0x0800207a   0x00000002   PAD
    0x0800207c   0x00000064   Code   RO         3849    i.HAL_TIM_Base_MspInit  timer.o
    0x080020e0   0x00000020   Code   RO         2256    i.HAL_TIM_Base_Start_IT  stm32l4xx_hal_tim.o
    0x08002100   0x0000002a   Code   RO         2259    i.HAL_TIM_Base_Stop_IT  stm32l4xx_hal_tim.o
    0x0800212a   0x00000002   PAD
    0x0800212c   0x000000f8   Code   RO         2260    i.HAL_TIM_ConfigClockSource  stm32l4xx_hal_tim.o
    0x08002224   0x00000002   Code   RO         2280    i.HAL_TIM_IC_CaptureCallback  stm32l4xx_hal_tim.o
    0x08002226   0x00000166   Code   RO         2293    i.HAL_TIM_IRQHandler  stm32l4xx_hal_tim.o
    0x0800238c   0x00000002   Code   RO         2296    i.HAL_TIM_OC_DelayElapsedCallback  stm32l4xx_hal_tim.o
    0x0800238e   0x00000002   Code   RO         2323    i.HAL_TIM_PWM_PulseFinishedCallback  stm32l4xx_hal_tim.o
    0x08002390   0x00000078   Code   RO         5013    i.HAL_TIM_PeriodElapsedCallback  main_rx.o
    0x08002408   0x00000002   Code   RO         2334    i.HAL_TIM_TriggerCallback  stm32l4xx_hal_tim.o
    0x0800240a   0x00000002   Code   RO         3487    i.HAL_UARTEx_WakeupCallback  stm32l4xx_hal_uart_ex.o
    0x0800240c   0x00000054   Code   RO         3161    i.HAL_UART_DMAStop  stm32l4xx_hal_uart.o
    0x08002460   0x00000002   Code   RO         3163    i.HAL_UART_ErrorCallback  stm32l4xx_hal_uart.o
    0x08002462   0x00000002   PAD
    0x08002464   0x0000019c   Code   RO         3166    i.HAL_UART_IRQHandler  stm32l4xx_hal_uart.o
    0x08002600   0x0000006a   Code   RO         3167    i.HAL_UART_Init     stm32l4xx_hal_uart.o
    0x0800266a   0x00000002   PAD
    0x0800266c   0x0000008c   Code   RO         4817    i.HAL_UART_MspInit  usart.o
    0x080026f8   0x00000094   Code   RO         3171    i.HAL_UART_Receive_DMA  stm32l4xx_hal_uart.o
    0x0800278c   0x00000002   Code   RO         3173    i.HAL_UART_RxCpltCallback  stm32l4xx_hal_uart.o
    0x0800278e   0x00000002   Code   RO         3174    i.HAL_UART_RxHalfCpltCallback  stm32l4xx_hal_uart.o
    0x08002790   0x00000002   Code   RO         3178    i.HAL_UART_TxCpltCallback  stm32l4xx_hal_uart.o
    0x08002792   0x00000002   Code   RO         5083    i.HardFault_Handler  stm32l4xx_it.o
    0x08002794   0x00000038   Code   RO         4555    i.I2C_Start         oled.o
    0x080027cc   0x00000030   Code   RO         4556    i.I2C_Stop          oled.o
    0x080027fc   0x00000024   Code   RO         4557    i.I2C_WaitAck       oled.o
    0x08002820   0x00000084   Code   RO         3814    i.KEY_Init          key.o
    0x080028a4   0x00000044   Code   RO         3787    i.LED_Init          led.o
    0x080028e8   0x000000ec   Code   RO         3964    i.LoRaConfig_Check  sx126x_driver.o
    0x080029d4   0x0000004c   Code   RO         4818    i.MCU_DMA_Init      usart.o
    0x08002a20   0x00000050   Code   RO         3850    i.MX_TIM3_Init_Ms   timer.o
    0x08002a70   0x00000050   Code   RO         3851    i.MX_TIM4_Init_Ms   timer.o
    0x08002ac0   0x0000002c   Code   RO         4819    i.MX_USART2_UART_Init  usart.o
    0x08002aec   0x00000002   Code   RO         5084    i.MemManage_Handler  stm32l4xx_it.o
    0x08002aee   0x00000002   PAD
    0x08002af0   0x00000158   Code   RO         4912    i.Module_setup      data_pro.o
    0x08002c48   0x00000038   Code   RO         4726    i.My_FLASH_ErasePage  stm32l4_flash.o
    0x08002c80   0x00000002   Code   RO         5085    i.NMI_Handler       stm32l4xx_it.o
    0x08002c82   0x00000020   Code   RO          529    i.NVIC_SetPriority  stm32l4xx_hal_cortex.o
    0x08002ca2   0x00000002   PAD
    0x08002ca4   0x0000000c   Code   RO         3852    i.OFF_Sleep_Timerout  timer.o
    0x08002cb0   0x0000000c   Code   RO         3853    i.OFF_Timerout      timer.o
    0x08002cbc   0x0000002c   Code   RO         4558    i.OLED_Clear        oled.o
    0x08002ce8   0x0000003c   Code   RO         4565    i.OLED_DrawPoint    oled.o
    0x08002d24   0x00000190   Code   RO         4566    i.OLED_Init         oled.o
    0x08002eb4   0x00000010   Code   RO         4567    i.OLED_Pow          oled.o
    0x08002ec4   0x00000048   Code   RO         4568    i.OLED_Refresh      oled.o
    0x08002f0c   0x000000b4   Code   RO         4569    i.OLED_ShowChar     oled.o
    0x08002fc0   0x000000b4   Code   RO         4570    i.OLED_ShowChar_N   oled.o
    0x08003074   0x00000078   Code   RO         4571    i.OLED_ShowNum      oled.o
    0x080030ec   0x00000044   Code   RO         4573    i.OLED_ShowString   oled.o
    0x08003130   0x00000056   Code   RO         4574    i.OLED_ShowString_N  oled.o
    0x08003186   0x00000036   Code   RO         4576    i.OLED_WR_Byte      oled.o
    0x080031bc   0x0000000c   Code   RO         3854    i.ON_Sleep_Timerout  timer.o
    0x080031c8   0x0000000c   Code   RO         3855    i.ON_Timerout       timer.o
    0x080031d4   0x00000002   Code   RO         5086    i.PendSV_Handler    stm32l4xx_it.o
    0x080031d6   0x00000002   PAD
    0x080031d8   0x00000034   Code   RO         4728    i.Program_Flash_Standard  stm32l4_flash.o
    0x0800320c   0x0000016c   Code   RO          755    i.RCCEx_PLLSAI1_Config  stm32l4xx_hal_rcc_ex.o
    0x08003378   0x0000013c   Code   RO          756    i.RCCEx_PLLSAI2_Config  stm32l4xx_hal_rcc_ex.o
    0x080034b4   0x0000007c   Code   RO          649    i.RCC_SetFlashLatencyFromMSIRange  stm32l4xx_hal_rcc.o
    0x08003530   0x00000048   Code   RO         1947    i.SPI_EndRxTxTransaction  stm32l4xx_hal_spi.o
    0x08003578   0x0000009e   Code   RO         1952    i.SPI_WaitFifoStateUntilTimeout  stm32l4xx_hal_spi.o
    0x08003616   0x00000094   Code   RO         1953    i.SPI_WaitFlagStateUntilTimeout  stm32l4xx_hal_spi.o
    0x080036aa   0x0000002e   Code   RO         4730    i.STMFLASH_Read2    stm32l4_flash.o
    0x080036d8   0x000000dc   Code   RO         4733    i.STMFLASH_Write    stm32l4_flash.o
    0x080037b4   0x00000026   Code   RO         4734    i.STMFLASH_Write_NoCheck  stm32l4_flash.o
    0x080037da   0x00000002   Code   RO         5087    i.SVC_Handler       stm32l4xx_it.o
    0x080037dc   0x00000012   Code   RO         3965    i.SX126XSwitchOff   sx126x_driver.o
    0x080037ee   0x0000001e   Code   RO         3966    i.SX126XWriteRxTx   sx126x_driver.o
    0x0800380c   0x0000000c   Code   RO         4414    i.SX126X_Busy_GetState  sx126x_hal.o
    0x08003818   0x00000038   Code   RO         4415    i.SX126X_Busy_INPUT  sx126x_hal.o
    0x08003850   0x00000014   Code   RO         3968    i.SX126X_CAD_Sample  sx126x_driver.o
    0x08003864   0x00000046   Code   RO         3969    i.SX126X_CADinit    sx126x_driver.o
    0x080038aa   0x00000002   PAD
    0x080038ac   0x0000000c   Code   RO         4418    i.SX126X_DIO1_GetState  sx126x_hal.o
    0x080038b8   0x00000044   Code   RO         4419    i.SX126X_DIO1_INPUT  sx126x_hal.o
    0x080038fc   0x00000006   Code   RO         4420    i.SX126X_DIO1_INTDISABLE  sx126x_hal.o
    0x08003902   0x00000006   Code   RO         4421    i.SX126X_DIO1_INTENABLE  sx126x_hal.o
    0x08003908   0x00000048   Code   RO         4423    i.SX126X_DIO2_INPUT  sx126x_hal.o
    0x08003950   0x00000024   Code   RO         3970    i.SX126X_InitIo     sx126x_driver.o
    0x08003974   0x0000000e   Code   RO         4426    i.SX126X_NSS_OUTPUT  sx126x_hal.o
    0x08003982   0x00000002   PAD
    0x08003984   0x00000044   Code   RO         4427    i.SX126X_RESET_OUTPUT  sx126x_hal.o
    0x080039c8   0x00000020   Code   RO         4428    i.SX126X_ReadWriteByte  sx126x_hal.o
    0x080039e8   0x00000024   Code   RO         3971    i.SX126X_Reset      sx126x_driver.o
    0x08003a0c   0x00000038   Code   RO         3972    i.SX126X_RxPacket   sx126x_driver.o
    0x08003a44   0x00000060   Code   RO         4429    i.SX126X_SPIGPIO_Init  sx126x_hal.o
    0x08003aa4   0x0000008c   Code   RO         4430    i.SX126X_SPI_Init   sx126x_hal.o
    0x08003b30   0x00000048   Code   RO         4431    i.SX126X_SWCTL1_OUTPUT  sx126x_hal.o
    0x08003b78   0x00000044   Code   RO         4432    i.SX126X_SWCTL2_OUTPUT  sx126x_hal.o
    0x08003bbc   0x00000054   Code   RO         3974    i.SX126X_TxPacket   sx126x_driver.o
    0x08003c10   0x00000004   Code   RO         3975    i.SX126X_WORInit    sx126x_driver.o
    0x08003c14   0x00000028   Code   RO         3976    i.SX126X_WOR_Execute  sx126x_driver.o
    0x08003c3c   0x0000003e   Code   RO         3977    i.SX126X_WOR_Exit   sx126x_driver.o
    0x08003c7a   0x0000000e   Code   RO         3978    i.SX126xCalibrate   sx126x_driver.o
    0x08003c88   0x00000074   Code   RO         3979    i.SX126xCalibrateImage  sx126x_driver.o
    0x08003cfc   0x0000001c   Code   RO         3980    i.SX126xCalibrate_err  sx126x_driver.o
    0x08003d18   0x0000001c   Code   RO         3981    i.SX126xCheckDeviceReady  sx126x_driver.o
    0x08003d34   0x00000012   Code   RO         3982    i.SX126xClearDeviceErrors  sx126x_driver.o
    0x08003d46   0x00000018   Code   RO         3983    i.SX126xClearIrqStatus  sx126x_driver.o
    0x08003d5e   0x00000024   Code   RO         3984    i.SX126xClearTimeoutEvent  sx126x_driver.o
    0x08003d82   0x00000058   Code   RO         3985    i.SX126xGetDeviceErrors  sx126x_driver.o
    0x08003dda   0x00000014   Code   RO         3986    i.SX126xGetIrqStatus  sx126x_driver.o
    0x08003dee   0x00000038   Code   RO         3988    i.SX126xGetPacketStatus  sx126x_driver.o
    0x08003e26   0x0000000a   Code   RO         3989    i.SX126xGetPayload  sx126x_driver.o
    0x08003e30   0x0000002c   Code   RO         3991    i.SX126xGetRxBufferStatus  sx126x_driver.o
    0x08003e5c   0x00000018   Code   RO         3992    i.SX126xGetStatus   sx126x_driver.o
    0x08003e74   0x00000046   Code   RO         3993    i.SX126xReadBuffer  sx126x_driver.o
    0x08003eba   0x00000040   Code   RO         3994    i.SX126xReadCommand  sx126x_driver.o
    0x08003efa   0x00000010   Code   RO         3996    i.SX126xReadRegister  sx126x_driver.o
    0x08003f0a   0x0000004c   Code   RO         3997    i.SX126xReadRegisters  sx126x_driver.o
    0x08003f56   0x00000018   Code   RO         3998    i.SX126xSendPayload  sx126x_driver.o
    0x08003f6e   0x00000016   Code   RO         3999    i.SX126xSetBufferBaseAddress  sx126x_driver.o
    0x08003f84   0x0000000a   Code   RO         4000    i.SX126xSetCad      sx126x_driver.o
    0x08003f8e   0x00000030   Code   RO         4001    i.SX126xSetCadParams  sx126x_driver.o
    0x08003fbe   0x00000026   Code   RO         4003    i.SX126xSetDio3AsTcxoCtrl  sx126x_driver.o
    0x08003fe4   0x00000036   Code   RO         4004    i.SX126xSetDioIrqParams  sx126x_driver.o
    0x0800401a   0x0000000e   Code   RO         4006    i.SX126xSetLoRaSymbNumTimeout  sx126x_driver.o
    0x08004028   0x00000064   Code   RO         4007    i.SX126xSetLoraModulationParams  sx126x_driver.o
    0x0800408c   0x00000078   Code   RO         4008    i.SX126xSetLoraPacketParams  sx126x_driver.o
    0x08004104   0x0000001e   Code   RO         4009    i.SX126xSetPaConfig  sx126x_driver.o
    0x08004122   0x0000001e   Code   RO         4010    i.SX126xSetPacketType  sx126x_driver.o
    0x08004140   0x0000000e   Code   RO         4011    i.SX126xSetRegulatorMode  sx126x_driver.o
    0x0800414e   0x00000002   PAD
    0x08004150   0x0000009c   Code   RO         4012    i.SX126xSetRfFrequency  sx126x_driver.o
    0x080041ec   0x00000006   Code   RO         4013    i.SX126xSetRfTxPower  sx126x_driver.o
    0x080041f2   0x00000028   Code   RO         4014    i.SX126xSetRx       sx126x_driver.o
    0x0800421a   0x00000002   PAD
    0x0800421c   0x00000018   Code   RO         4015    i.SX126xSetSleep    sx126x_driver.o
    0x08004234   0x00000050   Code   RO         4016    i.SX126xSetStandby  sx126x_driver.o
    0x08004284   0x0000000e   Code   RO         4017    i.SX126xSetStopRxTimerOnPreambleDetect  sx126x_driver.o
    0x08004292   0x00000028   Code   RO         4018    i.SX126xSetTx       sx126x_driver.o
    0x080042ba   0x00000042   Code   RO         4019    i.SX126xSetTxParams  sx126x_driver.o
    0x080042fc   0x00000010   Code   RO         4020    i.SX126xSleep       sx126x_driver.o
    0x0800430c   0x00000010   Code   RO         4433    i.SX126xWaitOnBusy  sx126x_hal.o
    0x0800431c   0x00000022   Code   RO         4021    i.SX126xWakeup      sx126x_driver.o
    0x0800433e   0x0000003e   Code   RO         4022    i.SX126xWriteBuffer  sx126x_driver.o
    0x0800437c   0x00000042   Code   RO         4023    i.SX126xWriteCommand  sx126x_driver.o
    0x080043be   0x0000000c   Code   RO         4025    i.SX126xWriteRegister  sx126x_driver.o
    0x080043ca   0x00000044   Code   RO         4026    i.SX126xWriteRegisters  sx126x_driver.o
    0x0800440e   0x00000002   PAD
    0x08004410   0x000000cc   Code   RO         4027    i.SX126x_Lora_init  sx126x_driver.o
    0x080044dc   0x00000058   Code   RO         4577    i.Send_Byte         oled.o
    0x08004534   0x0000000e   Code   RO         5088    i.SysTick_Handler   stm32l4xx_it.o
    0x08004542   0x0000007a   Code   RO         3856    i.SystemClock_Config  timer.o
    0x080045bc   0x00000044   Code   RO         4974    i.SystemInit        system_stm32l4xx.o
    0x08004600   0x0000000c   Code   RO         5089    i.TIM3_IRQHandler   stm32l4xx_it.o
    0x0800460c   0x0000000c   Code   RO         5090    i.TIM4_IRQHandler   stm32l4xx_it.o
    0x08004618   0x000000b8   Code   RO         2335    i.TIM_Base_SetConfig  stm32l4xx_hal_tim.o
    0x080046d0   0x00000014   Code   RO         2342    i.TIM_ETR_SetConfig  stm32l4xx_hal_tim.o
    0x080046e4   0x00000010   Code   RO         2343    i.TIM_ITRx_SetConfig  stm32l4xx_hal_tim.o
    0x080046f4   0x00000022   Code   RO         2351    i.TIM_TI1_ConfigInputStage  stm32l4xx_hal_tim.o
    0x08004716   0x00000024   Code   RO         2353    i.TIM_TI2_ConfigInputStage  stm32l4xx_hal_tim.o
    0x0800473a   0x00000002   PAD
    0x0800473c   0x0000005c   Code   RO         4913    i.UART2_REC_Process  data_pro.o
    0x08004798   0x00000014   Code   RO         4820    i.UART2_SendByte    usart.o
    0x080047ac   0x000000c8   Code   RO         3180    i.UART_AdvFeatureConfig  stm32l4xx_hal_uart.o
    0x08004874   0x0000005c   Code   RO         3181    i.UART_CheckIdleState  stm32l4xx_hal_uart.o
    0x080048d0   0x00000014   Code   RO         3182    i.UART_DMAAbortOnError  stm32l4xx_hal_uart.o
    0x080048e4   0x0000004a   Code   RO         3183    i.UART_DMAError     stm32l4xx_hal_uart.o
    0x0800492e   0x0000003e   Code   RO         3184    i.UART_DMAReceiveCplt  stm32l4xx_hal_uart.o
    0x0800496c   0x0000000a   Code   RO         3186    i.UART_DMARxHalfCplt  stm32l4xx_hal_uart.o
    0x08004976   0x0000001c   Code   RO         3192    i.UART_EndRxTransfer  stm32l4xx_hal_uart.o
    0x08004992   0x00000012   Code   RO         3193    i.UART_EndTxTransfer  stm32l4xx_hal_uart.o
    0x080049a4   0x00000076   Code   RO         3194    i.UART_Receive_IT   stm32l4xx_hal_uart.o
    0x08004a1a   0x00000002   PAD
    0x08004a1c   0x00000294   Code   RO         3195    i.UART_SetConfig    stm32l4xx_hal_uart.o
    0x08004cb0   0x00000062   Code   RO         3196    i.UART_WaitOnFlagUntilTimeout  stm32l4xx_hal_uart.o
    0x08004d12   0x00000002   PAD
    0x08004d14   0x00000014   Code   RO         5091    i.USART2_IRQHandler  stm32l4xx_it.o
    0x08004d28   0x00000002   Code   RO         5092    i.UsageFault_Handler  stm32l4xx_it.o
    0x08004d2a   0x00000002   PAD
    0x08004d2c   0x00000040   Code   RO         4822    i.Usart2Receive_IDLE  usart.o
    0x08004d6c   0x00000018   Code   RO         4823    i.Usart2SendData    usart.o
    0x08004d84   0x00000030   Code   RO         5305    i.__ARM_fpclassify  m_wm.l(fpclassify.o)
    0x08004db4   0x00000004   PAD
    0x08004db8   0x00000c38   Code   RO         5226    i.__hardfp_pow      m_wm.l(pow.o)
    0x080059f0   0x000000f8   Code   RO         5307    i.__kernel_poly     m_wm.l(poly.o)
    0x08005ae8   0x00000030   Code   RO         5285    i.__mathlib_dbl_divzero  m_wm.l(dunder.o)
    0x08005b18   0x00000014   Code   RO         5287    i.__mathlib_dbl_infnan2  m_wm.l(dunder.o)
    0x08005b2c   0x00000004   PAD
    0x08005b30   0x00000020   Code   RO         5288    i.__mathlib_dbl_invalid  m_wm.l(dunder.o)
    0x08005b50   0x00000020   Code   RO         5289    i.__mathlib_dbl_overflow  m_wm.l(dunder.o)
    0x08005b70   0x00000020   Code   RO         5291    i.__mathlib_dbl_underflow  m_wm.l(dunder.o)
    0x08005b90   0x0000000e   Code   RO         5381    i.__scatterload_copy  mc_w.l(handlers.o)
    0x08005b9e   0x00000002   Code   RO         5382    i.__scatterload_null  mc_w.l(handlers.o)
    0x08005ba0   0x0000000e   Code   RO         5383    i.__scatterload_zeroinit  mc_w.l(handlers.o)
    0x08005bae   0x00000002   PAD
    0x08005bb0   0x0000000c   Code   RO         5347    i.__set_errno       mc_w.l(errno.o)
    0x08005bbc   0x00000018   Code   RO         4914    i.checksum          data_pro.o
    0x08005bd4   0x00000018   Code   RO         5301    i.fabs              m_wm.l(fabs.o)
    0x08005bec   0x000004c2   Code   RO         5014    i.main              main_rx.o
    0x080060ae   0x0000006e   Code   RO         5312    i.sqrt              m_wm.l(sqrt.o)
    0x0800611c   0x000017c0   Data   RO         4579    .constdata          oled.o
    0x080078dc   0x00000040   Data   RO         4975    .constdata          system_stm32l4xx.o
    0x0800791c   0x00000008   Data   RO         4976    .constdata          system_stm32l4xx.o
    0x08007924   0x00000004   PAD
    0x08007928   0x00000088   Data   RO         5229    .constdata          m_wm.l(pow.o)
    0x080079b0   0x00000008   Data   RO         5309    .constdata          m_wm.l(qnan.o)
    0x080079b8   0x00000020   Data   RO         5379    Region$$Table       anon$$obj.o
    0x080079d8   0x00078628   PAD
    0x08080000   0x00000008   Data   RW         5015    .ARM.__AT_0x08080000  main_rx.o


    Execution Region RW_IRAM1 (Base: 0x20000000, Size: 0x00001718, Max: 0x00018000, ABSOLUTE)

    Base Addr    Size         Type   Attr      Idx    E Section Name        Object

    0x20000000   0x00000004   Data   RW         1523    .data               stm32l4xx_hal.o
    0x20000004   0x0000001c   Data   RW         4030    .data               sx126x_driver.o
    0x20000020   0x00000004   Data   RW         4977    .data               system_stm32l4xx.o
    0x20000024   0x00000004   Data   RW         5017    .data               main_rx.o
    0x20000028   0x00000050   Data   RW         5018    .data               main_rx.o
    0x20000078   0x00000004   Data   RW         5348    .data               mc_w.l(errno.o)
    0x2000007c   0x00000078   Zero   RW         3857    .bss                timer.o
    0x200000f4   0x00000010   Zero   RW         4029    .bss                sx126x_driver.o
    0x20000104   0x00000064   Zero   RW         4434    .bss                sx126x_hal.o
    0x20000168   0x00000480   Zero   RW         4578    .bss                oled.o
    0x200005e8   0x00000800   Zero   RW         4735    .bss                stm32l4_flash.o
    0x20000de8   0x000000dc   Zero   RW         4824    .bss                usart.o
    0x20000ec4   0x00000014   Zero   RW         4915    .bss                data_pro.o
    0x20000ed8   0x00000040   Zero   RW         5016    .bss                main_rx.o
    0x20000f18   0x00000800   Zero   RW         4963    STACK               startup_stm32l476xx.o


==============================================================================

Image component sizes


      Code (inc. data)   RO Data    RW Data    ZI Data      Debug   Object Name

        72         10          0          0          0       1052   beep.o
       466         74          0          0         20       4582   data_pro.o
       132         18          0          0          0       1111   key.o
        68          6          0          0          0       1043   led.o
      1836        192          0         92         64       5433   main_rx.o
      1508         78       6080          0       1152      11594   oled.o
        36          8        392          0       2048        840   startup_stm32l476xx.o
       516         24          0          0       2048       5601   stm32l4_flash.o
       118         18          0          4          0       4399   stm32l4xx_hal.o
       250         14          0          0          0      32839   stm32l4xx_hal_cortex.o
       512         14          0          0          0       4121   stm32l4xx_hal_dma.o
        56         18          0          0          0       1264   stm32l4xx_hal_flash.o
        68          6          0          0          0        638   stm32l4xx_hal_flash_ex.o
       504         42          0          0          0     841274   stm32l4xx_hal_gpio.o
       128          6          0          0          0        998   stm32l4xx_hal_msp.o
       116         20          0          0          0       1414   stm32l4xx_hal_pwr_ex.o
      1996         96          0          0          0       7268   stm32l4xx_hal_rcc.o
      1612         38          0          0          0       4028   stm32l4xx_hal_rcc_ex.o
      1110          0          0          0          0       5499   stm32l4xx_hal_spi.o
      1032         36          0          0          0      10700   stm32l4xx_hal_tim.o
        92         10          0          0          0       2690   stm32l4xx_hal_tim_ex.o
      2138         88          0          0          0      14540   stm32l4xx_hal_uart.o
         2          0          0          0          0       1096   stm32l4xx_hal_uart_ex.o
       146         16          0          0          0       9234   stm32l4xx_it.o
      2828        168          0         28         16      44115   sx126x_driver.o
       738         86          0          0        100      10235   sx126x_hal.o
        68         12         72          4          0       1353   system_stm32l4xx.o
       430         58          0          0        120       5816   timer.o
       424         42          0          0        220       5774   usart.o

    ----------------------------------------------------------------------
     19042       1198       6580     493224       5788    1040551   Object Totals
         0          0         32          0          0          0   (incl. Generated)
        40          0          4     493096          0          0   (incl. Padding)

    ----------------------------------------------------------------------

      Code (inc. data)   RO Data    RW Data    ZI Data      Debug   Library Member Name

       164         44          0          0          0        620   dunder.o
        24          0          0          0          0        124   fabs.o
        48          0          0          0          0        124   fpclassify.o
       248          0          0          0          0        152   poly.o
      3128        302        136          0          0        356   pow.o
         0          0          8          0          0          0   qnan.o
       110          0          0          0          0        148   sqrt.o
         0          0          0          0          0          0   entry.o
         0          0          0          0          0          0   entry10a.o
         0          0          0          0          0          0   entry11a.o
         8          4          0          0          0          0   entry2.o
         4          0          0          0          0          0   entry5.o
         0          0          0          0          0          0   entry7b.o
         0          0          0          0          0          0   entry8b.o
         8          4          0          0          0          0   entry9a.o
        12          6          0          4          0         68   errno.o
        30          0          0          0          0          0   handlers.o
        36          8          0          0          0         68   init.o
         0          0          0          0          0          0   iusefp.o
        30          0          0          0          0         68   llshl.o
        36          0          0          0          0         68   llsshr.o
        32          0          0          0          0         68   llushr.o
        26          0          0          0          0         80   memcmp.o
        36          0          0          0          0         68   memcpya.o
        98          0          0          0          0         92   uldiv.o
        48          0          0          0          0         68   cdrcmple.o
       334          0          0          0          0        148   dadd.o
       222          0          0          0          0        100   ddiv.o
       186          0          0          0          0        176   depilogue.o
        50          0          0          0          0         76   dfixui.o
        34          0          0          0          0         76   dflti.o
        26          0          0          0          0         76   dfltui.o
       228          0          0          0          0         96   dmul.o
        46          0          0          0          0         80   dscalb.o
       162          0          0          0          0        100   dsqrt.o

    ----------------------------------------------------------------------
      5426        368        144          4          0       3100   Library Totals
        12          0          0          0          0          0   (incl. Padding)

    ----------------------------------------------------------------------

      Code (inc. data)   RO Data    RW Data    ZI Data      Debug   Library Name

      3722        346        144          0          0       1524   m_wm.l
       356         22          0          4          0        580   mc_w.l
      1336          0          0          0          0        996   mf_w.l

    ----------------------------------------------------------------------
      5426        368        144          4          0       3100   Library Totals

    ----------------------------------------------------------------------

==============================================================================


      Code (inc. data)   RO Data    RW Data    ZI Data      Debug   

     24468       1566       6724     493228       5788    1020675   Grand Totals
     24468       1566       6724     493228       5788    1020675   ELF Image Totals
     24468       1566       6724     493228          0          0   ROM Totals

==============================================================================

    Total RO  Size (Code + RO Data)                31192 (  30.46kB)
    Total RW  Size (RW Data + ZI Data)            499016 ( 487.32kB)
    Total ROM Size (Code + RO Data + RW Data)     524420 ( 512.13kB)

==============================================================================

