<html>
<body>
<pre>
<h1>µVision Build Log</h1>
<h2>Tool Versions:</h2>
IDE-Version: ¦ÌVision V5.30.0.0
Copyright (C) 2020 ARM Ltd and ARM Germany GmbH. All rights reserved.
License Information: cheng feng, LSD, LIC=UB4EI-T3SBM-IN3A7-E6IXF-2QW63-QC0MI
 
Tool Versions:
Toolchain:       MDK-ARM Professional  Version: 5.30.0.0
Toolchain Path:  D:\Keil_v5\ARM\ARMCC\Bin
C Compiler:      Armcc.exe V5.06 update 6 (build 750)
Assembler:       Armasm.exe V5.06 update 6 (build 750)
Linker/Locator:  ArmLink.exe V5.06 update 6 (build 750)
Library Manager: ArmAr.exe V5.06 update 6 (build 750)
Hex Converter:   FromElf.exe V5.06 update 6 (build 750)
CPU DLL:         SARMCM3.DLL V5.30.0.0
Dialog DLL:      DCM.DLL V1.17.3.0
Target DLL:      Segger\JL2CM3.dll V2.99.38.0
Dialog DLL:      TCM.DLL V1.42.0.0
 
<h2>Project:</h2>
E:\Works\study\Semtech\SX126X\CODE\STM32L4\1.3 OLED\200831\SX126X_LoRa(1.3OLED)_200831\MDK-ARM\LSD4RF-Test2002.uvprojx
Project File Date:  12/23/2020

<h2>Output:</h2>
*** Using Compiler 'V5.06 update 6 (build 750)', folder: 'D:\Keil_v5\ARM\ARMCC\Bin'
Build target 'RX'
compiling main_RX.c...
..\HARDWARE\SX126X\SX126X_Driver.h(510): warning:  #1295-D: Deprecated declaration SX126xCalibrate_err - give arg types
  void SX126xCalibrate_err();
..\HARDWARE\SX126X\SX126X_Driver.h(538): warning:  #1295-D: Deprecated declaration LSD_RF_RXmode - give arg types
  void LSD_RF_RXmode();
..\Src\main_RX.c: 2 warnings, 0 errors
linking...
Program Size: Code=19454 RO-data=6722 RW-data=80 ZI-data=3568  
FromELF: creating hex file...
"LSD4RF-Test2002\LSD4RF-Test2002.axf" - 0 Error(s), 2 Warning(s).

<h2>Software Packages used:</h2>

Package Vendor: ARM
                http://www.keil.com/pack/ARM.CMSIS.5.7.0.pack
                ARM.CMSIS.5.7.0
                CMSIS (Cortex Microcontroller Software Interface Standard)
   * Component: CORE Version: 5.4.0

Package Vendor: Keil
                http://www.keil.com/pack/Keil.STM32L4xx_DFP.2.0.0.pack
                Keil.STM32L4xx_DFP.2.0.0
                STMicroelectronics STM32L4 Series Device Support, Drivers and Examples

<h2>Collection of Component include folders:</h2>
  .\RTE\_RX
  D:\Keil_v5\Arm\Packs\ARM\CMSIS\5.7.0\CMSIS\Core\Include
  D:\Keil_v5\Arm\Packs\Keil\STM32L4xx_DFP\2.0.0\Drivers\CMSIS\Device\ST\STM32L4xx\Include

<h2>Collection of Component Files used:</h2>

   * Component: ARM::CMSIS:CORE:5.4.0
Build Time Elapsed:  00:00:07
</pre>
</body>
</html>
