Component: ARM Compiler 5.06 update 6 (build 750) Tool: armlink [4d35ed]

==============================================================================

Section Cross References

    stm32l4xx_hal_gpio.o(i.HAL_GPIO_EXTI_IRQHandler) refers to main_tx.o(i.HAL_GPIO_EXTI_Callback) for HAL_GPIO_EXTI_Callback
    stm32l4xx_hal_pwr_ex.o(i.HAL_PWREx_ControlVoltageScaling) refers to system_stm32l4xx.o(.data) for SystemCoreClock
    stm32l4xx_hal_pwr_ex.o(i.HAL_PWREx_DisableLowPowerRunMode) refers to system_stm32l4xx.o(.data) for SystemCoreClock
    stm32l4xx_hal_pwr_ex.o(i.HAL_PWREx_PVD_PVM_IRQHandler) refers to stm32l4xx_hal_pwr.o(i.HAL_PWR_PVDCallback) for HAL_PWR_PVDCallback
    stm32l4xx_hal_pwr_ex.o(i.HAL_PWREx_PVD_PVM_IRQHandler) refers to stm32l4xx_hal_pwr_ex.o(i.HAL_PWREx_PVM1Callback) for HAL_PWREx_PVM1Callback
    stm32l4xx_hal_pwr_ex.o(i.HAL_PWREx_PVD_PVM_IRQHandler) refers to stm32l4xx_hal_pwr_ex.o(i.HAL_PWREx_PVM2Callback) for HAL_PWREx_PVM2Callback
    stm32l4xx_hal_pwr_ex.o(i.HAL_PWREx_PVD_PVM_IRQHandler) refers to stm32l4xx_hal_pwr_ex.o(i.HAL_PWREx_PVM3Callback) for HAL_PWREx_PVM3Callback
    stm32l4xx_hal_pwr_ex.o(i.HAL_PWREx_PVD_PVM_IRQHandler) refers to stm32l4xx_hal_pwr_ex.o(i.HAL_PWREx_PVM4Callback) for HAL_PWREx_PVM4Callback
    stm32l4xx_hal_flash_ex.o(i.FLASH_FlushCaches) refers to stm32l4xx_hal_flash.o(.bss) for pFlash
    stm32l4xx_hal_flash_ex.o(i.FLASH_OB_PCROPConfig) refers to stm32l4xx_hal_flash.o(i.FLASH_WaitForLastOperation) for FLASH_WaitForLastOperation
    stm32l4xx_hal_flash_ex.o(i.FLASH_OB_RDPConfig) refers to stm32l4xx_hal_flash.o(i.FLASH_WaitForLastOperation) for FLASH_WaitForLastOperation
    stm32l4xx_hal_flash_ex.o(i.FLASH_OB_UserConfig) refers to stm32l4xx_hal_flash.o(i.FLASH_WaitForLastOperation) for FLASH_WaitForLastOperation
    stm32l4xx_hal_flash_ex.o(i.FLASH_OB_WRPConfig) refers to stm32l4xx_hal_flash.o(i.FLASH_WaitForLastOperation) for FLASH_WaitForLastOperation
    stm32l4xx_hal_flash_ex.o(i.HAL_FLASHEx_Erase) refers to stm32l4xx_hal_flash.o(i.FLASH_WaitForLastOperation) for FLASH_WaitForLastOperation
    stm32l4xx_hal_flash_ex.o(i.HAL_FLASHEx_Erase) refers to stm32l4xx_hal_flash_ex.o(i.FLASH_MassErase) for FLASH_MassErase
    stm32l4xx_hal_flash_ex.o(i.HAL_FLASHEx_Erase) refers to stm32l4xx_hal_flash_ex.o(i.FLASH_PageErase) for FLASH_PageErase
    stm32l4xx_hal_flash_ex.o(i.HAL_FLASHEx_Erase) refers to stm32l4xx_hal_flash_ex.o(i.FLASH_FlushCaches) for FLASH_FlushCaches
    stm32l4xx_hal_flash_ex.o(i.HAL_FLASHEx_Erase) refers to stm32l4xx_hal_flash.o(.bss) for pFlash
    stm32l4xx_hal_flash_ex.o(i.HAL_FLASHEx_Erase_IT) refers to stm32l4xx_hal_flash_ex.o(i.FLASH_MassErase) for FLASH_MassErase
    stm32l4xx_hal_flash_ex.o(i.HAL_FLASHEx_Erase_IT) refers to stm32l4xx_hal_flash_ex.o(i.FLASH_PageErase) for FLASH_PageErase
    stm32l4xx_hal_flash_ex.o(i.HAL_FLASHEx_Erase_IT) refers to stm32l4xx_hal_flash.o(.bss) for pFlash
    stm32l4xx_hal_flash_ex.o(i.HAL_FLASHEx_OBGetConfig) refers to stm32l4xx_hal_flash_ex.o(i.FLASH_OB_GetWRP) for FLASH_OB_GetWRP
    stm32l4xx_hal_flash_ex.o(i.HAL_FLASHEx_OBGetConfig) refers to stm32l4xx_hal_flash_ex.o(i.FLASH_OB_GetRDP) for FLASH_OB_GetRDP
    stm32l4xx_hal_flash_ex.o(i.HAL_FLASHEx_OBGetConfig) refers to stm32l4xx_hal_flash_ex.o(i.FLASH_OB_GetUser) for FLASH_OB_GetUser
    stm32l4xx_hal_flash_ex.o(i.HAL_FLASHEx_OBGetConfig) refers to stm32l4xx_hal_flash_ex.o(i.FLASH_OB_GetPCROP) for FLASH_OB_GetPCROP
    stm32l4xx_hal_flash_ex.o(i.HAL_FLASHEx_OBProgram) refers to stm32l4xx_hal_flash_ex.o(i.FLASH_OB_WRPConfig) for FLASH_OB_WRPConfig
    stm32l4xx_hal_flash_ex.o(i.HAL_FLASHEx_OBProgram) refers to stm32l4xx_hal_flash_ex.o(i.FLASH_OB_RDPConfig) for FLASH_OB_RDPConfig
    stm32l4xx_hal_flash_ex.o(i.HAL_FLASHEx_OBProgram) refers to stm32l4xx_hal_flash_ex.o(i.FLASH_OB_UserConfig) for FLASH_OB_UserConfig
    stm32l4xx_hal_flash_ex.o(i.HAL_FLASHEx_OBProgram) refers to stm32l4xx_hal_flash_ex.o(i.FLASH_OB_PCROPConfig) for FLASH_OB_PCROPConfig
    stm32l4xx_hal_flash_ex.o(i.HAL_FLASHEx_OBProgram) refers to stm32l4xx_hal_flash.o(.bss) for pFlash
    stm32l4xx_hal_cortex.o(i.HAL_NVIC_GetPriorityGrouping) refers to stm32l4xx_hal_cortex.o(i.NVIC_GetPriorityGrouping) for NVIC_GetPriorityGrouping
    stm32l4xx_hal_cortex.o(i.HAL_NVIC_SetPriority) refers to stm32l4xx_hal_cortex.o(i.NVIC_GetPriorityGrouping) for NVIC_GetPriorityGrouping
    stm32l4xx_hal_cortex.o(i.HAL_NVIC_SetPriority) refers to stm32l4xx_hal_cortex.o(i.NVIC_SetPriority) for NVIC_SetPriority
    stm32l4xx_hal_cortex.o(i.HAL_SYSTICK_Config) refers to stm32l4xx_hal_cortex.o(i.NVIC_SetPriority) for NVIC_SetPriority
    stm32l4xx_hal_cortex.o(i.HAL_SYSTICK_IRQHandler) refers to stm32l4xx_hal_cortex.o(i.HAL_SYSTICK_Callback) for HAL_SYSTICK_Callback
    stm32l4xx_hal_rcc.o(i.HAL_RCC_ClockConfig) refers to stm32l4xx_hal.o(i.HAL_GetTick) for HAL_GetTick
[...]
    i.DIO1_DisableInterrupt                  0x08000894   Section        0  sx126x_driver.o(i.DIO1_DisableInterrupt)
    i.DIO1_EnableInterrupt                   0x0800089c   Section        0  sx126x_driver.o(i.DIO1_EnableInterrupt)
    i.DIO1_GetState                          0x080008a4   Section        0  sx126x_driver.o(i.DIO1_GetState)
    i.DebugMon_Handler                       0x080008b0   Section        0  stm32l4xx_it.o(i.DebugMon_Handler)
    i.EXTI0_IRQHandler                       0x080008b2   Section        0  stm32l4xx_it.o(i.EXTI0_IRQHandler)
    i.EXTI15_10_IRQHandler                   0x080008bc   Section        0  stm32l4xx_it.o(i.EXTI15_10_IRQHandler)
    i.EXTI1_IRQHandler                       0x080008c8   Section        0  stm32l4xx_it.o(i.EXTI1_IRQHandler)
    i.EXTI3_IRQHandler                       0x080008de   Section        0  stm32l4xx_it.o(i.EXTI3_IRQHandler)
    i.EXTI4_IRQHandler                       0x080008e0   Section        0  stm32l4xx_it.o(i.EXTI4_IRQHandler)
    i.EXTI9_5_IRQHandler                     0x080008f6   Section        0  stm32l4xx_it.o(i.EXTI9_5_IRQHandler)
    i.Error_Handler                          0x08000902   Section        0  main_tx.o(i.Error_Handler)
    i.HAL_Delay                              0x08000906   Section        0  stm32l4xx_hal.o(i.HAL_Delay)
    i.HAL_GPIO_EXTI_Callback                 0x08000928   Section        0  main_tx.o(i.HAL_GPIO_EXTI_Callback)
    i.HAL_GPIO_EXTI_IRQHandler               0x08000d34   Section        0  stm32l4xx_hal_gpio.o(i.HAL_GPIO_EXTI_IRQHandler)
    i.HAL_GPIO_Init                          0x08000d50   Section        0  stm32l4xx_hal_gpio.o(i.HAL_GPIO_Init)
    i.HAL_GPIO_ReadPin                       0x08000f58   Section        0  stm32l4xx_hal_gpio.o(i.HAL_GPIO_ReadPin)
    i.HAL_GPIO_WritePin                      0x08000f68   Section        0  stm32l4xx_hal_gpio.o(i.HAL_GPIO_WritePin)
    i.HAL_GetTick                            0x08000f74   Section        0  stm32l4xx_hal.o(i.HAL_GetTick)
    i.HAL_IncTick                            0x08000f80   Section        0  stm32l4xx_hal.o(i.HAL_IncTick)
    i.HAL_Init                               0x08000f90   Section        0  stm32l4xx_hal.o(i.HAL_Init)
    i.HAL_InitTick                           0x08000fa8   Section        0  stm32l4xx_hal.o(i.HAL_InitTick)
    i.HAL_MspInit                            0x08000fd0   Section        0  stm32l4xx_hal_msp.o(i.HAL_MspInit)
    i.HAL_NVIC_DisableIRQ                    0x08001060   Section        0  stm32l4xx_hal_cortex.o(i.HAL_NVIC_DisableIRQ)
    i.HAL_NVIC_EnableIRQ                     0x0800107c   Section        0  stm32l4xx_hal_cortex.o(i.HAL_NVIC_EnableIRQ)
    i.HAL_NVIC_SetPriority                   0x08001096   Section        0  stm32l4xx_hal_cortex.o(i.HAL_NVIC_SetPriority)
    i.HAL_NVIC_SetPriorityGrouping           0x08001118   Section        0  stm32l4xx_hal_cortex.o(i.HAL_NVIC_SetPriorityGrouping)
    i.HAL_PWREx_ControlVoltageScaling        0x08001140   Section        0  stm32l4xx_hal_pwr_ex.o(i.HAL_PWREx_ControlVoltageScaling)
    i.HAL_PWREx_DisableLowPowerRunMode       0x080011cc   Section        0  stm32l4xx_hal_pwr_ex.o(i.HAL_PWREx_DisableLowPowerRunMode)
    i.HAL_PWREx_EnableLowPowerRunMode        0x08001220   Section        0  stm32l4xx_hal_pwr_ex.o(i.HAL_PWREx_EnableLowPowerRunMode)
    i.HAL_PWREx_GetVoltageRange              0x08001234   Section        0  stm32l4xx_hal_pwr_ex.o(i.HAL_PWREx_GetVoltageRange)
    i.HAL_PWR_DisableSleepOnExit             0x08001244   Section        0  stm32l4xx_hal_pwr.o(i.HAL_PWR_DisableSleepOnExit)
    i.HAL_PWR_EnableSleepOnExit              0x08001258   Section        0  stm32l4xx_hal_pwr.o(i.HAL_PWR_EnableSleepOnExit)
    i.HAL_PWR_EnterSLEEPMode                 0x0800126c   Section        0  stm32l4xx_hal_pwr.o(i.HAL_PWR_EnterSLEEPMode)
    i.HAL_RCC_ClockConfig                    0x080012bc   Section        0  stm32l4xx_hal_rcc.o(i.HAL_RCC_ClockConfig)
    i.HAL_RCC_GetHCLKFreq                    0x080014a4   Section        0  stm32l4xx_hal_rcc.o(i.HAL_RCC_GetHCLKFreq)
    i.HAL_RCC_GetPCLK1Freq                   0x080014b0   Section        0  stm32l4xx_hal_rcc.o(i.HAL_RCC_GetPCLK1Freq)
    i.HAL_RCC_GetPCLK2Freq                   0x080014dc   Section        0  stm32l4xx_hal_rcc.o(i.HAL_RCC_GetPCLK2Freq)
    i.HAL_RCC_GetSysClockFreq                0x08001508   Section        0  stm32l4xx_hal_rcc.o(i.HAL_RCC_GetSysClockFreq)
    i.HAL_RCC_OscConfig                      0x0800167c   Section        0  stm32l4xx_hal_rcc.o(i.HAL_RCC_OscConfig)
    i.HAL_SPI_Init                           0x08001cc8   Section        0  stm32l4xx_hal_spi.o(i.HAL_SPI_Init)
    i.HAL_SPI_MspInit                        0x08001d88   Section        0  stm32l4xx_hal_spi.o(i.HAL_SPI_MspInit)
    i.HAL_SPI_TransmitReceive                0x08001d8a   Section        0  stm32l4xx_hal_spi.o(i.HAL_SPI_TransmitReceive)
    i.HAL_SYSTICK_CLKSourceConfig            0x08002018   Section        0  stm32l4xx_hal_cortex.o(i.HAL_SYSTICK_CLKSourceConfig)
    i.HAL_SYSTICK_Callback                   0x08002040   Section        0  stm32l4xx_hal_cortex.o(i.HAL_SYSTICK_Callback)
    i.HAL_SYSTICK_Config                     0x08002042   Section        0  stm32l4xx_hal_cortex.o(i.HAL_SYSTICK_Config)
    i.HAL_SYSTICK_IRQHandler                 0x08002076   Section        0  stm32l4xx_hal_cortex.o(i.HAL_SYSTICK_IRQHandler)
    i.HAL_TIMEx_BreakCallback                0x0800207e   Section        0  stm32l4xx_hal_tim_ex.o(i.HAL_TIMEx_BreakCallback)
    i.HAL_TIMEx_CommutationCallback          0x08002080   Section        0  stm32l4xx_hal_tim_ex.o(i.HAL_TIMEx_CommutationCallback)
    i.HAL_TIMEx_MasterConfigSynchronization  0x08002084   Section        0  stm32l4xx_hal_tim_ex.o(i.HAL_TIMEx_MasterConfigSynchronization)
    i.HAL_TIM_Base_Init                      0x080020f0   Section        0  stm32l4xx_hal_tim.o(i.HAL_TIM_Base_Init)
    i.HAL_TIM_Base_MspInit                   0x08002124   Section        0  timer.o(i.HAL_TIM_Base_MspInit)
    i.HAL_TIM_Base_Start_IT                  0x080021a0   Section        0  stm32l4xx_hal_tim.o(i.HAL_TIM_Base_Start_IT)
    i.HAL_TIM_Base_Stop_IT                   0x080021be   Section        0  stm32l4xx_hal_tim.o(i.HAL_TIM_Base_Stop_IT)
    i.HAL_TIM_ConfigClockSource              0x080021f8   Section        0  stm32l4xx_hal_tim.o(i.HAL_TIM_ConfigClockSource)
    i.HAL_TIM_IC_CaptureCallback             0x08002330   Section        0  stm32l4xx_hal_tim.o(i.HAL_TIM_IC_CaptureCallback)
    i.HAL_TIM_IRQHandler                     0x08002332   Section        0  stm32l4xx_hal_tim.o(i.HAL_TIM_IRQHandler)
    i.HAL_TIM_OC_DelayElapsedCallback        0x080024c8   Section        0  stm32l4xx_hal_tim.o(i.HAL_TIM_OC_DelayElapsedCallback)
    i.HAL_TIM_PWM_PulseFinishedCallback      0x080024ca   Section        0  stm32l4xx_hal_tim.o(i.HAL_TIM_PWM_PulseFinishedCallback)
    i.HAL_TIM_PeriodElapsedCallback          0x080024cc   Section        0  main_tx.o(i.HAL_TIM_PeriodElapsedCallback)
    i.HAL_TIM_TriggerCallback                0x080024f0   Section        0  stm32l4xx_hal_tim.o(i.HAL_TIM_TriggerCallback)
    i.HAL_UART_Init                          0x080024f2   Section        0  stm32l4xx_hal_uart.o(i.HAL_UART_Init)
    i.HAL_UART_MspInit                       0x0800256c   Section        0  usart.o(i.HAL_UART_MspInit)
    i.HardFault_Handler                      0x080025d0   Section        0  stm32l4xx_it.o(i.HardFault_Handler)
    i.I2C_Start                              0x080025d4   Section        0  oled.o(i.I2C_Start)
    i.I2C_Stop                               0x08002608   Section        0  oled.o(i.I2C_Stop)
    i.I2C_WaitAck                            0x08002630   Section        0  oled.o(i.I2C_WaitAck)
    i.KEY_Init                               0x08002650   Section        0  key.o(i.KEY_Init)
    i.LED_Init                               0x080026ec   Section        0  led.o(i.LED_Init)
    i.LoRaConfig_Check                       0x08002738   Section        0  sx126x_driver.o(i.LoRaConfig_Check)
    i.MX_TIM3_Init_Ms                        0x08002904   Section        0  timer.o(i.MX_TIM3_Init_Ms)
    i.MX_USART2_UART_Init                    0x08002964   Section        0  usart.o(i.MX_USART2_UART_Init)
    i.MemManage_Handler                      0x080029a4   Section        0  stm32l4xx_it.o(i.MemManage_Handler)
    i.NMI_Handler                            0x080029a8   Section        0  stm32l4xx_it.o(i.NMI_Handler)
    i.NVIC_GetPriorityGrouping               0x080029ac   Section        0  stm32l4xx_hal_cortex.o(i.NVIC_GetPriorityGrouping)
    NVIC_GetPriorityGrouping                 0x080029ad   Thumb Code    10  stm32l4xx_hal_cortex.o(i.NVIC_GetPriorityGrouping)
    i.NVIC_SetPriority                       0x080029bc   Section        0  stm32l4xx_hal_cortex.o(i.NVIC_SetPriority)
    NVIC_SetPriority                         0x080029bd   Thumb Code    32  stm32l4xx_hal_cortex.o(i.NVIC_SetPriority)
    i.OLED_Clear                             0x080029e4   Section        0  oled.o(i.OLED_Clear)
    i.OLED_DrawPoint                         0x08002a14   Section        0  oled.o(i.OLED_DrawPoint)
    i.OLED_Init                              0x08002a7c   Section        0  oled.o(i.OLED_Init)
    i.OLED_Pow                               0x08002c28   Section        0  oled.o(i.OLED_Pow)
    i.OLED_Refresh                           0x08002c40   Section        0  oled.o(i.OLED_Refresh)
    i.OLED_ShowChar                          0x08002c8c   Section        0  oled.o(i.OLED_ShowChar)
    i.OLED_ShowNum                           0x08002d9e   Section        0  oled.o(i.OLED_ShowNum)
    i.OLED_ShowString                        0x08002e38   Section        0  oled.o(i.OLED_ShowString)
    i.OLED_WR_Byte                           0x08002e7e   Section        0  oled.o(i.OLED_WR_Byte)
    i.PendSV_Handler                         0x08002eb6   Section        0  stm32l4xx_it.o(i.PendSV_Handler)
    i.RCC_SetFlashLatencyFromMSIRange        0x08002eb8   Section        0  stm32l4xx_hal_rcc.o(i.RCC_SetFlashLatencyFromMSIRange)
    RCC_SetFlashLatencyFromMSIRange          0x08002eb9   Thumb Code   150  stm32l4xx_hal_rcc.o(i.RCC_SetFlashLatencyFromMSIRange)
    i.SPI_EndRxTxTransaction                 0x08002f58   Section        0  stm32l4xx_hal_spi.o(i.SPI_EndRxTxTransaction)
    SPI_EndRxTxTransaction                   0x08002f59   Thumb Code   100  stm32l4xx_hal_spi.o(i.SPI_EndRxTxTransaction)
    i.SPI_WaitFifoStateUntilTimeout          0x08002fbc   Section        0  stm32l4xx_hal_spi.o(i.SPI_WaitFifoStateUntilTimeout)
    SPI_WaitFifoStateUntilTimeout            0x08002fbd   Thumb Code   176  stm32l4xx_hal_spi.o(i.SPI_WaitFifoStateUntilTimeout)
    i.SPI_WaitFlagStateUntilTimeout          0x0800306c   Section        0  stm32l4xx_hal_spi.o(i.SPI_WaitFlagStateUntilTimeout)
    SPI_WaitFlagStateUntilTimeout            0x0800306d   Thumb Code   168  stm32l4xx_hal_spi.o(i.SPI_WaitFlagStateUntilTimeout)
    i.SVC_Handler                            0x08003114   Section        0  stm32l4xx_it.o(i.SVC_Handler)
    i.SX126XWriteRxTx                        0x08003116   Section        0  sx126x_driver.o(i.SX126XWriteRxTx)
    i.SX126X_Busy_GetState                   0x08003138   Section        0  sx126x_hal.o(i.SX126X_Busy_GetState)
    i.SX126X_Busy_INPUT                      0x0800314c   Section        0  sx126x_hal.o(i.SX126X_Busy_INPUT)
    i.SX126X_DIO1_GetState                   0x08003190   Section        0  sx126x_hal.o(i.SX126X_DIO1_GetState)
    i.SX126X_DIO1_INPUT                      0x080031a4   Section        0  sx126x_hal.o(i.SX126X_DIO1_INPUT)
    i.SX126X_DIO1_INTDISABLE                 0x080031f4   Section        0  sx126x_hal.o(i.SX126X_DIO1_INTDISABLE)
    i.SX126X_DIO1_INTENABLE                  0x080031fe   Section        0  sx126x_hal.o(i.SX126X_DIO1_INTENABLE)
    i.SX126X_DIO2_INPUT                      0x08003208   Section        0  sx126x_hal.o(i.SX126X_DIO2_INPUT)
    i.SX126X_InitIo                          0x08003258   Section        0  sx126x_driver.o(i.SX126X_InitIo)
    i.SX126X_NSS_OUTPUT                      0x0800327a   Section        0  sx126x_hal.o(i.SX126X_NSS_OUTPUT)
    i.SX126X_RESET_OUTPUT                    0x08003290   Section        0  sx126x_hal.o(i.SX126X_RESET_OUTPUT)
    i.SX126X_ReadWriteByte                   0x080032e0   Section        0  sx126x_hal.o(i.SX126X_ReadWriteByte)
    i.SX126X_Reset                           0x08003300   Section        0  sx126x_driver.o(i.SX126X_Reset)
    i.SX126X_RxPacket                        0x08003324   Section        0  sx126x_driver.o(i.SX126X_RxPacket)
    i.SX126X_SPIGPIO_Init                    0x08003358   Section        0  sx126x_hal.o(i.SX126X_SPIGPIO_Init)
    i.SX126X_SPI_Init                        0x080033d0   Section        0  sx126x_hal.o(i.SX126X_SPI_Init)
    i.SX126X_SWCTL1_OUTPUT                   0x08003488   Section        0  sx126x_hal.o(i.SX126X_SWCTL1_OUTPUT)
    i.SX126X_SWCTL2_OUTPUT                   0x080034d8   Section        0  sx126x_hal.o(i.SX126X_SWCTL2_OUTPUT)
    i.SX126X_StartRx                         0x08003524   Section        0  sx126x_driver.o(i.SX126X_StartRx)
    i.SX126X_TxPacket                        0x08003574   Section        0  sx126x_driver.o(i.SX126X_TxPacket)
    i.SX126xCalibrate                        0x080035c8   Section        0  sx126x_driver.o(i.SX126xCalibrate)
    i.SX126xCalibrateImage                   0x080035d8   Section        0  sx126x_driver.o(i.SX126xCalibrateImage)
    i.SX126xCalibrate_err                    0x08003660   Section        0  sx126x_driver.o(i.SX126xCalibrate_err)
    i.SX126xCheckDeviceReady                 0x08003680   Section        0  sx126x_driver.o(i.SX126xCheckDeviceReady)
    i.SX126xClearDeviceErrors                0x0800369a   Section        0  sx126x_driver.o(i.SX126xClearDeviceErrors)
    i.SX126xClearIrqStatus                   0x080036ac   Section        0  sx126x_driver.o(i.SX126xClearIrqStatus)
    i.SX126xClearTimeoutEvent                0x080036c8   Section        0  sx126x_driver.o(i.SX126xClearTimeoutEvent)
    i.SX126xGetDeviceErrors                  0x080036ec   Section        0  sx126x_driver.o(i.SX126xGetDeviceErrors)
    i.SX126xGetIrqStatus                     0x0800378e   Section        0  sx126x_driver.o(i.SX126xGetIrqStatus)
    i.SX126xGetOperatingMode                 0x080037a8   Section        0  sx126x_driver.o(i.SX126xGetOperatingMode)
    i.SX126xGetPacketStatus                  0x080037b4   Section        0  sx126x_driver.o(i.SX126xGetPacketStatus)
    i.SX126xGetPayload                       0x080037f6   Section        0  sx126x_driver.o(i.SX126xGetPayload)
    i.SX126xGetRxBufferStatus                0x08003808   Section        0  sx126x_driver.o(i.SX126xGetRxBufferStatus)
    i.SX126xGetStatus                        0x0800383a   Section        0  sx126x_driver.o(i.SX126xGetStatus)
    i.SX126xReadBuffer                       0x08003858   Section        0  sx126x_driver.o(i.SX126xReadBuffer)
    i.SX126xReadCommand                      0x080038a0   Section        0  sx126x_driver.o(i.SX126xReadCommand)
    i.SX126xReadRegister                     0x080038e2   Section        0  sx126x_driver.o(i.SX126xReadRegister)
    i.SX126xReadRegisters                    0x080038f6   Section        0  sx126x_driver.o(i.SX126xReadRegisters)
    i.SX126xSendPayload                      0x08003944   Section        0  sx126x_driver.o(i.SX126xSendPayload)
    i.SX126xSetBufferBaseAddress             0x0800395e   Section        0  sx126x_driver.o(i.SX126xSetBufferBaseAddress)
    i.SX126xSetDio2AsRfSwitchCtrl            0x08003978   Section        0  sx126x_driver.o(i.SX126xSetDio2AsRfSwitchCtrl)
    i.SX126xSetDioIrqParams                  0x08003986   Section        0  sx126x_driver.o(i.SX126xSetDioIrqParams)
    i.SX126xSetLoRaSymbNumTimeout            0x080039d0   Section        0  sx126x_driver.o(i.SX126xSetLoRaSymbNumTimeout)
    i.SX126xSetLoraModulationParams          0x080039e0   Section        0  sx126x_driver.o(i.SX126xSetLoraModulationParams)
    i.SX126xSetLoraPacketParams              0x08003a88   Section        0  sx126x_driver.o(i.SX126xSetLoraPacketParams)
    i.SX126xSetPaConfig                      0x08003b28   Section        0  sx126x_driver.o(i.SX126xSetPaConfig)
    i.SX126xSetPacketType                    0x08003b4e   Section        0  sx126x_driver.o(i.SX126xSetPacketType)
    i.SX126xSetRegulatorMode                 0x08003b6c   Section        0  sx126x_driver.o(i.SX126xSetRegulatorMode)
    i.SX126xSetRfFrequency                   0x08003b7c   Section        0  sx126x_driver.o(i.SX126xSetRfFrequency)
    i.SX126xSetRfTxPower                     0x08003c30   Section        0  sx126x_driver.o(i.SX126xSetRfTxPower)
    i.SX126xSetRx                            0x08003c3e   Section        0  sx126x_driver.o(i.SX126xSetRx)
    i.SX126xSetStandby                       0x08003c68   Section        0  sx126x_driver.o(i.SX126xSetStandby)
    i.SX126xSetStopRxTimerOnPreambleDetect   0x08003cd0   Section        0  sx126x_driver.o(i.SX126xSetStopRxTimerOnPreambleDetect)
    i.SX126xSetTx                            0x08003cde   Section        0  sx126x_driver.o(i.SX126xSetTx)
    i.SX126xSetTxParams                      0x08003d08   Section        0  sx126x_driver.o(i.SX126xSetTxParams)
    i.SX126xWaitOnBusy                       0x08003d4c   Section        0  sx126x_hal.o(i.SX126xWaitOnBusy)
    i.SX126xWakeup                           0x08003d5e   Section        0  sx126x_driver.o(i.SX126xWakeup)
    i.SX126xWriteBuffer                      0x08003d7e   Section        0  sx126x_driver.o(i.SX126xWriteBuffer)
    i.SX126xWriteCommand                     0x08003dbe   Section        0  sx126x_driver.o(i.SX126xWriteCommand)
    i.SX126xWriteRegister                    0x08003dfc   Section        0  sx126x_driver.o(i.SX126xWriteRegister)
    i.SX126xWriteRegisters                   0x08003e0c   Section        0  sx126x_driver.o(i.SX126xWriteRegisters)
    i.SX126x_Lora_init                       0x08003e54   Section        0  sx126x_driver.o(i.SX126x_Lora_init)
    i.Send_Byte                              0x08003ef0   Section        0  oled.o(i.Send_Byte)
    i.SysTick_Handler                        0x08003f4c   Section        0  stm32l4xx_it.o(i.SysTick_Handler)
    i.SystemClock_Config                     0x08003f58   Section        0  timer.o(i.SystemClock_Config)
    i.SystemInit                             0x08003fe0   Section        0  system_stm32l4xx.o(i.SystemInit)
    i.TIM3_IRQHandler                        0x08004030   Section        0  stm32l4xx_it.o(i.TIM3_IRQHandler)
    i.TIM4_IRQHandler                        0x08004040   Section        0  stm32l4xx_it.o(i.TIM4_IRQHandler)
    i.TIM_Base_SetConfig                     0x08004050   Section        0  stm32l4xx_hal_tim.o(i.TIM_Base_SetConfig)
    i.TIM_ETR_SetConfig                      0x08004110   Section        0  stm32l4xx_hal_tim.o(i.TIM_ETR_SetConfig)
    i.TIM_ITRx_SetConfig                     0x08004128   Section        0  stm32l4xx_hal_tim.o(i.TIM_ITRx_SetConfig)
    TIM_ITRx_SetConfig                       0x08004129   Thumb Code    20  stm32l4xx_hal_tim.o(i.TIM_ITRx_SetConfig)
    i.TIM_TI1_ConfigInputStage               0x0800413c   Section        0  stm32l4xx_hal_tim.o(i.TIM_TI1_ConfigInputStage)
    TIM_TI1_ConfigInputStage                 0x0800413d   Thumb Code    42  stm32l4xx_hal_tim.o(i.TIM_TI1_ConfigInputStage)
    i.TIM_TI2_ConfigInputStage               0x08004166   Section        0  stm32l4xx_hal_tim.o(i.TIM_TI2_ConfigInputStage)
    TIM_TI2_ConfigInputStage                 0x08004167   Thumb Code    44  stm32l4xx_hal_tim.o(i.TIM_TI2_ConfigInputStage)
    i.UART_AdvFeatureConfig                  0x08004192   Section        0  stm32l4xx_hal_uart.o(i.UART_AdvFeatureConfig)
    i.UART_CheckIdleState                    0x0800428a   Section        0  stm32l4xx_hal_uart.o(i.UART_CheckIdleState)
    i.UART_SetConfig                         0x08004300   Section        0  stm32l4xx_hal_uart.o(i.UART_SetConfig)
    i.UART_WaitOnFlagUntilTimeout            0x0800478e   Section        0  stm32l4xx_hal_uart.o(i.UART_WaitOnFlagUntilTimeout)
    i.UsageFault_Handler                     0x080047fa   Section        0  stm32l4xx_it.o(i.UsageFault_Handler)
    i.__ARM_fpclassify                       0x080047fe   Section        0  fpclassify.o(i.__ARM_fpclassify)
    i.__hardfp_pow                           0x08004830   Section        0  pow.o(i.__hardfp_pow)
    i.__kernel_poly                          0x080054b0   Section        0  poly.o(i.__kernel_poly)
    i.__mathlib_dbl_divzero                  0x080055a8   Section        0  dunder.o(i.__mathlib_dbl_divzero)
    i.__mathlib_dbl_infnan2                  0x080055d8   Section        0  dunder.o(i.__mathlib_dbl_infnan2)
    i.__mathlib_dbl_invalid                  0x080055f0   Section        0  dunder.o(i.__mathlib_dbl_invalid)
    i.__mathlib_dbl_overflow                 0x08005610   Section        0  dunder.o(i.__mathlib_dbl_overflow)
    i.__mathlib_dbl_underflow                0x08005630   Section        0  dunder.o(i.__mathlib_dbl_underflow)
    i.__scatterload_copy                     0x08005650   Section       14  handlers.o(i.__scatterload_copy)
    i.__scatterload_null                     0x0800565e   Section        2  handlers.o(i.__scatterload_null)
    i.__scatterload_zeroinit                 0x08005660   Section       14  handlers.o(i.__scatterload_zeroinit)
    i.__set_errno                            0x08005670   Section        0  errno.o(i.__set_errno)
    i.fabs                                   0x0800567c   Section        0  fabs.o(i.fabs)
    i.main                                   0x08005694   Section        0  main_tx.o(i.main)
    i.sqrt                                   0x080058c8   Section        0  sqrt.o(i.sqrt)
    .constdata                               0x08005936   Section     6080  oled.o(.constdata)
    .constdata                               0x080070f8   Section       72  system_stm32l4xx.o(.constdata)
    .constdata                               0x08007140   Section      136  pow.o(.constdata)
    bp                                       0x08007140   Data          16  pow.o(.constdata)
    dp_h                                     0x08007150   Data          16  pow.o(.constdata)
    dp_l                                     0x08007160   Data          16  pow.o(.constdata)
    L                                        0x08007170   Data          48  pow.o(.constdata)
    P                                        0x080071a0   Data          40  pow.o(.constdata)
    .constdata                               0x080071c8   Section        8  qnan.o(.constdata)
    .data                                    0x20000000   Section        4  stm32l4xx_hal.o(.data)
    .data                                    0x20000004   Section       25  sx126x_driver.o(.data)
    OperatingMode                            0x2000001c   Data           1  sx126x_driver.o(.data)
    .data                                    0x20000020   Section        4  system_stm32l4xx.o(.data)
    .data                                    0x20000024   Section       56  main_tx.o(.data)
    t                                        0x2000005a   Data           1  main_tx.o(.data)
    j                                        0x2000005b   Data           1  main_tx.o(.data)
    .data                                    0x2000005c   Section        4  errno.o(.data)
    _errno                                   0x2000005c   Data           4  errno.o(.data)
    .bss                                     0x20000060   Section      120  timer.o(.bss)
    .bss                                     0x200000d8   Section       16  sx126x_driver.o(.bss)
    .bss                                     0x200000e8   Section      100  sx126x_hal.o(.bss)
    .bss                                     0x2000014c   Section     3196  usart.o(.bss)
    .bss                                     0x20000dc8   Section     1152  oled.o(.bss)
    .bss                                     0x20001248   Section       10  main_tx.o(.bss)
    STACK                                    0x20001258   Section     1024  startup_stm32l476xx.o(STACK)

    Global Symbols

    Symbol Name                              Value     Ov Type        Size  Object(Section)

    BuildAttributes$$THM_ISAv4$E$P$D$K$B$S$7EM$VFPi3$EXTD16$VFPS$VFMA$PE$A:L22UL41UL21$X:L11$S22US41US21$IEEE1$IW$USESV6$~STKCKD$USESV7$~SHL$OTIME$ROPI$IEEEX$EBA8$MICROLIB$REQ8$PRES8$EABIv2 0x00000000   Number         0  anon$$obj.o ABSOLUTE
    __ARM_use_no_argv                        0x00000000   Number         0  main_tx.o ABSOLUTE
    __cpp_initialize__aeabi_                  - Undefined Weak Reference
    __cxa_finalize                            - Undefined Weak Reference
    __decompress                              - Undefined Weak Reference
    _clock_init                               - Undefined Weak Reference
    _microlib_exit                            - Undefined Weak Reference
    __Vectors_Size                           0x00000188   Number         0  startup_stm32l476xx.o ABSOLUTE
    __Vectors                                0x08000000   Data           4  startup_stm32l476xx.o(RESET)
    __Vectors_End                            0x08000188   Data           0  startup_stm32l476xx.o(RESET)
    __main                                   0x08000189   Thumb Code     0  entry.o(.ARM.Collect$$$$00000000)
    _main_stk                                0x08000189   Thumb Code     0  entry2.o(.ARM.Collect$$$$00000001)
    _main_scatterload                        0x0800018d   Thumb Code     0  entry5.o(.ARM.Collect$$$$00000004)
    __main_after_scatterload                 0x08000191   Thumb Code     0  entry5.o(.ARM.Collect$$$$00000004)
    _main_clock                              0x08000191   Thumb Code     0  entry7b.o(.ARM.Collect$$$$00000008)
    _main_cpp_init                           0x08000191   Thumb Code     0  entry8b.o(.ARM.Collect$$$$0000000A)
    _main_init                               0x08000191   Thumb Code     0  entry9a.o(.ARM.Collect$$$$0000000B)
    __rt_final_cpp                           0x08000199   Thumb Code     0  entry10a.o(.ARM.Collect$$$$0000000D)
    __rt_final_exit                          0x08000199   Thumb Code     0  entry11a.o(.ARM.Collect$$$$0000000F)
    Reset_Handler                            0x0800019d   Thumb Code     8  startup_stm32l476xx.o(.text)
    ADC1_2_IRQHandler                        0x080001b7   Thumb Code     0  startup_stm32l476xx.o(.text)
    ADC3_IRQHandler                          0x080001b7   Thumb Code     0  startup_stm32l476xx.o(.text)
    CAN1_RX0_IRQHandler                      0x080001b7   Thumb Code     0  startup_stm32l476xx.o(.text)
    CAN1_RX1_IRQHandler                      0x080001b7   Thumb Code     0  startup_stm32l476xx.o(.text)
    CAN1_SCE_IRQHandler                      0x080001b7   Thumb Code     0  startup_stm32l476xx.o(.text)
    CAN1_TX_IRQHandler                       0x080001b7   Thumb Code     0  startup_stm32l476xx.o(.text)
    COMP_IRQHandler                          0x080001b7   Thumb Code     0  startup_stm32l476xx.o(.text)
    DFSDM1_FLT0_IRQHandler                   0x080001b7   Thumb Code     0  startup_stm32l476xx.o(.text)
    DFSDM1_FLT1_IRQHandler                   0x080001b7   Thumb Code     0  startup_stm32l476xx.o(.text)
    DFSDM1_FLT2_IRQHandler                   0x080001b7   Thumb Code     0  startup_stm32l476xx.o(.text)
    DFSDM1_FLT3_IRQHandler                   0x080001b7   Thumb Code     0  startup_stm32l476xx.o(.text)
    DMA1_Channel1_IRQHandler                 0x080001b7   Thumb Code     0  startup_stm32l476xx.o(.text)
    DMA1_Channel2_IRQHandler                 0x080001b7   Thumb Code     0  startup_stm32l476xx.o(.text)
    DMA1_Channel3_IRQHandler                 0x080001b7   Thumb Code     0  startup_stm32l476xx.o(.text)
    DMA1_Channel4_IRQHandler                 0x080001b7   Thumb Code     0  startup_stm32l476xx.o(.text)
    DMA1_Channel5_IRQHandler                 0x080001b7   Thumb Code     0  startup_stm32l476xx.o(.text)
    DMA1_Channel6_IRQHandler                 0x080001b7   Thumb Code     0  startup_stm32l476xx.o(.text)
    DMA1_Channel7_IRQHandler                 0x080001b7   Thumb Code     0  startup_stm32l476xx.o(.text)
    DMA2_Channel1_IRQHandler                 0x080001b7   Thumb Code     0  startup_stm32l476xx.o(.text)
    DMA2_Channel2_IRQHandler                 0x080001b7   Thumb Code     0  startup_stm32l476xx.o(.text)
    DMA2_Channel3_IRQHandler                 0x080001b7   Thumb Code     0  startup_stm32l476xx.o(.text)
    DMA2_Channel4_IRQHandler                 0x080001b7   Thumb Code     0  startup_stm32l476xx.o(.text)
    DMA2_Channel5_IRQHandler                 0x080001b7   Thumb Code     0  startup_stm32l476xx.o(.text)
    DMA2_Channel6_IRQHandler                 0x080001b7   Thumb Code     0  startup_stm32l476xx.o(.text)
    DMA2_Channel7_IRQHandler                 0x080001b7   Thumb Code     0  startup_stm32l476xx.o(.text)
    EXTI2_IRQHandler                         0x080001b7   Thumb Code     0  startup_stm32l476xx.o(.text)
    FLASH_IRQHandler                         0x080001b7   Thumb Code     0  startup_stm32l476xx.o(.text)
    FMC_IRQHandler                           0x080001b7   Thumb Code     0  startup_stm32l476xx.o(.text)
    FPU_IRQHandler                           0x080001b7   Thumb Code     0  startup_stm32l476xx.o(.text)
    I2C1_ER_IRQHandler                       0x080001b7   Thumb Code     0  startup_stm32l476xx.o(.text)
    I2C1_EV_IRQHandler                       0x080001b7   Thumb Code     0  startup_stm32l476xx.o(.text)
    I2C2_ER_IRQHandler                       0x080001b7   Thumb Code     0  startup_stm32l476xx.o(.text)
    I2C2_EV_IRQHandler                       0x080001b7   Thumb Code     0  startup_stm32l476xx.o(.text)
    I2C3_ER_IRQHandler                       0x080001b7   Thumb Code     0  startup_stm32l476xx.o(.text)
    I2C3_EV_IRQHandler                       0x080001b7   Thumb Code     0  startup_stm32l476xx.o(.text)
    LCD_IRQHandler                           0x080001b7   Thumb Code     0  startup_stm32l476xx.o(.text)
    LPTIM1_IRQHandler                        0x080001b7   Thumb Code     0  startup_stm32l476xx.o(.text)
    LPTIM2_IRQHandler                        0x080001b7   Thumb Code     0  startup_stm32l476xx.o(.text)
    LPUART1_IRQHandler                       0x080001b7   Thumb Code     0  startup_stm32l476xx.o(.text)
    OTG_FS_IRQHandler                        0x080001b7   Thumb Code     0  startup_stm32l476xx.o(.text)
    PVD_PVM_IRQHandler                       0x080001b7   Thumb Code     0  startup_stm32l476xx.o(.text)
    QUADSPI_IRQHandler                       0x080001b7   Thumb Code     0  startup_stm32l476xx.o(.text)
    RCC_IRQHandler                           0x080001b7   Thumb Code     0  startup_stm32l476xx.o(.text)
    RNG_IRQHandler                           0x080001b7   Thumb Code     0  startup_stm32l476xx.o(.text)
    RTC_Alarm_IRQHandler                     0x080001b7   Thumb Code     0  startup_stm32l476xx.o(.text)
    RTC_WKUP_IRQHandler                      0x080001b7   Thumb Code     0  startup_stm32l476xx.o(.text)
    SAI1_IRQHandler                          0x080001b7   Thumb Code     0  startup_stm32l476xx.o(.text)
    SAI2_IRQHandler                          0x080001b7   Thumb Code     0  startup_stm32l476xx.o(.text)
    SDMMC1_IRQHandler                        0x080001b7   Thumb Code     0  startup_stm32l476xx.o(.text)
    SPI1_IRQHandler                          0x080001b7   Thumb Code     0  startup_stm32l476xx.o(.text)
    SPI2_IRQHandler                          0x080001b7   Thumb Code     0  startup_stm32l476xx.o(.text)
    SPI3_IRQHandler                          0x080001b7   Thumb Code     0  startup_stm32l476xx.o(.text)
    SWPMI1_IRQHandler                        0x080001b7   Thumb Code     0  startup_stm32l476xx.o(.text)
    TAMP_STAMP_IRQHandler                    0x080001b7   Thumb Code     0  startup_stm32l476xx.o(.text)
    TIM1_BRK_TIM15_IRQHandler                0x080001b7   Thumb Code     0  startup_stm32l476xx.o(.text)
    TIM1_CC_IRQHandler                       0x080001b7   Thumb Code     0  startup_stm32l476xx.o(.text)
    TIM1_TRG_COM_TIM17_IRQHandler            0x080001b7   Thumb Code     0  startup_stm32l476xx.o(.text)
    TIM1_UP_TIM16_IRQHandler                 0x080001b7   Thumb Code     0  startup_stm32l476xx.o(.text)
    TIM2_IRQHandler                          0x080001b7   Thumb Code     0  startup_stm32l476xx.o(.text)
    TIM5_IRQHandler                          0x080001b7   Thumb Code     0  startup_stm32l476xx.o(.text)
    TIM6_DAC_IRQHandler                      0x080001b7   Thumb Code     0  startup_stm32l476xx.o(.text)
    TIM7_IRQHandler                          0x080001b7   Thumb Code     0  startup_stm32l476xx.o(.text)
    TIM8_BRK_IRQHandler                      0x080001b7   Thumb Code     0  startup_stm32l476xx.o(.text)
    TIM8_CC_IRQHandler                       0x080001b7   Thumb Code     0  startup_stm32l476xx.o(.text)
    TIM8_TRG_COM_IRQHandler                  0x080001b7   Thumb Code     0  startup_stm32l476xx.o(.text)
    TIM8_UP_IRQHandler                       0x080001b7   Thumb Code     0  startup_stm32l476xx.o(.text)
    TSC_IRQHandler                           0x080001b7   Thumb Code     0  startup_stm32l476xx.o(.text)
    UART4_IRQHandler                         0x080001b7   Thumb Code     0  startup_stm32l476xx.o(.text)
    UART5_IRQHandler                         0x080001b7   Thumb Code     0  startup_stm32l476xx.o(.text)
    USART1_IRQHandler                        0x080001b7   Thumb Code     0  startup_stm32l476xx.o(.text)
    USART2_IRQHandler                        0x080001b7   Thumb Code     0  startup_stm32l476xx.o(.text)
    USART3_IRQHandler                        0x080001b7   Thumb Code     0  startup_stm32l476xx.o(.text)
    WWDG_IRQHandler                          0x080001b7   Thumb Code     0  startup_stm32l476xx.o(.text)
    __aeabi_uldivmod                         0x080001c1   Thumb Code    98  uldiv.o(.text)
    memcmp                                   0x08000229   Thumb Code    26  memcmp.o(.text)
    __aeabi_ddiv                             0x08000243   Thumb Code   222  ddiv.o(.text)
    __aeabi_ui2d                             0x08000321   Thumb Code    26  dfltui.o(.text)
    __aeabi_d2uiz                            0x0800033b   Thumb Code    50  dfixui.o(.text)
    __aeabi_f2d                              0x0800036d   Thumb Code    38  f2d.o(.text)
    __aeabi_cdrcmple                         0x08000395   Thumb Code    48  cdrcmple.o(.text)
    __aeabi_llsl                             0x080003c5   Thumb Code    30  llshl.o(.text)
    _ll_shift_l                              0x080003c5   Thumb Code     0  llshl.o(.text)
    __aeabi_llsr                             0x080003e3   Thumb Code    32  llushr.o(.text)
    _ll_ushift_r                             0x080003e3   Thumb Code     0  llushr.o(.text)
    __I$use$fp                               0x08000403   Thumb Code     0  iusefp.o(.text)
    _double_round                            0x08000403   Thumb Code    30  depilogue.o(.text)
    _double_epilogue                         0x08000421   Thumb Code   156  depilogue.o(.text)
    __aeabi_dadd                             0x080004bd   Thumb Code   322  dadd.o(.text)
    __aeabi_dsub                             0x080005ff   Thumb Code     6  dadd.o(.text)
    __aeabi_drsub                            0x08000605   Thumb Code     6  dadd.o(.text)
    __aeabi_dmul                             0x0800061b   Thumb Code   228  dmul.o(.text)
    __ARM_scalbn                             0x08000705   Thumb Code    46  dscalb.o(.text)
    scalbn                                   0x08000705   Thumb Code     0  dscalb.o(.text)
    __aeabi_i2d                              0x08000733   Thumb Code    34  dflti.o(.text)
    __scatterload                            0x08000755   Thumb Code    28  init.o(.text)
    __scatterload_rt2                        0x08000755   Thumb Code     0  init.o(.text)
    __aeabi_lasr                             0x08000779   Thumb Code    36  llsshr.o(.text)
    _ll_sshift_r                             0x08000779   Thumb Code     0  llsshr.o(.text)
    _dsqrt                                   0x0800079d   Thumb Code   162  dsqrt.o(.text)
    BEEP_Init                                0x08000841   Thumb Code    70  beep.o(i.BEEP_Init)
    BusFault_Handler                         0x08000891   Thumb Code     4  stm32l4xx_it.o(i.BusFault_Handler)
    DIO1_DisableInterrupt                    0x08000895   Thumb Code     8  sx126x_driver.o(i.DIO1_DisableInterrupt)
    DIO1_EnableInterrupt                     0x0800089d   Thumb Code     8  sx126x_driver.o(i.DIO1_EnableInterrupt)
    DIO1_GetState                            0x080008a5   Thumb Code    12  sx126x_driver.o(i.DIO1_GetState)
    DebugMon_Handler                         0x080008b1   Thumb Code     2  stm32l4xx_it.o(i.DebugMon_Handler)
    EXTI0_IRQHandler                         0x080008b3   Thumb Code    10  stm32l4xx_it.o(i.EXTI0_IRQHandler)
    EXTI15_10_IRQHandler                     0x080008bd   Thumb Code    12  stm32l4xx_it.o(i.EXTI15_10_IRQHandler)
    EXTI1_IRQHandler                         0x080008c9   Thumb Code    22  stm32l4xx_it.o(i.EXTI1_IRQHandler)
    EXTI3_IRQHandler                         0x080008df   Thumb Code     2  stm32l4xx_it.o(i.EXTI3_IRQHandler)
    EXTI4_IRQHandler                         0x080008e1   Thumb Code    22  stm32l4xx_it.o(i.EXTI4_IRQHandler)
    EXTI9_5_IRQHandler                       0x080008f7   Thumb Code    12  stm32l4xx_it.o(i.EXTI9_5_IRQHandler)
    Error_Handler                            0x08000903   Thumb Code     4  main_tx.o(i.Error_Handler)
    HAL_Delay                                0x08000907   Thumb Code    32  stm32l4xx_hal.o(i.HAL_Delay)
    HAL_GPIO_EXTI_Callback                   0x08000929   Thumb Code   956  main_tx.o(i.HAL_GPIO_EXTI_Callback)
    HAL_GPIO_EXTI_IRQHandler                 0x08000d35   Thumb Code    24  stm32l4xx_hal_gpio.o(i.HAL_GPIO_EXTI_IRQHandler)
    HAL_GPIO_Init                            0x08000d51   Thumb Code   484  stm32l4xx_hal_gpio.o(i.HAL_GPIO_Init)
    HAL_GPIO_ReadPin                         0x08000f59   Thumb Code    16  stm32l4xx_hal_gpio.o(i.HAL_GPIO_ReadPin)
    HAL_GPIO_WritePin                        0x08000f69   Thumb Code    10  stm32l4xx_hal_gpio.o(i.HAL_GPIO_WritePin)
    HAL_GetTick                              0x08000f75   Thumb Code     6  stm32l4xx_hal.o(i.HAL_GetTick)
    HAL_IncTick                              0x08000f81   Thumb Code    12  stm32l4xx_hal.o(i.HAL_IncTick)
    HAL_Init                                 0x08000f91   Thumb Code    22  stm32l4xx_hal.o(i.HAL_Init)
    HAL_InitTick                             0x08000fa9   Thumb Code    36  stm32l4xx_hal.o(i.HAL_InitTick)
    HAL_MspInit                              0x08000fd1   Thumb Code   140  stm32l4xx_hal_msp.o(i.HAL_MspInit)
    HAL_NVIC_DisableIRQ                      0x08001061   Thumb Code    22  stm32l4xx_hal_cortex.o(i.HAL_NVIC_DisableIRQ)
    HAL_NVIC_EnableIRQ                       0x0800107d   Thumb Code    26  stm32l4xx_hal_cortex.o(i.HAL_NVIC_EnableIRQ)
    HAL_NVIC_SetPriority                     0x08001097   Thumb Code   124  stm32l4xx_hal_cortex.o(i.HAL_NVIC_SetPriority)
    HAL_NVIC_SetPriorityGrouping             0x08001119   Thumb Code    32  stm32l4xx_hal_cortex.o(i.HAL_NVIC_SetPriorityGrouping)
    HAL_PWREx_ControlVoltageScaling          0x08001141   Thumb Code   128  stm32l4xx_hal_pwr_ex.o(i.HAL_PWREx_ControlVoltageScaling)
    HAL_PWREx_DisableLowPowerRunMode         0x080011cd   Thumb Code    72  stm32l4xx_hal_pwr_ex.o(i.HAL_PWREx_DisableLowPowerRunMode)
    HAL_PWREx_EnableLowPowerRunMode          0x08001221   Thumb Code    14  stm32l4xx_hal_pwr_ex.o(i.HAL_PWREx_EnableLowPowerRunMode)
    HAL_PWREx_GetVoltageRange                0x08001235   Thumb Code    10  stm32l4xx_hal_pwr_ex.o(i.HAL_PWREx_GetVoltageRange)
    HAL_PWR_DisableSleepOnExit               0x08001245   Thumb Code    14  stm32l4xx_hal_pwr.o(i.HAL_PWR_DisableSleepOnExit)
    HAL_PWR_EnableSleepOnExit                0x08001259   Thumb Code    14  stm32l4xx_hal_pwr.o(i.HAL_PWR_EnableSleepOnExit)
    HAL_PWR_EnterSLEEPMode                   0x0800126d   Thumb Code    70  stm32l4xx_hal_pwr.o(i.HAL_PWR_EnterSLEEPMode)
    HAL_RCC_ClockConfig                      0x080012bd   Thumb Code   470  stm32l4xx_hal_rcc.o(i.HAL_RCC_ClockConfig)
    HAL_RCC_GetHCLKFreq                      0x080014a5   Thumb Code     6  stm32l4xx_hal_rcc.o(i.HAL_RCC_GetHCLKFreq)
    HAL_RCC_GetPCLK1Freq                     0x080014b1   Thumb Code    36  stm32l4xx_hal_rcc.o(i.HAL_RCC_GetPCLK1Freq)
    HAL_RCC_GetPCLK2Freq                     0x080014dd   Thumb Code    36  stm32l4xx_hal_rcc.o(i.HAL_RCC_GetPCLK2Freq)
    HAL_RCC_GetSysClockFreq                  0x08001509   Thumb Code   356  stm32l4xx_hal_rcc.o(i.HAL_RCC_GetSysClockFreq)
    HAL_RCC_OscConfig                        0x0800167d   Thumb Code  1598  stm32l4xx_hal_rcc.o(i.HAL_RCC_OscConfig)
    HAL_SPI_Init                             0x08001cc9   Thumb Code   192  stm32l4xx_hal_spi.o(i.HAL_SPI_Init)
    HAL_SPI_MspInit                          0x08001d89   Thumb Code     2  stm32l4xx_hal_spi.o(i.HAL_SPI_MspInit)
    HAL_SPI_TransmitReceive                  0x08001d8b   Thumb Code   648  stm32l4xx_hal_spi.o(i.HAL_SPI_TransmitReceive)
    HAL_SYSTICK_CLKSourceConfig              0x08002019   Thumb Code    40  stm32l4xx_hal_cortex.o(i.HAL_SYSTICK_CLKSourceConfig)
    HAL_SYSTICK_Callback                     0x08002041   Thumb Code     2  stm32l4xx_hal_cortex.o(i.HAL_SYSTICK_Callback)
    HAL_SYSTICK_Config                       0x08002043   Thumb Code    52  stm32l4xx_hal_cortex.o(i.HAL_SYSTICK_Config)
    HAL_SYSTICK_IRQHandler                   0x08002077   Thumb Code     8  stm32l4xx_hal_cortex.o(i.HAL_SYSTICK_IRQHandler)
    HAL_TIMEx_BreakCallback                  0x0800207f   Thumb Code     2  stm32l4xx_hal_tim_ex.o(i.HAL_TIMEx_BreakCallback)
    HAL_TIMEx_CommutationCallback            0x08002081   Thumb Code     2  stm32l4xx_hal_tim_ex.o(i.HAL_TIMEx_CommutationCallback)
    HAL_TIMEx_MasterConfigSynchronization    0x08002085   Thumb Code    98  stm32l4xx_hal_tim_ex.o(i.HAL_TIMEx_MasterConfigSynchronization)
    HAL_TIM_Base_Init                        0x080020f1   Thumb Code    52  stm32l4xx_hal_tim.o(i.HAL_TIM_Base_Init)
    HAL_TIM_Base_MspInit                     0x08002125   Thumb Code   112  timer.o(i.HAL_TIM_Base_MspInit)
    HAL_TIM_Base_Start_IT                    0x080021a1   Thumb Code    30  stm32l4xx_hal_tim.o(i.HAL_TIM_Base_Start_IT)
    HAL_TIM_Base_Stop_IT                     0x080021bf   Thumb Code    56  stm32l4xx_hal_tim.o(i.HAL_TIM_Base_Stop_IT)
    HAL_TIM_ConfigClockSource                0x080021f9   Thumb Code   308  stm32l4xx_hal_tim.o(i.HAL_TIM_ConfigClockSource)
    HAL_TIM_IC_CaptureCallback               0x08002331   Thumb Code     2  stm32l4xx_hal_tim.o(i.HAL_TIM_IC_CaptureCallback)
    HAL_TIM_IRQHandler                       0x08002333   Thumb Code   406  stm32l4xx_hal_tim.o(i.HAL_TIM_IRQHandler)
    HAL_TIM_OC_DelayElapsedCallback          0x080024c9   Thumb Code     2  stm32l4xx_hal_tim.o(i.HAL_TIM_OC_DelayElapsedCallback)
    HAL_TIM_PWM_PulseFinishedCallback        0x080024cb   Thumb Code     2  stm32l4xx_hal_tim.o(i.HAL_TIM_PWM_PulseFinishedCallback)
    HAL_TIM_PeriodElapsedCallback            0x080024cd   Thumb Code    32  main_tx.o(i.HAL_TIM_PeriodElapsedCallback)
    HAL_TIM_TriggerCallback                  0x080024f1   Thumb Code     2  stm32l4xx_hal_tim.o(i.HAL_TIM_TriggerCallback)
    HAL_UART_Init                            0x080024f3   Thumb Code   120  stm32l4xx_hal_uart.o(i.HAL_UART_Init)
    HAL_UART_MspInit                         0x0800256d   Thumb Code    92  usart.o(i.HAL_UART_MspInit)
    HardFault_Handler                        0x080025d1   Thumb Code     4  stm32l4xx_it.o(i.HardFault_Handler)
    I2C_Start                                0x080025d5   Thumb Code    48  oled.o(i.I2C_Start)
    I2C_Stop                                 0x08002609   Thumb Code    36  oled.o(i.I2C_Stop)
    I2C_WaitAck                              0x08002631   Thumb Code    26  oled.o(i.I2C_WaitAck)
    KEY_Init                                 0x08002651   Thumb Code   138  key.o(i.KEY_Init)
    LED_Init                                 0x080026ed   Thumb Code    72  led.o(i.LED_Init)
    LoRaConfig_Check                         0x08002739   Thumb Code   400  sx126x_driver.o(i.LoRaConfig_Check)
    MX_TIM3_Init_Ms                          0x08002905   Thumb Code    86  timer.o(i.MX_TIM3_Init_Ms)
    MX_USART2_UART_Init                      0x08002965   Thumb Code    56  usart.o(i.MX_USART2_UART_Init)
    MemManage_Handler                        0x080029a5   Thumb Code     4  stm32l4xx_it.o(i.MemManage_Handler)
    NMI_Handler                              0x080029a9   Thumb Code     2  stm32l4xx_it.o(i.NMI_Handler)
    OLED_Clear                               0x080029e5   Thumb Code    42  oled.o(i.OLED_Clear)
    OLED_DrawPoint                           0x08002a15   Thumb Code   100  oled.o(i.OLED_DrawPoint)
    OLED_Init                                0x08002a7d   Thumb Code   414  oled.o(i.OLED_Init)
    OLED_Pow                                 0x08002c29   Thumb Code    22  oled.o(i.OLED_Pow)
    OLED_Refresh                             0x08002c41   Thumb Code    70  oled.o(i.OLED_Refresh)
    OLED_ShowChar                            0x08002c8d   Thumb Code   254  oled.o(i.OLED_ShowChar)
    OLED_ShowNum                             0x08002d9f   Thumb Code   148  oled.o(i.OLED_ShowNum)
    OLED_ShowString                          0x08002e39   Thumb Code    70  oled.o(i.OLED_ShowString)
    OLED_WR_Byte                             0x08002e7f   Thumb Code    56  oled.o(i.OLED_WR_Byte)
    PendSV_Handler                           0x08002eb7   Thumb Code     2  stm32l4xx_it.o(i.PendSV_Handler)
    SVC_Handler                              0x08003115   Thumb Code     2  stm32l4xx_it.o(i.SVC_Handler)
    SX126XWriteRxTx                          0x08003117   Thumb Code    34  sx126x_driver.o(i.SX126XWriteRxTx)
    SX126X_Busy_GetState                     0x08003139   Thumb Code    16  sx126x_hal.o(i.SX126X_Busy_GetState)
    SX126X_Busy_INPUT                        0x0800314d   Thumb Code    58  sx126x_hal.o(i.SX126X_Busy_INPUT)
    SX126X_DIO1_GetState                     0x08003191   Thumb Code    16  sx126x_hal.o(i.SX126X_DIO1_GetState)
    SX126X_DIO1_INPUT                        0x080031a5   Thumb Code    68  sx126x_hal.o(i.SX126X_DIO1_INPUT)
    SX126X_DIO1_INTDISABLE                   0x080031f5   Thumb Code    10  sx126x_hal.o(i.SX126X_DIO1_INTDISABLE)
    SX126X_DIO1_INTENABLE                    0x080031ff   Thumb Code    10  sx126x_hal.o(i.SX126X_DIO1_INTENABLE)
    SX126X_DIO2_INPUT                        0x08003209   Thumb Code    68  sx126x_hal.o(i.SX126X_DIO2_INPUT)
    SX126X_InitIo                            0x08003259   Thumb Code    34  sx126x_driver.o(i.SX126X_InitIo)
    SX126X_NSS_OUTPUT                        0x0800327b   Thumb Code    20  sx126x_hal.o(i.SX126X_NSS_OUTPUT)
    SX126X_RESET_OUTPUT                      0x08003291   Thumb Code    74  sx126x_hal.o(i.SX126X_RESET_OUTPUT)
    SX126X_ReadWriteByte                     0x080032e1   Thumb Code    28  sx126x_hal.o(i.SX126X_ReadWriteByte)
    SX126X_Reset                             0x08003301   Thumb Code    34  sx126x_driver.o(i.SX126X_Reset)
    SX126X_RxPacket                          0x08003325   Thumb Code    44  sx126x_driver.o(i.SX126X_RxPacket)
    SX126X_SPIGPIO_Init                      0x08003359   Thumb Code   114  sx126x_hal.o(i.SX126X_SPIGPIO_Init)
    SX126X_SPI_Init                          0x080033d1   Thumb Code   172  sx126x_hal.o(i.SX126X_SPI_Init)
    SX126X_SWCTL1_OUTPUT                     0x08003489   Thumb Code    70  sx126x_hal.o(i.SX126X_SWCTL1_OUTPUT)
    SX126X_SWCTL2_OUTPUT                     0x080034d9   Thumb Code    68  sx126x_hal.o(i.SX126X_SWCTL2_OUTPUT)
    SX126X_StartRx                           0x08003525   Thumb Code    76  sx126x_driver.o(i.SX126X_StartRx)
    SX126X_TxPacket                          0x08003575   Thumb Code    74  sx126x_driver.o(i.SX126X_TxPacket)
    SX126xCalibrate                          0x080035c9   Thumb Code    14  sx126x_driver.o(i.SX126xCalibrate)
    SX126xCalibrateImage                     0x080035d9   Thumb Code   114  sx126x_driver.o(i.SX126xCalibrateImage)
    SX126xCalibrate_err                      0x08003661   Thumb Code    32  sx126x_driver.o(i.SX126xCalibrate_err)
    SX126xCheckDeviceReady                   0x08003681   Thumb Code    26  sx126x_driver.o(i.SX126xCheckDeviceReady)
    SX126xClearDeviceErrors                  0x0800369b   Thumb Code    18  sx126x_driver.o(i.SX126xClearDeviceErrors)
    SX126xClearIrqStatus                     0x080036ad   Thumb Code    28  sx126x_driver.o(i.SX126xClearIrqStatus)
    SX126xClearTimeoutEvent                  0x080036c9   Thumb Code    36  sx126x_driver.o(i.SX126xClearTimeoutEvent)
    SX126xGetDeviceErrors                    0x080036ed   Thumb Code   162  sx126x_driver.o(i.SX126xGetDeviceErrors)
    SX126xGetIrqStatus                       0x0800378f   Thumb Code    26  sx126x_driver.o(i.SX126xGetIrqStatus)
    SX126xGetOperatingMode                   0x080037a9   Thumb Code     6  sx126x_driver.o(i.SX126xGetOperatingMode)
    SX126xGetPacketStatus                    0x080037b5   Thumb Code    66  sx126x_driver.o(i.SX126xGetPacketStatus)
    SX126xGetPayload                         0x080037f7   Thumb Code    18  sx126x_driver.o(i.SX126xGetPayload)
    SX126xGetRxBufferStatus                  0x08003809   Thumb Code    50  sx126x_driver.o(i.SX126xGetRxBufferStatus)
    SX126xGetStatus                          0x0800383b   Thumb Code    30  sx126x_driver.o(i.SX126xGetStatus)
    SX126xReadBuffer                         0x08003859   Thumb Code    72  sx126x_driver.o(i.SX126xReadBuffer)
    SX126xReadCommand                        0x080038a1   Thumb Code    66  sx126x_driver.o(i.SX126xReadCommand)
    SX126xReadRegister                       0x080038e3   Thumb Code    20  sx126x_driver.o(i.SX126xReadRegister)
    SX126xReadRegisters                      0x080038f7   Thumb Code    78  sx126x_driver.o(i.SX126xReadRegisters)
    SX126xSendPayload                        0x08003945   Thumb Code    26  sx126x_driver.o(i.SX126xSendPayload)
    SX126xSetBufferBaseAddress               0x0800395f   Thumb Code    26  sx126x_driver.o(i.SX126xSetBufferBaseAddress)
    SX126xSetDio2AsRfSwitchCtrl              0x08003979   Thumb Code    14  sx126x_driver.o(i.SX126xSetDio2AsRfSwitchCtrl)
    SX126xSetDioIrqParams                    0x08003987   Thumb Code    74  sx126x_driver.o(i.SX126xSetDioIrqParams)
    SX126xSetLoRaSymbNumTimeout              0x080039d1   Thumb Code    14  sx126x_driver.o(i.SX126xSetLoRaSymbNumTimeout)
    SX126xSetLoraModulationParams            0x080039e1   Thumb Code   152  sx126x_driver.o(i.SX126xSetLoraModulationParams)
    SX126xSetLoraPacketParams                0x08003a89   Thumb Code   156  sx126x_driver.o(i.SX126xSetLoraPacketParams)
    SX126xSetPaConfig                        0x08003b29   Thumb Code    38  sx126x_driver.o(i.SX126xSetPaConfig)
    SX126xSetPacketType                      0x08003b4f   Thumb Code    30  sx126x_driver.o(i.SX126xSetPacketType)
    SX126xSetRegulatorMode                   0x08003b6d   Thumb Code    14  sx126x_driver.o(i.SX126xSetRegulatorMode)
    SX126xSetRfFrequency                     0x08003b7d   Thumb Code   146  sx126x_driver.o(i.SX126xSetRfFrequency)
    SX126xSetRfTxPower                       0x08003c31   Thumb Code    14  sx126x_driver.o(i.SX126xSetRfTxPower)
    SX126xSetRx                              0x08003c3f   Thumb Code    42  sx126x_driver.o(i.SX126xSetRx)
    SX126xSetStandby                         0x08003c69   Thumb Code    98  sx126x_driver.o(i.SX126xSetStandby)
    SX126xSetStopRxTimerOnPreambleDetect     0x08003cd1   Thumb Code    14  sx126x_driver.o(i.SX126xSetStopRxTimerOnPreambleDetect)
    SX126xSetTx                              0x08003cdf   Thumb Code    42  sx126x_driver.o(i.SX126xSetTx)
    SX126xSetTxParams                        0x08003d09   Thumb Code    68  sx126x_driver.o(i.SX126xSetTxParams)
    SX126xWaitOnBusy                         0x08003d4d   Thumb Code    18  sx126x_hal.o(i.SX126xWaitOnBusy)
    SX126xWakeup                             0x08003d5f   Thumb Code    32  sx126x_driver.o(i.SX126xWakeup)
    SX126xWriteBuffer                        0x08003d7f   Thumb Code    64  sx126x_driver.o(i.SX126xWriteBuffer)
    SX126xWriteCommand                       0x08003dbf   Thumb Code    62  sx126x_driver.o(i.SX126xWriteCommand)
    SX126xWriteRegister                      0x08003dfd   Thumb Code    16  sx126x_driver.o(i.SX126xWriteRegister)
    SX126xWriteRegisters                     0x08003e0d   Thumb Code    70  sx126x_driver.o(i.SX126xWriteRegisters)
    SX126x_Lora_init                         0x08003e55   Thumb Code   152  sx126x_driver.o(i.SX126x_Lora_init)
    Send_Byte                                0x08003ef1   Thumb Code    86  oled.o(i.Send_Byte)
    SysTick_Handler                          0x08003f4d   Thumb Code    12  stm32l4xx_it.o(i.SysTick_Handler)
    SystemClock_Config                       0x08003f59   Thumb Code   136  timer.o(i.SystemClock_Config)
    SystemInit                               0x08003fe1   Thumb Code    68  system_stm32l4xx.o(i.SystemInit)
    TIM3_IRQHandler                          0x08004031   Thumb Code    10  stm32l4xx_it.o(i.TIM3_IRQHandler)
    TIM4_IRQHandler                          0x08004041   Thumb Code    10  stm32l4xx_it.o(i.TIM4_IRQHandler)
    TIM_Base_SetConfig                       0x08004051   Thumb Code   160  stm32l4xx_hal_tim.o(i.TIM_Base_SetConfig)
    TIM_ETR_SetConfig                        0x08004111   Thumb Code    24  stm32l4xx_hal_tim.o(i.TIM_ETR_SetConfig)
    UART_AdvFeatureConfig                    0x08004193   Thumb Code   248  stm32l4xx_hal_uart.o(i.UART_AdvFeatureConfig)
    UART_CheckIdleState                      0x0800428b   Thumb Code   116  stm32l4xx_hal_uart.o(i.UART_CheckIdleState)
    UART_SetConfig                           0x08004301   Thumb Code  1156  stm32l4xx_hal_uart.o(i.UART_SetConfig)
    UART_WaitOnFlagUntilTimeout              0x0800478f   Thumb Code   108  stm32l4xx_hal_uart.o(i.UART_WaitOnFlagUntilTimeout)
    UsageFault_Handler                       0x080047fb   Thumb Code     4  stm32l4xx_it.o(i.UsageFault_Handler)
    __ARM_fpclassify                         0x080047ff   Thumb Code    48  fpclassify.o(i.__ARM_fpclassify)
    __hardfp_pow                             0x08004831   Thumb Code  3072  pow.o(i.__hardfp_pow)
    __kernel_poly                            0x080054b1   Thumb Code   248  poly.o(i.__kernel_poly)
    __mathlib_dbl_divzero                    0x080055a9   Thumb Code    28  dunder.o(i.__mathlib_dbl_divzero)
    __mathlib_dbl_infnan2                    0x080055d9   Thumb Code    20  dunder.o(i.__mathlib_dbl_infnan2)
    __mathlib_dbl_invalid                    0x080055f1   Thumb Code    24  dunder.o(i.__mathlib_dbl_invalid)
    __mathlib_dbl_overflow                   0x08005611   Thumb Code    24  dunder.o(i.__mathlib_dbl_overflow)
    __mathlib_dbl_underflow                  0x08005631   Thumb Code    24  dunder.o(i.__mathlib_dbl_underflow)
    __scatterload_copy                       0x08005651   Thumb Code    14  handlers.o(i.__scatterload_copy)
    __scatterload_null                       0x0800565f   Thumb Code     2  handlers.o(i.__scatterload_null)
    __scatterload_zeroinit                   0x08005661   Thumb Code    14  handlers.o(i.__scatterload_zeroinit)
    __set_errno                              0x08005671   Thumb Code     6  errno.o(i.__set_errno)
    fabs                                     0x0800567d   Thumb Code    24  fabs.o(i.fabs)
    main                                     0x08005695   Thumb Code   462  main_tx.o(i.main)
    sqrt                                     0x080058c9   Thumb Code   110  sqrt.o(i.sqrt)
    asc2_1206                                0x08005936   Data        1140  oled.o(.constdata)
    asc2_1608                                0x08005daa   Data        1520  oled.o(.constdata)
    asc2_2412                                0x0800639a   Data        3420  oled.o(.constdata)
    AHBPrescTable                            0x080070f8   Data          16  system_stm32l4xx.o(.constdata)
    APBPrescTable                            0x08007108   Data           8  system_stm32l4xx.o(.constdata)
    MSIRangeTable                            0x08007110   Data          48  system_stm32l4xx.o(.constdata)
    __mathlib_zero                           0x080071c8   Data           8  qnan.o(.constdata)
    Region$$Table$$Base                      0x080071d0   Number         0  anon$$obj.o(Region$$Table)
    Region$$Table$$Limit                     0x080071f0   Number         0  anon$$obj.o(Region$$Table)
    uwTick                                   0x20000000   Data           4  stm32l4xx_hal.o(.data)
    G_BandWidthKHz                           0x20000004   Data           4  sx126x_driver.o(.data)
    G_TsXms                                  0x20000008   Data           4  sx126x_driver.o(.data)
    G_LoRaConfig                             0x2000000c   Data          16  sx126x_driver.o(.data)
    SystemCoreClock                          0x20000020   Data           4  system_stm32l4xx.o(.data)
    TXbuffer                                 0x20000024   Data          10  main_tx.o(.data)
    Fre                                      0x20000030   Data          20  main_tx.o(.data)
    T_Cnt                                    0x20000044   Data           2  main_tx.o(.data)
    R_Cnt                                    0x20000046   Data           2  main_tx.o(.data)
    E_Cnt                                    0x20000048   Data           2  main_tx.o(.data)
    SF                                       0x2000004a   Data           1  main_tx.o(.data)
    BW                                       0x2000004c   Data           4  main_tx.o(.data)
    frq                                      0x20000050   Data           4  main_tx.o(.data)
    PktSnr_Value                             0x20000054   Data           1  main_tx.o(.data)
    SNR                                      0x20000055   Data           1  main_tx.o(.data)
    PktRssi_Value                            0x20000056   Data           1  main_tx.o(.data)
    RSSI                                     0x20000057   Data           1  main_tx.o(.data)
    Avg_RSSI                                 0x20000058   Data           1  main_tx.o(.data)
    communication_states                     0x20000059   Data           1  main_tx.o(.data)
    TIM3_InitStruct                          0x20000060   Data          60  timer.o(.bss)
    TIM4_InitStruct                          0x2000009c   Data          60  timer.o(.bss)
    G_LoRaPara                               0x200000d8   Data          16  sx126x_driver.o(.bss)
    SPI3_InitStruct                          0x200000e8   Data         100  sx126x_hal.o(.bss)
    Usart2_RX                                0x2000014c   Data        1028  usart.o(.bss)
    Usart1_RX                                0x20000550   Data        1028  usart.o(.bss)
    LPUsart1_RX                              0x20000954   Data        1028  usart.o(.bss)
    huart2                                   0x20000d58   Data         112  usart.o(.bss)
    OLED_GRAM                                0x20000dc8   Data        1152  oled.o(.bss)
    RXbuffer                                 0x20001248   Data          10  main_tx.o(.bss)
    __initial_sp                             0x20001658   Data           0  startup_stm32l476xx.o(STACK)



==============================================================================

Memory Map of the image

  Image Entry point : 0x08000189

  Load Region LR_IROM1 (Base: 0x08000000, Size: 0x00007250, Max: 0x00100000, ABSOLUTE)

    Execution Region ER_IROM1 (Exec base: 0x08000000, Load base: 0x08000000, Size: 0x000071f0, Max: 0x00100000, ABSOLUTE)

    Exec Addr    Load Addr    Size         Type   Attr      Idx    E Section Name        Object

    0x08000000   0x08000000   0x00000188   Data   RO         4919    RESET               startup_stm32l476xx.o
    0x08000188   0x08000188   0x00000000   Code   RO         5187  * .ARM.Collect$$$$00000000  mc_w.l(entry.o)
    0x08000188   0x08000188   0x00000004   Code   RO         5275    .ARM.Collect$$$$00000001  mc_w.l(entry2.o)
    0x0800018c   0x0800018c   0x00000004   Code   RO         5278    .ARM.Collect$$$$00000004  mc_w.l(entry5.o)
    0x08000190   0x08000190   0x00000000   Code   RO         5280    .ARM.Collect$$$$00000008  mc_w.l(entry7b.o)
    0x08000190   0x08000190   0x00000000   Code   RO         5282    .ARM.Collect$$$$0000000A  mc_w.l(entry8b.o)
    0x08000190   0x08000190   0x00000008   Code   RO         5283    .ARM.Collect$$$$0000000B  mc_w.l(entry9a.o)
    0x08000198   0x08000198   0x00000000   Code   RO         5285    .ARM.Collect$$$$0000000D  mc_w.l(entry10a.o)
    0x08000198   0x08000198   0x00000000   Code   RO         5287    .ARM.Collect$$$$0000000F  mc_w.l(entry11a.o)
    0x08000198   0x08000198   0x00000004   Code   RO         5276    .ARM.Collect$$$$00002712  mc_w.l(entry2.o)
    0x0800019c   0x0800019c   0x00000024   Code   RO         4920    .text               startup_stm32l476xx.o
    0x080001c0   0x080001c0   0x00000068   Code   RO         5190    .text               mc_w.l(uldiv.o)
    0x08000228   0x08000228   0x0000001a   Code   RO         5196    .text               mc_w.l(memcmp.o)
    0x08000242   0x08000242   0x000000de   Code   RO         5228    .text               mf_w.l(ddiv.o)
    0x08000320   0x08000320   0x0000001a   Code   RO         5230    .text               mf_w.l(dfltui.o)
    0x0800033a   0x0800033a   0x00000032   Code   RO         5232    .text               mf_w.l(dfixui.o)
    0x0800036c   0x0800036c   0x00000026   Code   RO         5234    .text               mf_w.l(f2d.o)
    0x08000392   0x08000392   0x00000002   PAD
    0x08000394   0x08000394   0x00000030   Code   RO         5236    .text               mf_w.l(cdrcmple.o)
    0x080003c4   0x080003c4   0x0000001e   Code   RO         5294    .text               mc_w.l(llshl.o)
    0x080003e2   0x080003e2   0x00000020   Code   RO         5296    .text               mc_w.l(llushr.o)
    0x08000402   0x08000402   0x00000000   Code   RO         5305    .text               mc_w.l(iusefp.o)
    0x08000402   0x08000402   0x000000ba   Code   RO         5306    .text               mf_w.l(depilogue.o)
    0x080004bc   0x080004bc   0x0000015e   Code   RO         5308    .text               mf_w.l(dadd.o)
    0x0800061a   0x0800061a   0x000000ea   Code   RO         5310    .text               mf_w.l(dmul.o)
    0x08000704   0x08000704   0x0000002e   Code   RO         5314    .text               mf_w.l(dscalb.o)
    0x08000732   0x08000732   0x00000022   Code   RO         5316    .text               mf_w.l(dflti.o)
    0x08000754   0x08000754   0x00000024   Code   RO         5320    .text               mc_w.l(init.o)
    0x08000778   0x08000778   0x00000024   Code   RO         5323    .text               mc_w.l(llsshr.o)
    0x0800079c   0x0800079c   0x000000a2   Code   RO         5326    .text               mf_w.l(dsqrt.o)
    0x0800083e   0x0800083e   0x00000002   PAD
    0x08000840   0x08000840   0x00000050   Code   RO         3992    i.BEEP_Init         beep.o
    0x08000890   0x08000890   0x00000004   Code   RO         5028    i.BusFault_Handler  stm32l4xx_it.o
    0x08000894   0x08000894   0x00000008   Code   RO         4022    i.DIO1_DisableInterrupt  sx126x_driver.o
    0x0800089c   0x0800089c   0x00000008   Code   RO         4023    i.DIO1_EnableInterrupt  sx126x_driver.o
    0x080008a4   0x080008a4   0x0000000c   Code   RO         4024    i.DIO1_GetState     sx126x_driver.o
    0x080008b0   0x080008b0   0x00000002   Code   RO         5029    i.DebugMon_Handler  stm32l4xx_it.o
    0x080008b2   0x080008b2   0x0000000a   Code   RO         5030    i.EXTI0_IRQHandler  stm32l4xx_it.o
    0x080008bc   0x080008bc   0x0000000c   Code   RO         5031    i.EXTI15_10_IRQHandler  stm32l4xx_it.o
    0x080008c8   0x080008c8   0x00000016   Code   RO         5032    i.EXTI1_IRQHandler  stm32l4xx_it.o
    0x080008de   0x080008de   0x00000002   Code   RO         5033    i.EXTI3_IRQHandler  stm32l4xx_it.o
    0x080008e0   0x080008e0   0x00000016   Code   RO         5034    i.EXTI4_IRQHandler  stm32l4xx_it.o
    0x080008f6   0x080008f6   0x0000000c   Code   RO         5035    i.EXTI9_5_IRQHandler  stm32l4xx_it.o
    0x08000902   0x08000902   0x00000004   Code   RO         4964    i.Error_Handler     main_tx.o
    0x08000906   0x08000906   0x00000020   Code   RO         1526    i.HAL_Delay         stm32l4xx_hal.o
    0x08000926   0x08000926   0x00000002   PAD
    0x08000928   0x08000928   0x0000040c   Code   RO         4965    i.HAL_GPIO_EXTI_Callback  main_tx.o
    0x08000d34   0x08000d34   0x0000001c   Code   RO            6    i.HAL_GPIO_EXTI_IRQHandler  stm32l4xx_hal_gpio.o
    0x08000d50   0x08000d50   0x00000208   Code   RO            7    i.HAL_GPIO_Init     stm32l4xx_hal_gpio.o
    0x08000f58   0x08000f58   0x00000010   Code   RO            9    i.HAL_GPIO_ReadPin  stm32l4xx_hal_gpio.o
    0x08000f68   0x08000f68   0x0000000a   Code   RO           11    i.HAL_GPIO_WritePin  stm32l4xx_hal_gpio.o
    0x08000f72   0x08000f72   0x00000002   PAD
    0x08000f74   0x08000f74   0x0000000c   Code   RO         1530    i.HAL_GetTick       stm32l4xx_hal.o
    0x08000f80   0x08000f80   0x00000010   Code   RO         1531    i.HAL_IncTick       stm32l4xx_hal.o
    0x08000f90   0x08000f90   0x00000016   Code   RO         1532    i.HAL_Init          stm32l4xx_hal.o
    0x08000fa6   0x08000fa6   0x00000002   PAD
    0x08000fa8   0x08000fa8   0x00000028   Code   RO         1533    i.HAL_InitTick      stm32l4xx_hal.o
    0x08000fd0   0x08000fd0   0x00000090   Code   RO         5152    i.HAL_MspInit       stm32l4xx_hal_msp.o
    0x08001060   0x08001060   0x0000001c   Code   RO          535    i.HAL_NVIC_DisableIRQ  stm32l4xx_hal_cortex.o
    0x0800107c   0x0800107c   0x0000001a   Code   RO          536    i.HAL_NVIC_EnableIRQ  stm32l4xx_hal_cortex.o
    0x08001096   0x08001096   0x00000082   Code   RO          542    i.HAL_NVIC_SetPriority  stm32l4xx_hal_cortex.o
    0x08001118   0x08001118   0x00000028   Code   RO          543    i.HAL_NVIC_SetPriorityGrouping  stm32l4xx_hal_cortex.o
    0x08001140   0x08001140   0x0000008c   Code   RO          188    i.HAL_PWREx_ControlVoltageScaling  stm32l4xx_hal_pwr_ex.o
    0x080011cc   0x080011cc   0x00000054   Code   RO          193    i.HAL_PWREx_DisableLowPowerRunMode  stm32l4xx_hal_pwr_ex.o
    0x08001220   0x08001220   0x00000014   Code   RO          206    i.HAL_PWREx_EnableLowPowerRunMode  stm32l4xx_hal_pwr_ex.o
    0x08001234   0x08001234   0x00000010   Code   RO          219    i.HAL_PWREx_GetVoltageRange  stm32l4xx_hal_pwr_ex.o
    0x08001244   0x08001244   0x00000014   Code   RO         1814    i.HAL_PWR_DisableSleepOnExit  stm32l4xx_hal_pwr.o
    0x08001258   0x08001258   0x00000014   Code   RO         1819    i.HAL_PWR_EnableSleepOnExit  stm32l4xx_hal_pwr.o
    0x0800126c   0x0800126c   0x00000050   Code   RO         1821    i.HAL_PWR_EnterSLEEPMode  stm32l4xx_hal_pwr.o
    0x080012bc   0x080012bc   0x000001e8   Code   RO          662    i.HAL_RCC_ClockConfig  stm32l4xx_hal_rcc.o
    0x080014a4   0x080014a4   0x0000000c   Code   RO          666    i.HAL_RCC_GetHCLKFreq  stm32l4xx_hal_rcc.o
    0x080014b0   0x080014b0   0x0000002c   Code   RO          668    i.HAL_RCC_GetPCLK1Freq  stm32l4xx_hal_rcc.o
    0x080014dc   0x080014dc   0x0000002c   Code   RO          669    i.HAL_RCC_GetPCLK2Freq  stm32l4xx_hal_rcc.o
    0x08001508   0x08001508   0x00000174   Code   RO          670    i.HAL_RCC_GetSysClockFreq  stm32l4xx_hal_rcc.o
    0x0800167c   0x0800167c   0x0000064c   Code   RO          673    i.HAL_RCC_OscConfig  stm32l4xx_hal_rcc.o
    0x08001cc8   0x08001cc8   0x000000c0   Code   RO         1934    i.HAL_SPI_Init      stm32l4xx_hal_spi.o
    0x08001d88   0x08001d88   0x00000002   Code   RO         1936    i.HAL_SPI_MspInit   stm32l4xx_hal_spi.o
    0x08001d8a   0x08001d8a   0x0000028e   Code   RO         1943    i.HAL_SPI_TransmitReceive  stm32l4xx_hal_spi.o
    0x08002018   0x08002018   0x00000028   Code   RO          545    i.HAL_SYSTICK_CLKSourceConfig  stm32l4xx_hal_cortex.o
    0x08002040   0x08002040   0x00000002   Code   RO          546    i.HAL_SYSTICK_Callback  stm32l4xx_hal_cortex.o
    0x08002042   0x08002042   0x00000034   Code   RO          547    i.HAL_SYSTICK_Config  stm32l4xx_hal_cortex.o
    0x08002076   0x08002076   0x00000008   Code   RO          548    i.HAL_SYSTICK_IRQHandler  stm32l4xx_hal_cortex.o
    0x0800207e   0x0800207e   0x00000002   Code   RO         2926    i.HAL_TIMEx_BreakCallback  stm32l4xx_hal_tim_ex.o
    0x08002080   0x08002080   0x00000002   Code   RO         2927    i.HAL_TIMEx_CommutationCallback  stm32l4xx_hal_tim_ex.o
    0x08002082   0x08002082   0x00000002   PAD
    0x08002084   0x08002084   0x0000006c   Code   RO         2945    i.HAL_TIMEx_MasterConfigSynchronization  stm32l4xx_hal_tim_ex.o
    0x080020f0   0x080020f0   0x00000034   Code   RO         2276    i.HAL_TIM_Base_Init  stm32l4xx_hal_tim.o
    0x08002124   0x08002124   0x0000007c   Code   RO         3915    i.HAL_TIM_Base_MspInit  timer.o
    0x080021a0   0x080021a0   0x0000001e   Code   RO         2281    i.HAL_TIM_Base_Start_IT  stm32l4xx_hal_tim.o
    0x080021be   0x080021be   0x00000038   Code   RO         2284    i.HAL_TIM_Base_Stop_IT  stm32l4xx_hal_tim.o
    0x080021f6   0x080021f6   0x00000002   PAD
    0x080021f8   0x080021f8   0x00000138   Code   RO         2285    i.HAL_TIM_ConfigClockSource  stm32l4xx_hal_tim.o
    0x08002330   0x08002330   0x00000002   Code   RO         2305    i.HAL_TIM_IC_CaptureCallback  stm32l4xx_hal_tim.o
    0x08002332   0x08002332   0x00000196   Code   RO         2318    i.HAL_TIM_IRQHandler  stm32l4xx_hal_tim.o
    0x080024c8   0x080024c8   0x00000002   Code   RO         2321    i.HAL_TIM_OC_DelayElapsedCallback  stm32l4xx_hal_tim.o
    0x080024ca   0x080024ca   0x00000002   Code   RO         2348    i.HAL_TIM_PWM_PulseFinishedCallback  stm32l4xx_hal_tim.o
    0x080024cc   0x080024cc   0x00000024   Code   RO         4966    i.HAL_TIM_PeriodElapsedCallback  main_tx.o
    0x080024f0   0x080024f0   0x00000002   Code   RO         2359    i.HAL_TIM_TriggerCallback  stm32l4xx_hal_tim.o
    0x080024f2   0x080024f2   0x00000078   Code   RO         3528    i.HAL_UART_Init     stm32l4xx_hal_uart.o
    0x0800256a   0x0800256a   0x00000002   PAD
    0x0800256c   0x0800256c   0x00000064   Code   RO         4659    i.HAL_UART_MspInit  usart.o
    0x080025d0   0x080025d0   0x00000004   Code   RO         5036    i.HardFault_Handler  stm32l4xx_it.o
    0x080025d4   0x080025d4   0x00000034   Code   RO         4762    i.I2C_Start         oled.o
    0x08002608   0x08002608   0x00000028   Code   RO         4763    i.I2C_Stop          oled.o
    0x08002630   0x08002630   0x00000020   Code   RO         4764    i.I2C_WaitAck       oled.o
    0x08002650   0x08002650   0x0000009c   Code   RO         3880    i.KEY_Init          key.o
    0x080026ec   0x080026ec   0x0000004c   Code   RO         3853    i.LED_Init          led.o
    0x08002738   0x08002738   0x000001cc   Code   RO         4030    i.LoRaConfig_Check  sx126x_driver.o
    0x08002904   0x08002904   0x00000060   Code   RO         3916    i.MX_TIM3_Init_Ms   timer.o
    0x08002964   0x08002964   0x00000040   Code   RO         4661    i.MX_USART2_UART_Init  usart.o
    0x080029a4   0x080029a4   0x00000004   Code   RO         5037    i.MemManage_Handler  stm32l4xx_it.o
    0x080029a8   0x080029a8   0x00000002   Code   RO         5038    i.NMI_Handler       stm32l4xx_it.o
    0x080029aa   0x080029aa   0x00000002   PAD
    0x080029ac   0x080029ac   0x00000010   Code   RO          549    i.NVIC_GetPriorityGrouping  stm32l4xx_hal_cortex.o
    0x080029bc   0x080029bc   0x00000028   Code   RO          550    i.NVIC_SetPriority  stm32l4xx_hal_cortex.o
    0x080029e4   0x080029e4   0x00000030   Code   RO         4765    i.OLED_Clear        oled.o
    0x08002a14   0x08002a14   0x00000068   Code   RO         4772    i.OLED_DrawPoint    oled.o
    0x08002a7c   0x08002a7c   0x000001ac   Code   RO         4773    i.OLED_Init         oled.o
    0x08002c28   0x08002c28   0x00000016   Code   RO         4774    i.OLED_Pow          oled.o
    0x08002c3e   0x08002c3e   0x00000002   PAD
    0x08002c40   0x08002c40   0x0000004c   Code   RO         4775    i.OLED_Refresh      oled.o
    0x08002c8c   0x08002c8c   0x00000112   Code   RO         4776    i.OLED_ShowChar     oled.o
    0x08002d9e   0x08002d9e   0x0000009a   Code   RO         4777    i.OLED_ShowNum      oled.o
    0x08002e38   0x08002e38   0x00000046   Code   RO         4779    i.OLED_ShowString   oled.o
    0x08002e7e   0x08002e7e   0x00000038   Code   RO         4781    i.OLED_WR_Byte      oled.o
    0x08002eb6   0x08002eb6   0x00000002   Code   RO         5039    i.PendSV_Handler    stm32l4xx_it.o
    0x08002eb8   0x08002eb8   0x000000a0   Code   RO          674    i.RCC_SetFlashLatencyFromMSIRange  stm32l4xx_hal_rcc.o
    0x08002f58   0x08002f58   0x00000064   Code   RO         1972    i.SPI_EndRxTxTransaction  stm32l4xx_hal_spi.o
    0x08002fbc   0x08002fbc   0x000000b0   Code   RO         1977    i.SPI_WaitFifoStateUntilTimeout  stm32l4xx_hal_spi.o
    0x0800306c   0x0800306c   0x000000a8   Code   RO         1978    i.SPI_WaitFlagStateUntilTimeout  stm32l4xx_hal_spi.o
    0x08003114   0x08003114   0x00000002   Code   RO         5040    i.SVC_Handler       stm32l4xx_it.o
    0x08003116   0x08003116   0x00000022   Code   RO         4032    i.SX126XWriteRxTx   sx126x_driver.o
    0x08003138   0x08003138   0x00000014   Code   RO         4510    i.SX126X_Busy_GetState  sx126x_hal.o
    0x0800314c   0x0800314c   0x00000044   Code   RO         4511    i.SX126X_Busy_INPUT  sx126x_hal.o
    0x08003190   0x08003190   0x00000014   Code   RO         4514    i.SX126X_DIO1_GetState  sx126x_hal.o
    0x080031a4   0x080031a4   0x00000050   Code   RO         4515    i.SX126X_DIO1_INPUT  sx126x_hal.o
    0x080031f4   0x080031f4   0x0000000a   Code   RO         4516    i.SX126X_DIO1_INTDISABLE  sx126x_hal.o
    0x080031fe   0x080031fe   0x0000000a   Code   RO         4517    i.SX126X_DIO1_INTENABLE  sx126x_hal.o
    0x08003208   0x08003208   0x00000050   Code   RO         4519    i.SX126X_DIO2_INPUT  sx126x_hal.o
    0x08003258   0x08003258   0x00000022   Code   RO         4036    i.SX126X_InitIo     sx126x_driver.o
    0x0800327a   0x0800327a   0x00000014   Code   RO         4522    i.SX126X_NSS_OUTPUT  sx126x_hal.o
    0x0800328e   0x0800328e   0x00000002   PAD
    0x08003290   0x08003290   0x00000050   Code   RO         4523    i.SX126X_RESET_OUTPUT  sx126x_hal.o
    0x080032e0   0x080032e0   0x00000020   Code   RO         4524    i.SX126X_ReadWriteByte  sx126x_hal.o
    0x08003300   0x08003300   0x00000022   Code   RO         4037    i.SX126X_Reset      sx126x_driver.o
    0x08003322   0x08003322   0x00000002   PAD
    0x08003324   0x08003324   0x00000034   Code   RO         4038    i.SX126X_RxPacket   sx126x_driver.o
    0x08003358   0x08003358   0x00000078   Code   RO         4525    i.SX126X_SPIGPIO_Init  sx126x_hal.o
    0x080033d0   0x080033d0   0x000000b8   Code   RO         4526    i.SX126X_SPI_Init   sx126x_hal.o
    0x08003488   0x08003488   0x00000050   Code   RO         4527    i.SX126X_SWCTL1_OUTPUT  sx126x_hal.o
    0x080034d8   0x080034d8   0x0000004c   Code   RO         4528    i.SX126X_SWCTL2_OUTPUT  sx126x_hal.o
    0x08003524   0x08003524   0x00000050   Code   RO         4039    i.SX126X_StartRx    sx126x_driver.o
    0x08003574   0x08003574   0x00000054   Code   RO         4040    i.SX126X_TxPacket   sx126x_driver.o
    0x080035c8   0x080035c8   0x0000000e   Code   RO         4044    i.SX126xCalibrate   sx126x_driver.o
    0x080035d6   0x080035d6   0x00000002   PAD
    0x080035d8   0x080035d8   0x00000088   Code   RO         4045    i.SX126xCalibrateImage  sx126x_driver.o
    0x08003660   0x08003660   0x00000020   Code   RO         4046    i.SX126xCalibrate_err  sx126x_driver.o
    0x08003680   0x08003680   0x0000001a   Code   RO         4047    i.SX126xCheckDeviceReady  sx126x_driver.o
    0x0800369a   0x0800369a   0x00000012   Code   RO         4048    i.SX126xClearDeviceErrors  sx126x_driver.o
    0x080036ac   0x080036ac   0x0000001c   Code   RO         4049    i.SX126xClearIrqStatus  sx126x_driver.o
    0x080036c8   0x080036c8   0x00000024   Code   RO         4050    i.SX126xClearTimeoutEvent  sx126x_driver.o
    0x080036ec   0x080036ec   0x000000a2   Code   RO         4051    i.SX126xGetDeviceErrors  sx126x_driver.o
    0x0800378e   0x0800378e   0x0000001a   Code   RO         4052    i.SX126xGetIrqStatus  sx126x_driver.o
    0x080037a8   0x080037a8   0x0000000c   Code   RO         4053    i.SX126xGetOperatingMode  sx126x_driver.o
    0x080037b4   0x080037b4   0x00000042   Code   RO         4054    i.SX126xGetPacketStatus  sx126x_driver.o
    0x080037f6   0x080037f6   0x00000012   Code   RO         4055    i.SX126xGetPayload  sx126x_driver.o
    0x08003808   0x08003808   0x00000032   Code   RO         4057    i.SX126xGetRxBufferStatus  sx126x_driver.o
    0x0800383a   0x0800383a   0x0000001e   Code   RO         4058    i.SX126xGetStatus   sx126x_driver.o
    0x08003858   0x08003858   0x00000048   Code   RO         4059    i.SX126xReadBuffer  sx126x_driver.o
    0x080038a0   0x080038a0   0x00000042   Code   RO         4060    i.SX126xReadCommand  sx126x_driver.o
    0x080038e2   0x080038e2   0x00000014   Code   RO         4062    i.SX126xReadRegister  sx126x_driver.o
    0x080038f6   0x080038f6   0x0000004e   Code   RO         4063    i.SX126xReadRegisters  sx126x_driver.o
    0x08003944   0x08003944   0x0000001a   Code   RO         4064    i.SX126xSendPayload  sx126x_driver.o
    0x0800395e   0x0800395e   0x0000001a   Code   RO         4065    i.SX126xSetBufferBaseAddress  sx126x_driver.o
    0x08003978   0x08003978   0x0000000e   Code   RO         4068    i.SX126xSetDio2AsRfSwitchCtrl  sx126x_driver.o
    0x08003986   0x08003986   0x0000004a   Code   RO         4070    i.SX126xSetDioIrqParams  sx126x_driver.o
    0x080039d0   0x080039d0   0x0000000e   Code   RO         4072    i.SX126xSetLoRaSymbNumTimeout  sx126x_driver.o
    0x080039de   0x080039de   0x00000002   PAD
    0x080039e0   0x080039e0   0x000000a8   Code   RO         4073    i.SX126xSetLoraModulationParams  sx126x_driver.o
    0x08003a88   0x08003a88   0x000000a0   Code   RO         4074    i.SX126xSetLoraPacketParams  sx126x_driver.o
    0x08003b28   0x08003b28   0x00000026   Code   RO         4075    i.SX126xSetPaConfig  sx126x_driver.o
    0x08003b4e   0x08003b4e   0x0000001e   Code   RO         4076    i.SX126xSetPacketType  sx126x_driver.o
    0x08003b6c   0x08003b6c   0x0000000e   Code   RO         4077    i.SX126xSetRegulatorMode  sx126x_driver.o
    0x08003b7a   0x08003b7a   0x00000002   PAD
    0x08003b7c   0x08003b7c   0x000000b4   Code   RO         4078    i.SX126xSetRfFrequency  sx126x_driver.o
    0x08003c30   0x08003c30   0x0000000e   Code   RO         4079    i.SX126xSetRfTxPower  sx126x_driver.o
    0x08003c3e   0x08003c3e   0x0000002a   Code   RO         4080    i.SX126xSetRx       sx126x_driver.o
    0x08003c68   0x08003c68   0x00000068   Code   RO         4082    i.SX126xSetStandby  sx126x_driver.o
    0x08003cd0   0x08003cd0   0x0000000e   Code   RO         4083    i.SX126xSetStopRxTimerOnPreambleDetect  sx126x_driver.o
    0x08003cde   0x08003cde   0x0000002a   Code   RO         4084    i.SX126xSetTx       sx126x_driver.o
    0x08003d08   0x08003d08   0x00000044   Code   RO         4085    i.SX126xSetTxParams  sx126x_driver.o
    0x08003d4c   0x08003d4c   0x00000012   Code   RO         4529    i.SX126xWaitOnBusy  sx126x_hal.o
    0x08003d5e   0x08003d5e   0x00000020   Code   RO         4087    i.SX126xWakeup      sx126x_driver.o
    0x08003d7e   0x08003d7e   0x00000040   Code   RO         4088    i.SX126xWriteBuffer  sx126x_driver.o
    0x08003dbe   0x08003dbe   0x0000003e   Code   RO         4089    i.SX126xWriteCommand  sx126x_driver.o
    0x08003dfc   0x08003dfc   0x00000010   Code   RO         4091    i.SX126xWriteRegister  sx126x_driver.o
    0x08003e0c   0x08003e0c   0x00000046   Code   RO         4092    i.SX126xWriteRegisters  sx126x_driver.o
    0x08003e52   0x08003e52   0x00000002   PAD
    0x08003e54   0x08003e54   0x0000009c   Code   RO         4093    i.SX126x_Lora_init  sx126x_driver.o
    0x08003ef0   0x08003ef0   0x0000005c   Code   RO         4782    i.Send_Byte         oled.o
    0x08003f4c   0x08003f4c   0x0000000c   Code   RO         5041    i.SysTick_Handler   stm32l4xx_it.o
    0x08003f58   0x08003f58   0x00000088   Code   RO         3922    i.SystemClock_Config  timer.o
    0x08003fe0   0x08003fe0   0x00000050   Code   RO         4928    i.SystemInit        system_stm32l4xx.o
    0x08004030   0x08004030   0x00000010   Code   RO         5042    i.TIM3_IRQHandler   stm32l4xx_it.o
    0x08004040   0x08004040   0x00000010   Code   RO         5043    i.TIM4_IRQHandler   stm32l4xx_it.o
    0x08004050   0x08004050   0x000000c0   Code   RO         2360    i.TIM_Base_SetConfig  stm32l4xx_hal_tim.o
    0x08004110   0x08004110   0x00000018   Code   RO         2367    i.TIM_ETR_SetConfig  stm32l4xx_hal_tim.o
    0x08004128   0x08004128   0x00000014   Code   RO         2368    i.TIM_ITRx_SetConfig  stm32l4xx_hal_tim.o
    0x0800413c   0x0800413c   0x0000002a   Code   RO         2376    i.TIM_TI1_ConfigInputStage  stm32l4xx_hal_tim.o
    0x08004166   0x08004166   0x0000002c   Code   RO         2378    i.TIM_TI2_ConfigInputStage  stm32l4xx_hal_tim.o
    0x08004192   0x08004192   0x000000f8   Code   RO         3541    i.UART_AdvFeatureConfig  stm32l4xx_hal_uart.o
    0x0800428a   0x0800428a   0x00000074   Code   RO         3542    i.UART_CheckIdleState  stm32l4xx_hal_uart.o
    0x080042fe   0x080042fe   0x00000002   PAD
    0x08004300   0x08004300   0x0000048e   Code   RO         3557    i.UART_SetConfig    stm32l4xx_hal_uart.o
    0x0800478e   0x0800478e   0x0000006c   Code   RO         3559    i.UART_WaitOnFlagUntilTimeout  stm32l4xx_hal_uart.o
    0x080047fa   0x080047fa   0x00000004   Code   RO         5044    i.UsageFault_Handler  stm32l4xx_it.o
    0x080047fe   0x080047fe   0x00000030   Code   RO         5258    i.__ARM_fpclassify  m_wm.l(fpclassify.o)
    0x0800482e   0x0800482e   0x00000002   PAD
    0x08004830   0x08004830   0x00000c80   Code   RO         5173    i.__hardfp_pow      m_wm.l(pow.o)
    0x080054b0   0x080054b0   0x000000f8   Code   RO         5260    i.__kernel_poly     m_wm.l(poly.o)
    0x080055a8   0x080055a8   0x00000030   Code   RO         5238    i.__mathlib_dbl_divzero  m_wm.l(dunder.o)
    0x080055d8   0x080055d8   0x00000014   Code   RO         5240    i.__mathlib_dbl_infnan2  m_wm.l(dunder.o)
    0x080055ec   0x080055ec   0x00000004   PAD
    0x080055f0   0x080055f0   0x00000020   Code   RO         5241    i.__mathlib_dbl_invalid  m_wm.l(dunder.o)
    0x08005610   0x08005610   0x00000020   Code   RO         5242    i.__mathlib_dbl_overflow  m_wm.l(dunder.o)
    0x08005630   0x08005630   0x00000020   Code   RO         5244    i.__mathlib_dbl_underflow  m_wm.l(dunder.o)
    0x08005650   0x08005650   0x0000000e   Code   RO         5332    i.__scatterload_copy  mc_w.l(handlers.o)
    0x0800565e   0x0800565e   0x00000002   Code   RO         5333    i.__scatterload_null  mc_w.l(handlers.o)
    0x08005660   0x08005660   0x0000000e   Code   RO         5334    i.__scatterload_zeroinit  mc_w.l(handlers.o)
    0x0800566e   0x0800566e   0x00000002   PAD
    0x08005670   0x08005670   0x0000000c   Code   RO         5300    i.__set_errno       mc_w.l(errno.o)
    0x0800567c   0x0800567c   0x00000018   Code   RO         5254    i.fabs              m_wm.l(fabs.o)
    0x08005694   0x08005694   0x00000234   Code   RO         4967    i.main              main_tx.o
    0x080058c8   0x080058c8   0x0000006e   Code   RO         5265    i.sqrt              m_wm.l(sqrt.o)
    0x08005936   0x08005936   0x000017c0   Data   RO         4784    .constdata          oled.o
    0x080070f6   0x080070f6   0x00000002   PAD
    0x080070f8   0x080070f8   0x00000048   Data   RO         4929    .constdata          system_stm32l4xx.o
    0x08007140   0x08007140   0x00000088   Data   RO         5176    .constdata          m_wm.l(pow.o)
    0x080071c8   0x080071c8   0x00000008   Data   RO         5262    .constdata          m_wm.l(qnan.o)
    0x080071d0   0x080071d0   0x00000020   Data   RO         5330    Region$$Table       anon$$obj.o


    Execution Region RW_IRAM1 (Exec base: 0x20000000, Load base: 0x080071f0, Size: 0x00001658, Max: 0x00018000, ABSOLUTE)

    Exec Addr    Load Addr    Size         Type   Attr      Idx    E Section Name        Object

    0x20000000   0x080071f0   0x00000004   Data   RW         1548    .data               stm32l4xx_hal.o
    0x20000004   0x080071f4   0x00000019   Data   RW         4095    .data               sx126x_driver.o
    0x2000001d   0x0800720d   0x00000003   PAD
    0x20000020   0x08007210   0x00000004   Data   RW         4930    .data               system_stm32l4xx.o
    0x20000024   0x08007214   0x00000038   Data   RW         4969    .data               main_tx.o
    0x2000005c   0x0800724c   0x00000004   Data   RW         5301    .data               mc_w.l(errno.o)
    0x20000060        -       0x00000078   Zero   RW         3923    .bss                timer.o
    0x200000d8        -       0x00000010   Zero   RW         4094    .bss                sx126x_driver.o
    0x200000e8        -       0x00000064   Zero   RW         4530    .bss                sx126x_hal.o
    0x2000014c        -       0x00000c7c   Zero   RW         4666    .bss                usart.o
    0x20000dc8        -       0x00000480   Zero   RW         4783    .bss                oled.o
    0x20001248        -       0x0000000a   Zero   RW         4968    .bss                main_tx.o
    0x20001252   0x08007250   0x00000006   PAD
    0x20001258        -       0x00000400   Zero   RW         4917    STACK               startup_stm32l476xx.o


==============================================================================

Image component sizes


      Code (inc. data)   RO Data    RW Data    ZI Data      Debug   Object Name

        80         10          0          0          0       1140   beep.o
       156         18          0          0          0       1211   key.o
        76          4          0          0          0       1131   led.o
      1640        202          0         56         10       4802   main_tx.o
      1448         64       6080          0       1152      11611   oled.o
        36          8        392          0       1024        884   startup_stm32l476xx.o
       122         14          0          4          0       4847   stm32l4xx_hal.o
       382         28          0          0          0      34375   stm32l4xx_hal_cortex.o
       574         40          0          0          0     816458   stm32l4xx_hal_gpio.o
       144          4          0          0          0       1086   stm32l4xx_hal_msp.o
       120         22          0          0          0       2110   stm32l4xx_hal_pwr.o
       260         36          0          0          0       3007   stm32l4xx_hal_pwr_ex.o
      2732         96          0          0          0       7832   stm32l4xx_hal_rcc.o
      1292          0          0          0          0       6683   stm32l4xx_hal_spi.o
      1186         36          0          0          0      11626   stm32l4xx_hal_tim.o
       112         10          0          0          0       2962   stm32l4xx_hal_tim_ex.o
      1758         50          0          0          0       5393   stm32l4xx_hal_uart.o
       148         12          0          0          0       9670   stm32l4xx_it.o
      3124        186          0         25         16      43640   sx126x_driver.o
       898         88          0          0        100      11355   sx126x_hal.o
        80         12         72          4          0       1513   system_stm32l4xx.o
       356         22          0          0        120       3280   timer.o
       164         16          0          0       3196       2986   usart.o

    ----------------------------------------------------------------------
     16918        978       6578         92       5624     989602   Object Totals
         0          0         32          0          0          0   (incl. Generated)
        30          0          2          3          6          0   (incl. Padding)

    ----------------------------------------------------------------------

      Code (inc. data)   RO Data    RW Data    ZI Data      Debug   Library Member Name

       164         44          0          0          0        620   dunder.o
        24          0          0          0          0        124   fabs.o
        48          0          0          0          0        124   fpclassify.o
       248          0          0          0          0        152   poly.o
      3200        296        136          0          0        352   pow.o
         0          0          8          0          0          0   qnan.o
       110          0          0          0          0        148   sqrt.o
         0          0          0          0          0          0   entry.o
         0          0          0          0          0          0   entry10a.o
         0          0          0          0          0          0   entry11a.o
         8          4          0          0          0          0   entry2.o
         4          0          0          0          0          0   entry5.o
         0          0          0          0          0          0   entry7b.o
         0          0          0          0          0          0   entry8b.o
         8          4          0          0          0          0   entry9a.o
        12          6          0          4          0         68   errno.o
        30          0          0          0          0          0   handlers.o
        36          8          0          0          0         68   init.o
         0          0          0          0          0          0   iusefp.o
        30          0          0          0          0         68   llshl.o
        36          0          0          0          0         68   llsshr.o
        32          0          0          0          0         68   llushr.o
        26          0          0          0          0         80   memcmp.o
       104          0          0          0          0         92   uldiv.o
        48          0          0          0          0         68   cdrcmple.o
       350          0          0          0          0        148   dadd.o
       222          0          0          0          0        100   ddiv.o
       186          0          0          0          0        176   depilogue.o
        50          0          0          0          0         76   dfixui.o
        34          0          0          0          0         76   dflti.o
        26          0          0          0          0         76   dfltui.o
       234          0          0          0          0         96   dmul.o
        46          0          0          0          0         80   dscalb.o
       162          0          0          0          0        100   dsqrt.o
        38          0          0          0          0         68   f2d.o

    ----------------------------------------------------------------------
      5528        362        144          4          0       3096   Library Totals
        12          0          0          0          0          0   (incl. Padding)

    ----------------------------------------------------------------------

      Code (inc. data)   RO Data    RW Data    ZI Data      Debug   Library Name

      3794        340        144          0          0       1520   m_wm.l
       326         22          0          4          0        512   mc_w.l
      1396          0          0          0          0       1064   mf_w.l

    ----------------------------------------------------------------------
      5528        362        144          4          0       3096   Library Totals

    ----------------------------------------------------------------------

==============================================================================


      Code (inc. data)   RO Data    RW Data    ZI Data      Debug   

     22446       1340       6722         96       5624     974774   Grand Totals
     22446       1340       6722         96       5624     974774   ELF Image Totals
     22446       1340       6722         96          0          0   ROM Totals

==============================================================================

    Total RO  Size (Code + RO Data)                29168 (  28.48kB)
    Total RW  Size (RW Data + ZI Data)              5720 (   5.59kB)
    Total ROM Size (Code + RO Data + RW Data)      29264 (  28.58kB)

==============================================================================

