Component: ARM Compiler 5.06 update 6 (build 750) Tool: armlink [4d35ed]

==============================================================================

Section Cross References

    stm32l4xx_hal_gpio.o(i.HAL_GPIO_EXTI_IRQHandler) refers to main_tx.o(i.HAL_GPIO_EXTI_Callback) for HAL_GPIO_EXTI_Callback
    stm32l4xx_hal_pwr_ex.o(i.HAL_PWREx_ControlVoltageScaling) refers to system_stm32l4xx.o(.data) for SystemCoreClock
    stm32l4xx_hal_pwr_ex.o(i.HAL_PWREx_DisableLowPowerRunMode) refers to system_stm32l4xx.o(.data) for SystemCoreClock
    stm32l4xx_hal_pwr_ex.o(i.HAL_PWREx_PVD_PVM_IRQHandler) refers to stm32l4xx_hal_pwr.o(i.HAL_PWR_PVDCallback) for HAL_PWR_PVDCallback
    stm32l4xx_hal_pwr_ex.o(i.HAL_PWREx_PVD_PVM_IRQHandler) refers to stm32l4xx_hal_pwr_ex.o(i.HAL_PWREx_PVM1Callback) for HAL_PWREx_PVM1Callback
    stm32l4xx_hal_pwr_ex.o(i.HAL_PWREx_PVD_PVM_IRQHandler) refers to stm32l4xx_hal_pwr_ex.o(i.HAL_PWREx_PVM2Callback) for HAL_PWREx_PVM2Callback
    stm32l4xx_hal_pwr_ex.o(i.HAL_PWREx_PVD_PVM_IRQHandler) refers to stm32l4xx_hal_pwr_ex.o(i.HAL_PWREx_PVM3Callback) for HAL_PWREx_PVM3Callback
    stm32l4xx_hal_pwr_ex.o(i.HAL_PWREx_PVD_PVM_IRQHandler) refers to stm32l4xx_hal_pwr_ex.o(i.HAL_PWREx_PVM4Callback) for HAL_PWREx_PVM4Callback
    stm32l4xx_hal_flash_ex.o(i.FLASH_FlushCaches) refers to stm32l4xx_hal_flash.o(.bss) for pFlash
    stm32l4xx_hal_flash_ex.o(i.FLASH_OB_PCROPConfig) refers to stm32l4xx_hal_flash.o(i.FLASH_WaitForLastOperation) for FLASH_WaitForLastOperation
    stm32l4xx_hal_flash_ex.o(i.FLASH_OB_RDPConfig) refers to stm32l4xx_hal_flash.o(i.FLASH_WaitForLastOperation) for FLASH_WaitForLastOperation
    stm32l4xx_hal_flash_ex.o(i.FLASH_OB_UserConfig) refers to stm32l4xx_hal_flash.o(i.FLASH_WaitForLastOperation) for FLASH_WaitForLastOperation
    stm32l4xx_hal_flash_ex.o(i.FLASH_OB_WRPConfig) refers to stm32l4xx_hal_flash.o(i.FLASH_WaitForLastOperation) for FLASH_WaitForLastOperation
    stm32l4xx_hal_flash_ex.o(i.HAL_FLASHEx_Erase) refers to stm32l4xx_hal_flash.o(i.FLASH_WaitForLastOperation) for FLASH_WaitForLastOperation
    stm32l4xx_hal_flash_ex.o(i.HAL_FLASHEx_Erase) refers to stm32l4xx_hal_flash_ex.o(i.FLASH_MassErase) for FLASH_MassErase
    stm32l4xx_hal_flash_ex.o(i.HAL_FLASHEx_Erase) refers to stm32l4xx_hal_flash_ex.o(i.FLASH_PageErase) for FLASH_PageErase
    stm32l4xx_hal_flash_ex.o(i.HAL_FLASHEx_Erase) refers to stm32l4xx_hal_flash_ex.o(i.FLASH_FlushCaches) for FLASH_FlushCaches
    stm32l4xx_hal_flash_ex.o(i.HAL_FLASHEx_Erase) refers to stm32l4xx_hal_flash.o(.bss) for pFlash
    stm32l4xx_hal_flash_ex.o(i.HAL_FLASHEx_Erase_IT) refers to stm32l4xx_hal_flash_ex.o(i.FLASH_MassErase) for FLASH_MassErase
    stm32l4xx_hal_flash_ex.o(i.HAL_FLASHEx_Erase_IT) refers to stm32l4xx_hal_flash_ex.o(i.FLASH_PageErase) for FLASH_PageErase
    stm32l4xx_hal_flash_ex.o(i.HAL_FLASHEx_Erase_IT) refers to stm32l4xx_hal_flash.o(.bss) for pFlash
    stm32l4xx_hal_flash_ex.o(i.HAL_FLASHEx_OBGetConfig) refers to stm32l4xx_hal_flash_ex.o(i.FLASH_OB_GetWRP) for FLASH_OB_GetWRP
    stm32l4xx_hal_flash_ex.o(i.HAL_FLASHEx_OBGetConfig) refers to stm32l4xx_hal_flash_ex.o(i.FLASH_OB_GetRDP) for FLASH_OB_GetRDP
    stm32l4xx_hal_flash_ex.o(i.HAL_FLASHEx_OBGetConfig) refers to stm32l4xx_hal_flash_ex.o(i.FLASH_OB_GetUser) for FLASH_OB_GetUser
    stm32l4xx_hal_flash_ex.o(i.HAL_FLASHEx_OBGetConfig) refers to stm32l4xx_hal_flash_ex.o(i.FLASH_OB_GetPCROP) for FLASH_OB_GetPCROP
    stm32l4xx_hal_flash_ex.o(i.HAL_FLASHEx_OBProgram) refers to stm32l4xx_hal_flash_ex.o(i.FLASH_OB_WRPConfig) for FLASH_OB_WRPConfig
    stm32l4xx_hal_flash_ex.o(i.HAL_FLASHEx_OBProgram) refers to stm32l4xx_hal_flash_ex.o(i.FLASH_OB_RDPConfig) for FLASH_OB_RDPConfig
    stm32l4xx_hal_flash_ex.o(i.HAL_FLASHEx_OBProgram) refers to stm32l4xx_hal_flash_ex.o(i.FLASH_OB_UserConfig) for FLASH_OB_UserConfig
    stm32l4xx_hal_flash_ex.o(i.HAL_FLASHEx_OBProgram) refers to stm32l4xx_hal_flash_ex.o(i.FLASH_OB_PCROPConfig) for FLASH_OB_PCROPConfig
    stm32l4xx_hal_flash_ex.o(i.HAL_FLASHEx_OBProgram) refers to stm32l4xx_hal_flash.o(.bss) for pFlash
    stm32l4xx_hal_cortex.o(i.HAL_NVIC_GetPriorityGrouping) refers to stm32l4xx_hal_cortex.o(i.NVIC_GetPriorityGrouping) for NVIC_GetPriorityGrouping
    stm32l4xx_hal_cortex.o(i.HAL_NVIC_SetPriority) refers to stm32l4xx_hal_cortex.o(i.NVIC_GetPriorityGrouping) for NVIC_GetPriorityGrouping
    stm32l4xx_hal_cortex.o(i.HAL_NVIC_SetPriority) refers to stm32l4xx_hal_cortex.o(i.NVIC_SetPriority) for NVIC_SetPriority
    stm32l4xx_hal_cortex.o(i.HAL_SYSTICK_Config) refers to stm32l4xx_hal_cortex.o(i.NVIC_SetPriority) for NVIC_SetPriority
    stm32l4xx_hal_cortex.o(i.HAL_SYSTICK_IRQHandler) refers to stm32l4xx_hal_cortex.o(i.HAL_SYSTICK_Callback) for HAL_SYSTICK_Callback
    stm32l4xx_hal_rcc.o(i.HAL_RCC_ClockConfig) refers to stm32l4xx_hal.o(i.HAL_GetTick) for HAL_GetTick
[...]
    ..\\Drivers\\STM32L4xx_HAL_Driver\\Src\\stm32l4xx_hal_spi.c 0x00000000   Number         0  stm32l4xx_hal_spi.o ABSOLUTE
    ..\\Drivers\\STM32L4xx_HAL_Driver\\Src\\stm32l4xx_hal_spi_ex.c 0x00000000   Number         0  stm32l4xx_hal_spi_ex.o ABSOLUTE
    ..\\Drivers\\STM32L4xx_HAL_Driver\\Src\\stm32l4xx_hal_tim.c 0x00000000   Number         0  stm32l4xx_hal_tim.o ABSOLUTE
    ..\\Drivers\\STM32L4xx_HAL_Driver\\Src\\stm32l4xx_hal_tim_ex.c 0x00000000   Number         0  stm32l4xx_hal_tim_ex.o ABSOLUTE
    ..\\HARDWARE\\Board\\BEEP\\beep.c        0x00000000   Number         0  beep.o ABSOLUTE
    ..\\HARDWARE\\Board\\KEY\\key.c          0x00000000   Number         0  key.o ABSOLUTE
    ..\\HARDWARE\\Board\\LCD\\OLED.C         0x00000000   Number         0  oled.o ABSOLUTE
    ..\\HARDWARE\\Board\\LED\\led.c          0x00000000   Number         0  led.o ABSOLUTE
    ..\\HARDWARE\\Board\\TIMER\\timer.c      0x00000000   Number         0  timer.o ABSOLUTE
    ..\\HARDWARE\\SX126X\\SX126X_Driver.c    0x00000000   Number         0  sx126x_driver.o ABSOLUTE
    ..\\HARDWARE\\SX126X\\SX126X_Hal.c       0x00000000   Number         0  sx126x_hal.o ABSOLUTE
    ..\\Src\\main_TX.c                       0x00000000   Number         0  main_tx.o ABSOLUTE
    cdcmple.s                                0x00000000   Number         0  cdcmple.o ABSOLUTE
    cdrcmple.s                               0x00000000   Number         0  cdrcmple.o ABSOLUTE
    dc.s                                     0x00000000   Number         0  dc.o ABSOLUTE
    handlers.s                               0x00000000   Number         0  handlers.o ABSOLUTE
    init.s                                   0x00000000   Number         0  init.o ABSOLUTE
    startup_stm32l476xx.s                    0x00000000   Number         0  startup_stm32l476xx.o ABSOLUTE
    RESET                                    0x08000000   Section      392  startup_stm32l476xx.o(RESET)
    .ARM.Collect$$$$00000000                 0x08000188   Section        0  entry.o(.ARM.Collect$$$$00000000)
    .ARM.Collect$$$$00000001                 0x08000188   Section        4  entry2.o(.ARM.Collect$$$$00000001)
    .ARM.Collect$$$$00000004                 0x0800018c   Section        4  entry5.o(.ARM.Collect$$$$00000004)
    .ARM.Collect$$$$00000008                 0x08000190   Section        0  entry7b.o(.ARM.Collect$$$$00000008)
    .ARM.Collect$$$$0000000A                 0x08000190   Section        0  entry8b.o(.ARM.Collect$$$$0000000A)
    .ARM.Collect$$$$0000000B                 0x08000190   Section        8  entry9a.o(.ARM.Collect$$$$0000000B)
    .ARM.Collect$$$$0000000D                 0x08000198   Section        0  entry10a.o(.ARM.Collect$$$$0000000D)
    .ARM.Collect$$$$0000000F                 0x08000198   Section        0  entry11a.o(.ARM.Collect$$$$0000000F)
    .ARM.Collect$$$$00002712                 0x08000198   Section        4  entry2.o(.ARM.Collect$$$$00002712)
    __lit__00000000                          0x08000198   Data           4  entry2.o(.ARM.Collect$$$$00002712)
    .text                                    0x0800019c   Section       36  startup_stm32l476xx.o(.text)
    $v0                                      0x0800019c   Number         0  startup_stm32l476xx.o(.text)
    .text                                    0x080001c0   Section        0  memcmp.o(.text)
    .text                                    0x080001da   Section        0  dadd.o(.text)
    .text                                    0x08000338   Section        0  ddiv.o(.text)
    .text                                    0x08000416   Section        0  dfltui.o(.text)
    .text                                    0x08000430   Section        0  dfixui.o(.text)
    .text                                    0x08000462   Section        0  f2d.o(.text)
    .text                                    0x08000488   Section       48  cdrcmple.o(.text)
    .text                                    0x080004b8   Section        0  llshl.o(.text)
    .text                                    0x080004d6   Section        0  llushr.o(.text)
    .text                                    0x080004f6   Section        0  llsshr.o(.text)
    .text                                    0x0800051a   Section        0  depilogue.o(.text)
    .text                                    0x0800051a   Section        0  iusefp.o(.text)
    .text                                    0x080005d4   Section        0  dmul.o(.text)
    .text                                    0x080006be   Section        0  dscalb.o(.text)
    .text                                    0x080006ec   Section        0  dflti.o(.text)
    .text                                    0x08000710   Section       36  init.o(.text)
    .text                                    0x08000734   Section        0  dsqrt.o(.text)
    i.BEEP_Init                              0x080007d8   Section        0  beep.o(i.BEEP_Init)
    i.BusFault_Handler                       0x08000828   Section        0  stm32l4xx_it.o(i.BusFault_Handler)
    i.DIO1_DisableInterrupt                  0x0800082c   Section        0  sx126x_driver.o(i.DIO1_DisableInterrupt)
    i.DIO1_EnableInterrupt                   0x08000834   Section        0  sx126x_driver.o(i.DIO1_EnableInterrupt)
    i.DIO1_GetState                          0x0800083c   Section        0  sx126x_driver.o(i.DIO1_GetState)
    i.DebugMon_Handler                       0x08000848   Section        0  stm32l4xx_it.o(i.DebugMon_Handler)
    i.EXTI0_IRQHandler                       0x0800084a   Section        0  stm32l4xx_it.o(i.EXTI0_IRQHandler)
    i.EXTI15_10_IRQHandler                   0x08000854   Section        0  stm32l4xx_it.o(i.EXTI15_10_IRQHandler)
    i.EXTI1_IRQHandler                       0x08000860   Section        0  stm32l4xx_it.o(i.EXTI1_IRQHandler)
    i.EXTI3_IRQHandler                       0x08000876   Section        0  stm32l4xx_it.o(i.EXTI3_IRQHandler)
    i.EXTI4_IRQHandler                       0x08000878   Section        0  stm32l4xx_it.o(i.EXTI4_IRQHandler)
    i.EXTI9_5_IRQHandler                     0x0800088e   Section        0  stm32l4xx_it.o(i.EXTI9_5_IRQHandler)
    i.HAL_Delay                              0x0800089a   Section        0  stm32l4xx_hal.o(i.HAL_Delay)
    i.HAL_GPIO_EXTI_Callback                 0x080008bc   Section        0  main_tx.o(i.HAL_GPIO_EXTI_Callback)
    i.HAL_GPIO_EXTI_IRQHandler               0x08000b44   Section        0  stm32l4xx_hal_gpio.o(i.HAL_GPIO_EXTI_IRQHandler)
    i.HAL_GPIO_Init                          0x08000b60   Section        0  stm32l4xx_hal_gpio.o(i.HAL_GPIO_Init)
    i.HAL_GPIO_ReadPin                       0x08000d68   Section        0  stm32l4xx_hal_gpio.o(i.HAL_GPIO_ReadPin)
    i.HAL_GPIO_WritePin                      0x08000d78   Section        0  stm32l4xx_hal_gpio.o(i.HAL_GPIO_WritePin)
    i.HAL_GetTick                            0x08000d84   Section        0  stm32l4xx_hal.o(i.HAL_GetTick)
    i.HAL_IncTick                            0x08000d90   Section        0  stm32l4xx_hal.o(i.HAL_IncTick)
    i.HAL_Init                               0x08000da0   Section        0  stm32l4xx_hal.o(i.HAL_Init)
    i.HAL_InitTick                           0x08000db8   Section        0  stm32l4xx_hal.o(i.HAL_InitTick)
    i.HAL_MspInit                            0x08000de0   Section        0  stm32l4xx_hal_msp.o(i.HAL_MspInit)
    i.HAL_NVIC_DisableIRQ                    0x08000e70   Section        0  stm32l4xx_hal_cortex.o(i.HAL_NVIC_DisableIRQ)
    i.HAL_NVIC_EnableIRQ                     0x08000e8c   Section        0  stm32l4xx_hal_cortex.o(i.HAL_NVIC_EnableIRQ)
    i.HAL_NVIC_SetPriority                   0x08000ea6   Section        0  stm32l4xx_hal_cortex.o(i.HAL_NVIC_SetPriority)
    i.HAL_NVIC_SetPriorityGrouping           0x08000f28   Section        0  stm32l4xx_hal_cortex.o(i.HAL_NVIC_SetPriorityGrouping)
    i.HAL_PWREx_ControlVoltageScaling        0x08000f50   Section        0  stm32l4xx_hal_pwr_ex.o(i.HAL_PWREx_ControlVoltageScaling)
    i.HAL_PWREx_GetVoltageRange              0x08000fdc   Section        0  stm32l4xx_hal_pwr_ex.o(i.HAL_PWREx_GetVoltageRange)
    i.HAL_RCCEx_PeriphCLKConfig              0x08000fec   Section        0  stm32l4xx_hal_rcc_ex.o(i.HAL_RCCEx_PeriphCLKConfig)
    i.HAL_RCC_ClockConfig                    0x080014c0   Section        0  stm32l4xx_hal_rcc.o(i.HAL_RCC_ClockConfig)
    i.HAL_RCC_GetHCLKFreq                    0x080016a8   Section        0  stm32l4xx_hal_rcc.o(i.HAL_RCC_GetHCLKFreq)
    i.HAL_RCC_GetSysClockFreq                0x080016b4   Section        0  stm32l4xx_hal_rcc.o(i.HAL_RCC_GetSysClockFreq)
    i.HAL_RCC_OscConfig                      0x08001828   Section        0  stm32l4xx_hal_rcc.o(i.HAL_RCC_OscConfig)
    i.HAL_SPI_Init                           0x08001e74   Section        0  stm32l4xx_hal_spi.o(i.HAL_SPI_Init)
    i.HAL_SPI_MspInit                        0x08001f34   Section        0  stm32l4xx_hal_spi.o(i.HAL_SPI_MspInit)
    i.HAL_SPI_TransmitReceive                0x08001f36   Section        0  stm32l4xx_hal_spi.o(i.HAL_SPI_TransmitReceive)
    i.HAL_SYSTICK_CLKSourceConfig            0x080021c4   Section        0  stm32l4xx_hal_cortex.o(i.HAL_SYSTICK_CLKSourceConfig)
    i.HAL_SYSTICK_Callback                   0x080021ec   Section        0  stm32l4xx_hal_cortex.o(i.HAL_SYSTICK_Callback)
    i.HAL_SYSTICK_Config                     0x080021ee   Section        0  stm32l4xx_hal_cortex.o(i.HAL_SYSTICK_Config)
    i.HAL_SYSTICK_IRQHandler                 0x08002222   Section        0  stm32l4xx_hal_cortex.o(i.HAL_SYSTICK_IRQHandler)
    i.HAL_TIMEx_BreakCallback                0x0800222a   Section        0  stm32l4xx_hal_tim_ex.o(i.HAL_TIMEx_BreakCallback)
    i.HAL_TIMEx_CommutationCallback          0x0800222c   Section        0  stm32l4xx_hal_tim_ex.o(i.HAL_TIMEx_CommutationCallback)
    i.HAL_TIMEx_MasterConfigSynchronization  0x08002230   Section        0  stm32l4xx_hal_tim_ex.o(i.HAL_TIMEx_MasterConfigSynchronization)
    i.HAL_TIM_Base_Init                      0x0800229c   Section        0  stm32l4xx_hal_tim.o(i.HAL_TIM_Base_Init)
    i.HAL_TIM_Base_MspInit                   0x080022d0   Section        0  timer.o(i.HAL_TIM_Base_MspInit)
    i.HAL_TIM_Base_Start_IT                  0x0800234c   Section        0  stm32l4xx_hal_tim.o(i.HAL_TIM_Base_Start_IT)
    i.HAL_TIM_Base_Stop_IT                   0x08002372   Section        0  stm32l4xx_hal_tim.o(i.HAL_TIM_Base_Stop_IT)
    i.HAL_TIM_ConfigClockSource              0x080023ac   Section        0  stm32l4xx_hal_tim.o(i.HAL_TIM_ConfigClockSource)
    i.HAL_TIM_IC_CaptureCallback             0x080024e4   Section        0  stm32l4xx_hal_tim.o(i.HAL_TIM_IC_CaptureCallback)
    i.HAL_TIM_IRQHandler                     0x080024e6   Section        0  stm32l4xx_hal_tim.o(i.HAL_TIM_IRQHandler)
    i.HAL_TIM_OC_DelayElapsedCallback        0x0800267c   Section        0  stm32l4xx_hal_tim.o(i.HAL_TIM_OC_DelayElapsedCallback)
    i.HAL_TIM_PWM_PulseFinishedCallback      0x0800267e   Section        0  stm32l4xx_hal_tim.o(i.HAL_TIM_PWM_PulseFinishedCallback)
    i.HAL_TIM_PeriodElapsedCallback          0x08002680   Section        0  main_tx.o(i.HAL_TIM_PeriodElapsedCallback)
    i.HAL_TIM_TriggerCallback                0x08002698   Section        0  stm32l4xx_hal_tim.o(i.HAL_TIM_TriggerCallback)
    i.HardFault_Handler                      0x0800269a   Section        0  stm32l4xx_it.o(i.HardFault_Handler)
    i.I2C_Start                              0x080026a0   Section        0  oled.o(i.I2C_Start)
    i.I2C_Stop                               0x080026d4   Section        0  oled.o(i.I2C_Stop)
    i.I2C_WaitAck                            0x080026fc   Section        0  oled.o(i.I2C_WaitAck)
    i.KEY_Init                               0x0800271c   Section        0  key.o(i.KEY_Init)
    i.LED_Init                               0x080027b8   Section        0  led.o(i.LED_Init)
    i.LoRaConfig_Check                       0x08002804   Section        0  sx126x_driver.o(i.LoRaConfig_Check)
    i.MX_TIM3_Init_Ms                        0x080029d0   Section        0  timer.o(i.MX_TIM3_Init_Ms)
    i.MemManage_Handler                      0x08002a30   Section        0  stm32l4xx_it.o(i.MemManage_Handler)
    i.NMI_Handler                            0x08002a34   Section        0  stm32l4xx_it.o(i.NMI_Handler)
    i.NVIC_GetPriorityGrouping               0x08002a38   Section        0  stm32l4xx_hal_cortex.o(i.NVIC_GetPriorityGrouping)
    NVIC_GetPriorityGrouping                 0x08002a39   Thumb Code    10  stm32l4xx_hal_cortex.o(i.NVIC_GetPriorityGrouping)
    i.NVIC_SetPriority                       0x08002a48   Section        0  stm32l4xx_hal_cortex.o(i.NVIC_SetPriority)
    NVIC_SetPriority                         0x08002a49   Thumb Code    32  stm32l4xx_hal_cortex.o(i.NVIC_SetPriority)
    i.OLED_Clear                             0x08002a70   Section        0  oled.o(i.OLED_Clear)
    i.OLED_DrawPoint                         0x08002aa0   Section        0  oled.o(i.OLED_DrawPoint)
    i.OLED_Init                              0x08002b08   Section        0  oled.o(i.OLED_Init)
    i.OLED_Pow                               0x08002cb4   Section        0  oled.o(i.OLED_Pow)
    i.OLED_Refresh                           0x08002ccc   Section        0  oled.o(i.OLED_Refresh)
    i.OLED_ShowChar                          0x08002d18   Section        0  oled.o(i.OLED_ShowChar)
    i.OLED_ShowNum                           0x08002e2a   Section        0  oled.o(i.OLED_ShowNum)
    i.OLED_ShowString                        0x08002ec4   Section        0  oled.o(i.OLED_ShowString)
    i.OLED_WR_Byte                           0x08002f0a   Section        0  oled.o(i.OLED_WR_Byte)
    i.PendSV_Handler                         0x08002f42   Section        0  stm32l4xx_it.o(i.PendSV_Handler)
    i.RCCEx_PLLSAI1_Config                   0x08002f44   Section        0  stm32l4xx_hal_rcc_ex.o(i.RCCEx_PLLSAI1_Config)
    RCCEx_PLLSAI1_Config                     0x08002f45   Thumb Code   476  stm32l4xx_hal_rcc_ex.o(i.RCCEx_PLLSAI1_Config)
    i.RCCEx_PLLSAI2_Config                   0x08003130   Section        0  stm32l4xx_hal_rcc_ex.o(i.RCCEx_PLLSAI2_Config)
    RCCEx_PLLSAI2_Config                     0x08003131   Thumb Code   416  stm32l4xx_hal_rcc_ex.o(i.RCCEx_PLLSAI2_Config)
    i.RCC_SetFlashLatencyFromMSIRange        0x080032dc   Section        0  stm32l4xx_hal_rcc.o(i.RCC_SetFlashLatencyFromMSIRange)
    RCC_SetFlashLatencyFromMSIRange          0x080032dd   Thumb Code   150  stm32l4xx_hal_rcc.o(i.RCC_SetFlashLatencyFromMSIRange)
    i.SPI_EndRxTxTransaction                 0x0800337c   Section        0  stm32l4xx_hal_spi.o(i.SPI_EndRxTxTransaction)
    SPI_EndRxTxTransaction                   0x0800337d   Thumb Code   100  stm32l4xx_hal_spi.o(i.SPI_EndRxTxTransaction)
    i.SPI_WaitFifoStateUntilTimeout          0x080033e0   Section        0  stm32l4xx_hal_spi.o(i.SPI_WaitFifoStateUntilTimeout)
    SPI_WaitFifoStateUntilTimeout            0x080033e1   Thumb Code   176  stm32l4xx_hal_spi.o(i.SPI_WaitFifoStateUntilTimeout)
    i.SPI_WaitFlagStateUntilTimeout          0x08003490   Section        0  stm32l4xx_hal_spi.o(i.SPI_WaitFlagStateUntilTimeout)
    SPI_WaitFlagStateUntilTimeout            0x08003491   Thumb Code   168  stm32l4xx_hal_spi.o(i.SPI_WaitFlagStateUntilTimeout)
    i.SVC_Handler                            0x08003538   Section        0  stm32l4xx_it.o(i.SVC_Handler)
    i.SX126XWriteRxTx                        0x0800353a   Section        0  sx126x_driver.o(i.SX126XWriteRxTx)
    i.SX126X_Awake                           0x0800355c   Section        0  sx126x_driver.o(i.SX126X_Awake)
    i.SX126X_Busy_GetState                   0x080035b0   Section        0  sx126x_hal.o(i.SX126X_Busy_GetState)
    i.SX126X_Busy_INPUT                      0x080035c4   Section        0  sx126x_hal.o(i.SX126X_Busy_INPUT)
    i.SX126X_DIO1_GetState                   0x08003608   Section        0  sx126x_hal.o(i.SX126X_DIO1_GetState)
    i.SX126X_DIO1_INPUT                      0x0800361c   Section        0  sx126x_hal.o(i.SX126X_DIO1_INPUT)
    i.SX126X_DIO1_INTDISABLE                 0x0800366c   Section        0  sx126x_hal.o(i.SX126X_DIO1_INTDISABLE)
    i.SX126X_DIO1_INTENABLE                  0x08003676   Section        0  sx126x_hal.o(i.SX126X_DIO1_INTENABLE)
    i.SX126X_DIO2_INPUT                      0x08003680   Section        0  sx126x_hal.o(i.SX126X_DIO2_INPUT)
    i.SX126X_InitIo                          0x080036d0   Section        0  sx126x_driver.o(i.SX126X_InitIo)
    i.SX126X_NSS_OUTPUT                      0x080036f2   Section        0  sx126x_hal.o(i.SX126X_NSS_OUTPUT)
    i.SX126X_RESET_OUTPUT                    0x08003708   Section        0  sx126x_hal.o(i.SX126X_RESET_OUTPUT)
    i.SX126X_ReadWriteByte                   0x08003758   Section        0  sx126x_hal.o(i.SX126X_ReadWriteByte)
    i.SX126X_Reset                           0x08003778   Section        0  sx126x_driver.o(i.SX126X_Reset)
    i.SX126X_RxPacket                        0x0800379c   Section        0  sx126x_driver.o(i.SX126X_RxPacket)
    i.SX126X_SPIGPIO_Init                    0x080037d0   Section        0  sx126x_hal.o(i.SX126X_SPIGPIO_Init)
    i.SX126X_SPI_Init                        0x08003848   Section        0  sx126x_hal.o(i.SX126X_SPI_Init)
    i.SX126X_SWCTL1_OUTPUT                   0x08003900   Section        0  sx126x_hal.o(i.SX126X_SWCTL1_OUTPUT)
    i.SX126X_SWCTL2_OUTPUT                   0x08003950   Section        0  sx126x_hal.o(i.SX126X_SWCTL2_OUTPUT)
    i.SX126X_StartRx                         0x0800399c   Section        0  sx126x_driver.o(i.SX126X_StartRx)
    i.SX126xCalibrate                        0x080039ec   Section        0  sx126x_driver.o(i.SX126xCalibrate)
    i.SX126xCalibrateImage                   0x080039fc   Section        0  sx126x_driver.o(i.SX126xCalibrateImage)
    i.SX126xCalibrate_err                    0x08003a84   Section        0  sx126x_driver.o(i.SX126xCalibrate_err)
    i.SX126xCheckDeviceReady                 0x08003aa4   Section        0  sx126x_driver.o(i.SX126xCheckDeviceReady)
    i.SX126xClearDeviceErrors                0x08003abe   Section        0  sx126x_driver.o(i.SX126xClearDeviceErrors)
    i.SX126xClearIrqStatus                   0x08003ad0   Section        0  sx126x_driver.o(i.SX126xClearIrqStatus)
    i.SX126xClearTimeoutEvent                0x08003aec   Section        0  sx126x_driver.o(i.SX126xClearTimeoutEvent)
    i.SX126xGetDeviceErrors                  0x08003b10   Section        0  sx126x_driver.o(i.SX126xGetDeviceErrors)
    i.SX126xGetIrqStatus                     0x08003bb2   Section        0  sx126x_driver.o(i.SX126xGetIrqStatus)
    i.SX126xGetOperatingMode                 0x08003bcc   Section        0  sx126x_driver.o(i.SX126xGetOperatingMode)
    i.SX126xGetPacketStatus                  0x08003bd8   Section        0  sx126x_driver.o(i.SX126xGetPacketStatus)
    i.SX126xGetPayload                       0x08003c1a   Section        0  sx126x_driver.o(i.SX126xGetPayload)
    i.SX126xGetRxBufferStatus                0x08003c2c   Section        0  sx126x_driver.o(i.SX126xGetRxBufferStatus)
    i.SX126xGetStatus                        0x08003c5e   Section        0  sx126x_driver.o(i.SX126xGetStatus)
    i.SX126xReadBuffer                       0x08003c7c   Section        0  sx126x_driver.o(i.SX126xReadBuffer)
    i.SX126xReadCommand                      0x08003cc4   Section        0  sx126x_driver.o(i.SX126xReadCommand)
    i.SX126xReadRegister                     0x08003d06   Section        0  sx126x_driver.o(i.SX126xReadRegister)
    i.SX126xReadRegisters                    0x08003d1a   Section        0  sx126x_driver.o(i.SX126xReadRegisters)
    i.SX126xSendPayload                      0x08003d68   Section        0  sx126x_driver.o(i.SX126xSendPayload)
    i.SX126xSetBufferBaseAddress             0x08003d82   Section        0  sx126x_driver.o(i.SX126xSetBufferBaseAddress)
    i.SX126xSetCadParams                     0x08003d9c   Section        0  sx126x_driver.o(i.SX126xSetCadParams)
    i.SX126xSetDio2AsRfSwitchCtrl            0x08003dda   Section        0  sx126x_driver.o(i.SX126xSetDio2AsRfSwitchCtrl)
    i.SX126xSetDioIrqParams                  0x08003de8   Section        0  sx126x_driver.o(i.SX126xSetDioIrqParams)
    i.SX126xSetLoRaSymbNumTimeout            0x08003e32   Section        0  sx126x_driver.o(i.SX126xSetLoRaSymbNumTimeout)
    i.SX126xSetLoraModulationParams          0x08003e40   Section        0  sx126x_driver.o(i.SX126xSetLoraModulationParams)
    i.SX126xSetLoraPacketParams              0x08003ee8   Section        0  sx126x_driver.o(i.SX126xSetLoraPacketParams)
    i.SX126xSetPaConfig                      0x08003f88   Section        0  sx126x_driver.o(i.SX126xSetPaConfig)
    i.SX126xSetPacketType                    0x08003fae   Section        0  sx126x_driver.o(i.SX126xSetPacketType)
    i.SX126xSetRegulatorMode                 0x08003fcc   Section        0  sx126x_driver.o(i.SX126xSetRegulatorMode)
    i.SX126xSetRfFrequency                   0x08003fdc   Section        0  sx126x_driver.o(i.SX126xSetRfFrequency)
    i.SX126xSetRfTxPower                     0x08004090   Section        0  sx126x_driver.o(i.SX126xSetRfTxPower)
    i.SX126xSetRx                            0x0800409e   Section        0  sx126x_driver.o(i.SX126xSetRx)
    i.SX126xSetStandby                       0x080040c8   Section        0  sx126x_driver.o(i.SX126xSetStandby)
    i.SX126xSetStopRxTimerOnPreambleDetect   0x08004130   Section        0  sx126x_driver.o(i.SX126xSetStopRxTimerOnPreambleDetect)
    i.SX126xSetTx                            0x0800413e   Section        0  sx126x_driver.o(i.SX126xSetTx)
    i.SX126xSetTxParams                      0x08004168   Section        0  sx126x_driver.o(i.SX126xSetTxParams)
    i.SX126xWaitOnBusy                       0x080041ac   Section        0  sx126x_hal.o(i.SX126xWaitOnBusy)
    i.SX126xWakeup                           0x080041be   Section        0  sx126x_driver.o(i.SX126xWakeup)
    i.SX126xWriteBuffer                      0x080041de   Section        0  sx126x_driver.o(i.SX126xWriteBuffer)
    i.SX126xWriteCommand                     0x0800421e   Section        0  sx126x_driver.o(i.SX126xWriteCommand)
    i.SX126xWriteRegister                    0x0800425c   Section        0  sx126x_driver.o(i.SX126xWriteRegister)
    i.SX126xWriteRegisters                   0x0800426c   Section        0  sx126x_driver.o(i.SX126xWriteRegisters)
    i.SX126x_Lora_init                       0x080042b4   Section        0  sx126x_driver.o(i.SX126x_Lora_init)
    i.Send_Byte                              0x08004350   Section        0  oled.o(i.Send_Byte)
    i.SysTick_Handler                        0x080043ac   Section        0  stm32l4xx_it.o(i.SysTick_Handler)
    i.SystemClock_Config                     0x080043b8   Section        0  timer.o(i.SystemClock_Config)
    i.SystemInit                             0x08004440   Section        0  system_stm32l4xx.o(i.SystemInit)
    i.TIM3_IRQHandler                        0x08004490   Section        0  stm32l4xx_it.o(i.TIM3_IRQHandler)
    i.TIM4_IRQHandler                        0x080044a0   Section        0  stm32l4xx_it.o(i.TIM4_IRQHandler)
    i.TIM_Base_SetConfig                     0x080044b0   Section        0  stm32l4xx_hal_tim.o(i.TIM_Base_SetConfig)
    i.TIM_ETR_SetConfig                      0x08004570   Section        0  stm32l4xx_hal_tim.o(i.TIM_ETR_SetConfig)
    i.TIM_ITRx_SetConfig                     0x08004588   Section        0  stm32l4xx_hal_tim.o(i.TIM_ITRx_SetConfig)
    TIM_ITRx_SetConfig                       0x08004589   Thumb Code    20  stm32l4xx_hal_tim.o(i.TIM_ITRx_SetConfig)
    i.TIM_TI1_ConfigInputStage               0x0800459c   Section        0  stm32l4xx_hal_tim.o(i.TIM_TI1_ConfigInputStage)
    TIM_TI1_ConfigInputStage                 0x0800459d   Thumb Code    42  stm32l4xx_hal_tim.o(i.TIM_TI1_ConfigInputStage)
    i.TIM_TI2_ConfigInputStage               0x080045c6   Section        0  stm32l4xx_hal_tim.o(i.TIM_TI2_ConfigInputStage)
    TIM_TI2_ConfigInputStage                 0x080045c7   Thumb Code    44  stm32l4xx_hal_tim.o(i.TIM_TI2_ConfigInputStage)
    i.UsageFault_Handler                     0x080045f2   Section        0  stm32l4xx_it.o(i.UsageFault_Handler)
    i.__ARM_fpclassify                       0x080045f6   Section        0  fpclassify.o(i.__ARM_fpclassify)
    i.__hardfp_pow                           0x08004628   Section        0  pow.o(i.__hardfp_pow)
    i.__kernel_poly                          0x080052a8   Section        0  poly.o(i.__kernel_poly)
    i.__mathlib_dbl_divzero                  0x080053a0   Section        0  dunder.o(i.__mathlib_dbl_divzero)
    i.__mathlib_dbl_infnan2                  0x080053d0   Section        0  dunder.o(i.__mathlib_dbl_infnan2)
    i.__mathlib_dbl_invalid                  0x080053e8   Section        0  dunder.o(i.__mathlib_dbl_invalid)
    i.__mathlib_dbl_overflow                 0x08005408   Section        0  dunder.o(i.__mathlib_dbl_overflow)
    i.__mathlib_dbl_underflow                0x08005428   Section        0  dunder.o(i.__mathlib_dbl_underflow)
    i.__scatterload_copy                     0x08005448   Section       14  handlers.o(i.__scatterload_copy)
    i.__scatterload_null                     0x08005456   Section        2  handlers.o(i.__scatterload_null)
    i.__scatterload_zeroinit                 0x08005458   Section       14  handlers.o(i.__scatterload_zeroinit)
    i.__set_errno                            0x08005468   Section        0  errno.o(i.__set_errno)
    i.fabs                                   0x08005474   Section        0  fabs.o(i.fabs)
    i.main                                   0x0800548c   Section        0  main_tx.o(i.main)
    i.sqrt                                   0x08005904   Section        0  sqrt.o(i.sqrt)
    .constdata                               0x08005972   Section     6080  oled.o(.constdata)
    .constdata                               0x08007134   Section       72  system_stm32l4xx.o(.constdata)
    .constdata                               0x08007180   Section      136  pow.o(.constdata)
    bp                                       0x08007180   Data          16  pow.o(.constdata)
    dp_h                                     0x08007190   Data          16  pow.o(.constdata)
    dp_l                                     0x080071a0   Data          16  pow.o(.constdata)
    L                                        0x080071b0   Data          48  pow.o(.constdata)
    P                                        0x080071e0   Data          40  pow.o(.constdata)
    .constdata                               0x08007208   Section        8  qnan.o(.constdata)
    .data                                    0x20000000   Section        4  stm32l4xx_hal.o(.data)
    .data                                    0x20000004   Section       25  sx126x_driver.o(.data)
    OperatingMode                            0x2000001c   Data           1  sx126x_driver.o(.data)
    .data                                    0x20000020   Section        4  system_stm32l4xx.o(.data)
    .data                                    0x20000024   Section       54  main_tx.o(.data)
    t                                        0x20000058   Data           1  main_tx.o(.data)
    j                                        0x20000059   Data           1  main_tx.o(.data)
    .data                                    0x2000005c   Section        4  errno.o(.data)
    _errno                                   0x2000005c   Data           4  errno.o(.data)
    .bss                                     0x20000060   Section      120  timer.o(.bss)
    .bss                                     0x200000d8   Section       16  sx126x_driver.o(.bss)
    .bss                                     0x200000e8   Section      100  sx126x_hal.o(.bss)
    .bss                                     0x2000014c   Section     1152  oled.o(.bss)
    .bss                                     0x200005cc   Section       10  main_tx.o(.bss)
    STACK                                    0x200005d8   Section     1024  startup_stm32l476xx.o(STACK)

    Global Symbols

    Symbol Name                              Value     Ov Type        Size  Object(Section)

    BuildAttributes$$THM_ISAv4$E$P$D$K$B$S$7EM$VFPi3$EXTD16$VFPS$VFMA$PE$A:L22UL41UL21$X:L11$S22US41US21$IEEE1$IW$USESV6$~STKCKD$USESV7$~SHL$OTIME$ROPI$IEEEX$EBA8$MICROLIB$REQ8$PRES8$EABIv2 0x00000000   Number         0  anon$$obj.o ABSOLUTE
    __ARM_use_no_argv                        0x00000000   Number         0  main_tx.o ABSOLUTE
    __cpp_initialize__aeabi_                  - Undefined Weak Reference
    __cxa_finalize                            - Undefined Weak Reference
    __decompress                              - Undefined Weak Reference
    _clock_init                               - Undefined Weak Reference
    _microlib_exit                            - Undefined Weak Reference
    __Vectors_Size                           0x00000188   Number         0  startup_stm32l476xx.o ABSOLUTE
    __Vectors                                0x08000000   Data           4  startup_stm32l476xx.o(RESET)
    __Vectors_End                            0x08000188   Data           0  startup_stm32l476xx.o(RESET)
    __main                                   0x08000189   Thumb Code     0  entry.o(.ARM.Collect$$$$00000000)
    _main_stk                                0x08000189   Thumb Code     0  entry2.o(.ARM.Collect$$$$00000001)
    _main_scatterload                        0x0800018d   Thumb Code     0  entry5.o(.ARM.Collect$$$$00000004)
    __main_after_scatterload                 0x08000191   Thumb Code     0  entry5.o(.ARM.Collect$$$$00000004)
    _main_clock                              0x08000191   Thumb Code     0  entry7b.o(.ARM.Collect$$$$00000008)
    _main_cpp_init                           0x08000191   Thumb Code     0  entry8b.o(.ARM.Collect$$$$0000000A)
    _main_init                               0x08000191   Thumb Code     0  entry9a.o(.ARM.Collect$$$$0000000B)
    __rt_final_cpp                           0x08000199   Thumb Code     0  entry10a.o(.ARM.Collect$$$$0000000D)
    __rt_final_exit                          0x08000199   Thumb Code     0  entry11a.o(.ARM.Collect$$$$0000000F)
    Reset_Handler                            0x0800019d   Thumb Code     8  startup_stm32l476xx.o(.text)
    ADC1_2_IRQHandler                        0x080001b7   Thumb Code     0  startup_stm32l476xx.o(.text)
    ADC3_IRQHandler                          0x080001b7   Thumb Code     0  startup_stm32l476xx.o(.text)
    CAN1_RX0_IRQHandler                      0x080001b7   Thumb Code     0  startup_stm32l476xx.o(.text)
    CAN1_RX1_IRQHandler                      0x080001b7   Thumb Code     0  startup_stm32l476xx.o(.text)
    CAN1_SCE_IRQHandler                      0x080001b7   Thumb Code     0  startup_stm32l476xx.o(.text)
    CAN1_TX_IRQHandler                       0x080001b7   Thumb Code     0  startup_stm32l476xx.o(.text)
    COMP_IRQHandler                          0x080001b7   Thumb Code     0  startup_stm32l476xx.o(.text)
    DFSDM1_FLT0_IRQHandler                   0x080001b7   Thumb Code     0  startup_stm32l476xx.o(.text)
    DFSDM1_FLT1_IRQHandler                   0x080001b7   Thumb Code     0  startup_stm32l476xx.o(.text)
    DFSDM1_FLT2_IRQHandler                   0x080001b7   Thumb Code     0  startup_stm32l476xx.o(.text)
    DFSDM1_FLT3_IRQHandler                   0x080001b7   Thumb Code     0  startup_stm32l476xx.o(.text)
    DMA1_Channel1_IRQHandler                 0x080001b7   Thumb Code     0  startup_stm32l476xx.o(.text)
    DMA1_Channel2_IRQHandler                 0x080001b7   Thumb Code     0  startup_stm32l476xx.o(.text)
    DMA1_Channel3_IRQHandler                 0x080001b7   Thumb Code     0  startup_stm32l476xx.o(.text)
    DMA1_Channel4_IRQHandler                 0x080001b7   Thumb Code     0  startup_stm32l476xx.o(.text)
    DMA1_Channel5_IRQHandler                 0x080001b7   Thumb Code     0  startup_stm32l476xx.o(.text)
    DMA1_Channel6_IRQHandler                 0x080001b7   Thumb Code     0  startup_stm32l476xx.o(.text)
    DMA1_Channel7_IRQHandler                 0x080001b7   Thumb Code     0  startup_stm32l476xx.o(.text)
    DMA2_Channel1_IRQHandler                 0x080001b7   Thumb Code     0  startup_stm32l476xx.o(.text)
    DMA2_Channel2_IRQHandler                 0x080001b7   Thumb Code     0  startup_stm32l476xx.o(.text)
    DMA2_Channel3_IRQHandler                 0x080001b7   Thumb Code     0  startup_stm32l476xx.o(.text)
    DMA2_Channel4_IRQHandler                 0x080001b7   Thumb Code     0  startup_stm32l476xx.o(.text)
    DMA2_Channel5_IRQHandler                 0x080001b7   Thumb Code     0  startup_stm32l476xx.o(.text)
    DMA2_Channel6_IRQHandler                 0x080001b7   Thumb Code     0  startup_stm32l476xx.o(.text)
    DMA2_Channel7_IRQHandler                 0x080001b7   Thumb Code     0  startup_stm32l476xx.o(.text)
    EXTI2_IRQHandler                         0x080001b7   Thumb Code     0  startup_stm32l476xx.o(.text)
    FLASH_IRQHandler                         0x080001b7   Thumb Code     0  startup_stm32l476xx.o(.text)
    FMC_IRQHandler                           0x080001b7   Thumb Code     0  startup_stm32l476xx.o(.text)
    FPU_IRQHandler                           0x080001b7   Thumb Code     0  startup_stm32l476xx.o(.text)
    I2C1_ER_IRQHandler                       0x080001b7   Thumb Code     0  startup_stm32l476xx.o(.text)
    I2C1_EV_IRQHandler                       0x080001b7   Thumb Code     0  startup_stm32l476xx.o(.text)
    I2C2_ER_IRQHandler                       0x080001b7   Thumb Code     0  startup_stm32l476xx.o(.text)
    I2C2_EV_IRQHandler                       0x080001b7   Thumb Code     0  startup_stm32l476xx.o(.text)
    I2C3_ER_IRQHandler                       0x080001b7   Thumb Code     0  startup_stm32l476xx.o(.text)
    I2C3_EV_IRQHandler                       0x080001b7   Thumb Code     0  startup_stm32l476xx.o(.text)
    LCD_IRQHandler                           0x080001b7   Thumb Code     0  startup_stm32l476xx.o(.text)
    LPTIM1_IRQHandler                        0x080001b7   Thumb Code     0  startup_stm32l476xx.o(.text)
    LPTIM2_IRQHandler                        0x080001b7   Thumb Code     0  startup_stm32l476xx.o(.text)
    LPUART1_IRQHandler                       0x080001b7   Thumb Code     0  startup_stm32l476xx.o(.text)
    OTG_FS_IRQHandler                        0x080001b7   Thumb Code     0  startup_stm32l476xx.o(.text)
    PVD_PVM_IRQHandler                       0x080001b7   Thumb Code     0  startup_stm32l476xx.o(.text)
    QUADSPI_IRQHandler                       0x080001b7   Thumb Code     0  startup_stm32l476xx.o(.text)
    RCC_IRQHandler                           0x080001b7   Thumb Code     0  startup_stm32l476xx.o(.text)
    RNG_IRQHandler                           0x080001b7   Thumb Code     0  startup_stm32l476xx.o(.text)
    RTC_Alarm_IRQHandler                     0x080001b7   Thumb Code     0  startup_stm32l476xx.o(.text)
    RTC_WKUP_IRQHandler                      0x080001b7   Thumb Code     0  startup_stm32l476xx.o(.text)
    SAI1_IRQHandler                          0x080001b7   Thumb Code     0  startup_stm32l476xx.o(.text)
    SAI2_IRQHandler                          0x080001b7   Thumb Code     0  startup_stm32l476xx.o(.text)
    SDMMC1_IRQHandler                        0x080001b7   Thumb Code     0  startup_stm32l476xx.o(.text)
    SPI1_IRQHandler                          0x080001b7   Thumb Code     0  startup_stm32l476xx.o(.text)
    SPI2_IRQHandler                          0x080001b7   Thumb Code     0  startup_stm32l476xx.o(.text)
    SPI3_IRQHandler                          0x080001b7   Thumb Code     0  startup_stm32l476xx.o(.text)
    SWPMI1_IRQHandler                        0x080001b7   Thumb Code     0  startup_stm32l476xx.o(.text)
    TAMP_STAMP_IRQHandler                    0x080001b7   Thumb Code     0  startup_stm32l476xx.o(.text)
    TIM1_BRK_TIM15_IRQHandler                0x080001b7   Thumb Code     0  startup_stm32l476xx.o(.text)
    TIM1_CC_IRQHandler                       0x080001b7   Thumb Code     0  startup_stm32l476xx.o(.text)
    TIM1_TRG_COM_TIM17_IRQHandler            0x080001b7   Thumb Code     0  startup_stm32l476xx.o(.text)
    TIM1_UP_TIM16_IRQHandler                 0x080001b7   Thumb Code     0  startup_stm32l476xx.o(.text)
    TIM2_IRQHandler                          0x080001b7   Thumb Code     0  startup_stm32l476xx.o(.text)
    TIM5_IRQHandler                          0x080001b7   Thumb Code     0  startup_stm32l476xx.o(.text)
    TIM6_DAC_IRQHandler                      0x080001b7   Thumb Code     0  startup_stm32l476xx.o(.text)
    TIM7_IRQHandler                          0x080001b7   Thumb Code     0  startup_stm32l476xx.o(.text)
    TIM8_BRK_IRQHandler                      0x080001b7   Thumb Code     0  startup_stm32l476xx.o(.text)
    TIM8_CC_IRQHandler                       0x080001b7   Thumb Code     0  startup_stm32l476xx.o(.text)
    TIM8_TRG_COM_IRQHandler                  0x080001b7   Thumb Code     0  startup_stm32l476xx.o(.text)
    TIM8_UP_IRQHandler                       0x080001b7   Thumb Code     0  startup_stm32l476xx.o(.text)
    TSC_IRQHandler                           0x080001b7   Thumb Code     0  startup_stm32l476xx.o(.text)
    UART4_IRQHandler                         0x080001b7   Thumb Code     0  startup_stm32l476xx.o(.text)
    UART5_IRQHandler                         0x080001b7   Thumb Code     0  startup_stm32l476xx.o(.text)
    USART1_IRQHandler                        0x080001b7   Thumb Code     0  startup_stm32l476xx.o(.text)
    USART2_IRQHandler                        0x080001b7   Thumb Code     0  startup_stm32l476xx.o(.text)
    USART3_IRQHandler                        0x080001b7   Thumb Code     0  startup_stm32l476xx.o(.text)
    WWDG_IRQHandler                          0x080001b7   Thumb Code     0  startup_stm32l476xx.o(.text)
    memcmp                                   0x080001c1   Thumb Code    26  memcmp.o(.text)
    __aeabi_dadd                             0x080001db   Thumb Code   322  dadd.o(.text)
    __aeabi_dsub                             0x0800031d   Thumb Code     6  dadd.o(.text)
    __aeabi_drsub                            0x08000323   Thumb Code     6  dadd.o(.text)
    __aeabi_ddiv                             0x08000339   Thumb Code   222  ddiv.o(.text)
    __aeabi_ui2d                             0x08000417   Thumb Code    26  dfltui.o(.text)
    __aeabi_d2uiz                            0x08000431   Thumb Code    50  dfixui.o(.text)
    __aeabi_f2d                              0x08000463   Thumb Code    38  f2d.o(.text)
    __aeabi_cdrcmple                         0x08000489   Thumb Code    48  cdrcmple.o(.text)
    __aeabi_llsl                             0x080004b9   Thumb Code    30  llshl.o(.text)
    _ll_shift_l                              0x080004b9   Thumb Code     0  llshl.o(.text)
    __aeabi_llsr                             0x080004d7   Thumb Code    32  llushr.o(.text)
    _ll_ushift_r                             0x080004d7   Thumb Code     0  llushr.o(.text)
    __aeabi_lasr                             0x080004f7   Thumb Code    36  llsshr.o(.text)
    _ll_sshift_r                             0x080004f7   Thumb Code     0  llsshr.o(.text)
    __I$use$fp                               0x0800051b   Thumb Code     0  iusefp.o(.text)
    _double_round                            0x0800051b   Thumb Code    30  depilogue.o(.text)
    _double_epilogue                         0x08000539   Thumb Code   156  depilogue.o(.text)
    __aeabi_dmul                             0x080005d5   Thumb Code   228  dmul.o(.text)
    __ARM_scalbn                             0x080006bf   Thumb Code    46  dscalb.o(.text)
    scalbn                                   0x080006bf   Thumb Code     0  dscalb.o(.text)
    __aeabi_i2d                              0x080006ed   Thumb Code    34  dflti.o(.text)
    __scatterload                            0x08000711   Thumb Code    28  init.o(.text)
    __scatterload_rt2                        0x08000711   Thumb Code     0  init.o(.text)
    _dsqrt                                   0x08000735   Thumb Code   162  dsqrt.o(.text)
    BEEP_Init                                0x080007d9   Thumb Code    70  beep.o(i.BEEP_Init)
    BusFault_Handler                         0x08000829   Thumb Code     4  stm32l4xx_it.o(i.BusFault_Handler)
    DIO1_DisableInterrupt                    0x0800082d   Thumb Code     8  sx126x_driver.o(i.DIO1_DisableInterrupt)
    DIO1_EnableInterrupt                     0x08000835   Thumb Code     8  sx126x_driver.o(i.DIO1_EnableInterrupt)
    DIO1_GetState                            0x0800083d   Thumb Code    12  sx126x_driver.o(i.DIO1_GetState)
    DebugMon_Handler                         0x08000849   Thumb Code     2  stm32l4xx_it.o(i.DebugMon_Handler)
    EXTI0_IRQHandler                         0x0800084b   Thumb Code    10  stm32l4xx_it.o(i.EXTI0_IRQHandler)
    EXTI15_10_IRQHandler                     0x08000855   Thumb Code    12  stm32l4xx_it.o(i.EXTI15_10_IRQHandler)
    EXTI1_IRQHandler                         0x08000861   Thumb Code    22  stm32l4xx_it.o(i.EXTI1_IRQHandler)
    EXTI3_IRQHandler                         0x08000877   Thumb Code     2  stm32l4xx_it.o(i.EXTI3_IRQHandler)
    EXTI4_IRQHandler                         0x08000879   Thumb Code    22  stm32l4xx_it.o(i.EXTI4_IRQHandler)
    EXTI9_5_IRQHandler                       0x0800088f   Thumb Code    12  stm32l4xx_it.o(i.EXTI9_5_IRQHandler)
    HAL_Delay                                0x0800089b   Thumb Code    32  stm32l4xx_hal.o(i.HAL_Delay)
    HAL_GPIO_EXTI_Callback                   0x080008bd   Thumb Code   596  main_tx.o(i.HAL_GPIO_EXTI_Callback)
    HAL_GPIO_EXTI_IRQHandler                 0x08000b45   Thumb Code    24  stm32l4xx_hal_gpio.o(i.HAL_GPIO_EXTI_IRQHandler)
    HAL_GPIO_Init                            0x08000b61   Thumb Code   484  stm32l4xx_hal_gpio.o(i.HAL_GPIO_Init)
    HAL_GPIO_ReadPin                         0x08000d69   Thumb Code    16  stm32l4xx_hal_gpio.o(i.HAL_GPIO_ReadPin)
    HAL_GPIO_WritePin                        0x08000d79   Thumb Code    10  stm32l4xx_hal_gpio.o(i.HAL_GPIO_WritePin)
    HAL_GetTick                              0x08000d85   Thumb Code     6  stm32l4xx_hal.o(i.HAL_GetTick)
    HAL_IncTick                              0x08000d91   Thumb Code    12  stm32l4xx_hal.o(i.HAL_IncTick)
    HAL_Init                                 0x08000da1   Thumb Code    22  stm32l4xx_hal.o(i.HAL_Init)
    HAL_InitTick                             0x08000db9   Thumb Code    36  stm32l4xx_hal.o(i.HAL_InitTick)
    HAL_MspInit                              0x08000de1   Thumb Code   140  stm32l4xx_hal_msp.o(i.HAL_MspInit)
    HAL_NVIC_DisableIRQ                      0x08000e71   Thumb Code    22  stm32l4xx_hal_cortex.o(i.HAL_NVIC_DisableIRQ)
    HAL_NVIC_EnableIRQ                       0x08000e8d   Thumb Code    26  stm32l4xx_hal_cortex.o(i.HAL_NVIC_EnableIRQ)
    HAL_NVIC_SetPriority                     0x08000ea7   Thumb Code   124  stm32l4xx_hal_cortex.o(i.HAL_NVIC_SetPriority)
    HAL_NVIC_SetPriorityGrouping             0x08000f29   Thumb Code    32  stm32l4xx_hal_cortex.o(i.HAL_NVIC_SetPriorityGrouping)
    HAL_PWREx_ControlVoltageScaling          0x08000f51   Thumb Code   128  stm32l4xx_hal_pwr_ex.o(i.HAL_PWREx_ControlVoltageScaling)
    HAL_PWREx_GetVoltageRange                0x08000fdd   Thumb Code    10  stm32l4xx_hal_pwr_ex.o(i.HAL_PWREx_GetVoltageRange)
    HAL_RCCEx_PeriphCLKConfig                0x08000fed   Thumb Code  1230  stm32l4xx_hal_rcc_ex.o(i.HAL_RCCEx_PeriphCLKConfig)
    HAL_RCC_ClockConfig                      0x080014c1   Thumb Code   470  stm32l4xx_hal_rcc.o(i.HAL_RCC_ClockConfig)
    HAL_RCC_GetHCLKFreq                      0x080016a9   Thumb Code     6  stm32l4xx_hal_rcc.o(i.HAL_RCC_GetHCLKFreq)
    HAL_RCC_GetSysClockFreq                  0x080016b5   Thumb Code   356  stm32l4xx_hal_rcc.o(i.HAL_RCC_GetSysClockFreq)
    HAL_RCC_OscConfig                        0x08001829   Thumb Code  1598  stm32l4xx_hal_rcc.o(i.HAL_RCC_OscConfig)
    HAL_SPI_Init                             0x08001e75   Thumb Code   192  stm32l4xx_hal_spi.o(i.HAL_SPI_Init)
    HAL_SPI_MspInit                          0x08001f35   Thumb Code     2  stm32l4xx_hal_spi.o(i.HAL_SPI_MspInit)
    HAL_SPI_TransmitReceive                  0x08001f37   Thumb Code   648  stm32l4xx_hal_spi.o(i.HAL_SPI_TransmitReceive)
    HAL_SYSTICK_CLKSourceConfig              0x080021c5   Thumb Code    40  stm32l4xx_hal_cortex.o(i.HAL_SYSTICK_CLKSourceConfig)
    HAL_SYSTICK_Callback                     0x080021ed   Thumb Code     2  stm32l4xx_hal_cortex.o(i.HAL_SYSTICK_Callback)
    HAL_SYSTICK_Config                       0x080021ef   Thumb Code    52  stm32l4xx_hal_cortex.o(i.HAL_SYSTICK_Config)
    HAL_SYSTICK_IRQHandler                   0x08002223   Thumb Code     8  stm32l4xx_hal_cortex.o(i.HAL_SYSTICK_IRQHandler)
    HAL_TIMEx_BreakCallback                  0x0800222b   Thumb Code     2  stm32l4xx_hal_tim_ex.o(i.HAL_TIMEx_BreakCallback)
    HAL_TIMEx_CommutationCallback            0x0800222d   Thumb Code     2  stm32l4xx_hal_tim_ex.o(i.HAL_TIMEx_CommutationCallback)
    HAL_TIMEx_MasterConfigSynchronization    0x08002231   Thumb Code    98  stm32l4xx_hal_tim_ex.o(i.HAL_TIMEx_MasterConfigSynchronization)
    HAL_TIM_Base_Init                        0x0800229d   Thumb Code    52  stm32l4xx_hal_tim.o(i.HAL_TIM_Base_Init)
    HAL_TIM_Base_MspInit                     0x080022d1   Thumb Code   112  timer.o(i.HAL_TIM_Base_MspInit)
    HAL_TIM_Base_Start_IT                    0x0800234d   Thumb Code    38  stm32l4xx_hal_tim.o(i.HAL_TIM_Base_Start_IT)
    HAL_TIM_Base_Stop_IT                     0x08002373   Thumb Code    56  stm32l4xx_hal_tim.o(i.HAL_TIM_Base_Stop_IT)
    HAL_TIM_ConfigClockSource                0x080023ad   Thumb Code   308  stm32l4xx_hal_tim.o(i.HAL_TIM_ConfigClockSource)
    HAL_TIM_IC_CaptureCallback               0x080024e5   Thumb Code     2  stm32l4xx_hal_tim.o(i.HAL_TIM_IC_CaptureCallback)
    HAL_TIM_IRQHandler                       0x080024e7   Thumb Code   406  stm32l4xx_hal_tim.o(i.HAL_TIM_IRQHandler)
    HAL_TIM_OC_DelayElapsedCallback          0x0800267d   Thumb Code     2  stm32l4xx_hal_tim.o(i.HAL_TIM_OC_DelayElapsedCallback)
    HAL_TIM_PWM_PulseFinishedCallback        0x0800267f   Thumb Code     2  stm32l4xx_hal_tim.o(i.HAL_TIM_PWM_PulseFinishedCallback)
    HAL_TIM_PeriodElapsedCallback            0x08002681   Thumb Code    14  main_tx.o(i.HAL_TIM_PeriodElapsedCallback)
    HAL_TIM_TriggerCallback                  0x08002699   Thumb Code     2  stm32l4xx_hal_tim.o(i.HAL_TIM_TriggerCallback)
    HardFault_Handler                        0x0800269b   Thumb Code     4  stm32l4xx_it.o(i.HardFault_Handler)
    I2C_Start                                0x080026a1   Thumb Code    48  oled.o(i.I2C_Start)
    I2C_Stop                                 0x080026d5   Thumb Code    36  oled.o(i.I2C_Stop)
    I2C_WaitAck                              0x080026fd   Thumb Code    26  oled.o(i.I2C_WaitAck)
    KEY_Init                                 0x0800271d   Thumb Code   138  key.o(i.KEY_Init)
    LED_Init                                 0x080027b9   Thumb Code    72  led.o(i.LED_Init)
    LoRaConfig_Check                         0x08002805   Thumb Code   400  sx126x_driver.o(i.LoRaConfig_Check)
    MX_TIM3_Init_Ms                          0x080029d1   Thumb Code    86  timer.o(i.MX_TIM3_Init_Ms)
    MemManage_Handler                        0x08002a31   Thumb Code     4  stm32l4xx_it.o(i.MemManage_Handler)
    NMI_Handler                              0x08002a35   Thumb Code     2  stm32l4xx_it.o(i.NMI_Handler)
    OLED_Clear                               0x08002a71   Thumb Code    42  oled.o(i.OLED_Clear)
    OLED_DrawPoint                           0x08002aa1   Thumb Code   100  oled.o(i.OLED_DrawPoint)
    OLED_Init                                0x08002b09   Thumb Code   414  oled.o(i.OLED_Init)
    OLED_Pow                                 0x08002cb5   Thumb Code    22  oled.o(i.OLED_Pow)
    OLED_Refresh                             0x08002ccd   Thumb Code    70  oled.o(i.OLED_Refresh)
    OLED_ShowChar                            0x08002d19   Thumb Code   254  oled.o(i.OLED_ShowChar)
    OLED_ShowNum                             0x08002e2b   Thumb Code   148  oled.o(i.OLED_ShowNum)
    OLED_ShowString                          0x08002ec5   Thumb Code    70  oled.o(i.OLED_ShowString)
    OLED_WR_Byte                             0x08002f0b   Thumb Code    56  oled.o(i.OLED_WR_Byte)
    PendSV_Handler                           0x08002f43   Thumb Code     2  stm32l4xx_it.o(i.PendSV_Handler)
    SVC_Handler                              0x08003539   Thumb Code     2  stm32l4xx_it.o(i.SVC_Handler)
    SX126XWriteRxTx                          0x0800353b   Thumb Code    34  sx126x_driver.o(i.SX126XWriteRxTx)
    SX126X_Awake                             0x0800355d   Thumb Code    80  sx126x_driver.o(i.SX126X_Awake)
    SX126X_Busy_GetState                     0x080035b1   Thumb Code    16  sx126x_hal.o(i.SX126X_Busy_GetState)
    SX126X_Busy_INPUT                        0x080035c5   Thumb Code    58  sx126x_hal.o(i.SX126X_Busy_INPUT)
    SX126X_DIO1_GetState                     0x08003609   Thumb Code    16  sx126x_hal.o(i.SX126X_DIO1_GetState)
    SX126X_DIO1_INPUT                        0x0800361d   Thumb Code    68  sx126x_hal.o(i.SX126X_DIO1_INPUT)
    SX126X_DIO1_INTDISABLE                   0x0800366d   Thumb Code    10  sx126x_hal.o(i.SX126X_DIO1_INTDISABLE)
    SX126X_DIO1_INTENABLE                    0x08003677   Thumb Code    10  sx126x_hal.o(i.SX126X_DIO1_INTENABLE)
    SX126X_DIO2_INPUT                        0x08003681   Thumb Code    68  sx126x_hal.o(i.SX126X_DIO2_INPUT)
    SX126X_InitIo                            0x080036d1   Thumb Code    34  sx126x_driver.o(i.SX126X_InitIo)
    SX126X_NSS_OUTPUT                        0x080036f3   Thumb Code    20  sx126x_hal.o(i.SX126X_NSS_OUTPUT)
    SX126X_RESET_OUTPUT                      0x08003709   Thumb Code    74  sx126x_hal.o(i.SX126X_RESET_OUTPUT)
    SX126X_ReadWriteByte                     0x08003759   Thumb Code    28  sx126x_hal.o(i.SX126X_ReadWriteByte)
    SX126X_Reset                             0x08003779   Thumb Code    34  sx126x_driver.o(i.SX126X_Reset)
    SX126X_RxPacket                          0x0800379d   Thumb Code    44  sx126x_driver.o(i.SX126X_RxPacket)
    SX126X_SPIGPIO_Init                      0x080037d1   Thumb Code   114  sx126x_hal.o(i.SX126X_SPIGPIO_Init)
    SX126X_SPI_Init                          0x08003849   Thumb Code   172  sx126x_hal.o(i.SX126X_SPI_Init)
    SX126X_SWCTL1_OUTPUT                     0x08003901   Thumb Code    70  sx126x_hal.o(i.SX126X_SWCTL1_OUTPUT)
    SX126X_SWCTL2_OUTPUT                     0x08003951   Thumb Code    68  sx126x_hal.o(i.SX126X_SWCTL2_OUTPUT)
    SX126X_StartRx                           0x0800399d   Thumb Code    76  sx126x_driver.o(i.SX126X_StartRx)
    SX126xCalibrate                          0x080039ed   Thumb Code    14  sx126x_driver.o(i.SX126xCalibrate)
    SX126xCalibrateImage                     0x080039fd   Thumb Code   114  sx126x_driver.o(i.SX126xCalibrateImage)
    SX126xCalibrate_err                      0x08003a85   Thumb Code    32  sx126x_driver.o(i.SX126xCalibrate_err)
    SX126xCheckDeviceReady                   0x08003aa5   Thumb Code    26  sx126x_driver.o(i.SX126xCheckDeviceReady)
    SX126xClearDeviceErrors                  0x08003abf   Thumb Code    18  sx126x_driver.o(i.SX126xClearDeviceErrors)
    SX126xClearIrqStatus                     0x08003ad1   Thumb Code    28  sx126x_driver.o(i.SX126xClearIrqStatus)
    SX126xClearTimeoutEvent                  0x08003aed   Thumb Code    36  sx126x_driver.o(i.SX126xClearTimeoutEvent)
    SX126xGetDeviceErrors                    0x08003b11   Thumb Code   162  sx126x_driver.o(i.SX126xGetDeviceErrors)
    SX126xGetIrqStatus                       0x08003bb3   Thumb Code    26  sx126x_driver.o(i.SX126xGetIrqStatus)
    SX126xGetOperatingMode                   0x08003bcd   Thumb Code     6  sx126x_driver.o(i.SX126xGetOperatingMode)
    SX126xGetPacketStatus                    0x08003bd9   Thumb Code    66  sx126x_driver.o(i.SX126xGetPacketStatus)
    SX126xGetPayload                         0x08003c1b   Thumb Code    18  sx126x_driver.o(i.SX126xGetPayload)
    SX126xGetRxBufferStatus                  0x08003c2d   Thumb Code    50  sx126x_driver.o(i.SX126xGetRxBufferStatus)
    SX126xGetStatus                          0x08003c5f   Thumb Code    30  sx126x_driver.o(i.SX126xGetStatus)
    SX126xReadBuffer                         0x08003c7d   Thumb Code    72  sx126x_driver.o(i.SX126xReadBuffer)
    SX126xReadCommand                        0x08003cc5   Thumb Code    66  sx126x_driver.o(i.SX126xReadCommand)
    SX126xReadRegister                       0x08003d07   Thumb Code    20  sx126x_driver.o(i.SX126xReadRegister)
    SX126xReadRegisters                      0x08003d1b   Thumb Code    78  sx126x_driver.o(i.SX126xReadRegisters)
    SX126xSendPayload                        0x08003d69   Thumb Code    26  sx126x_driver.o(i.SX126xSendPayload)
    SX126xSetBufferBaseAddress               0x08003d83   Thumb Code    26  sx126x_driver.o(i.SX126xSetBufferBaseAddress)
    SX126xSetCadParams                       0x08003d9d   Thumb Code    62  sx126x_driver.o(i.SX126xSetCadParams)
    SX126xSetDio2AsRfSwitchCtrl              0x08003ddb   Thumb Code    14  sx126x_driver.o(i.SX126xSetDio2AsRfSwitchCtrl)
    SX126xSetDioIrqParams                    0x08003de9   Thumb Code    74  sx126x_driver.o(i.SX126xSetDioIrqParams)
    SX126xSetLoRaSymbNumTimeout              0x08003e33   Thumb Code    14  sx126x_driver.o(i.SX126xSetLoRaSymbNumTimeout)
    SX126xSetLoraModulationParams            0x08003e41   Thumb Code   152  sx126x_driver.o(i.SX126xSetLoraModulationParams)
    SX126xSetLoraPacketParams                0x08003ee9   Thumb Code   156  sx126x_driver.o(i.SX126xSetLoraPacketParams)
    SX126xSetPaConfig                        0x08003f89   Thumb Code    38  sx126x_driver.o(i.SX126xSetPaConfig)
    SX126xSetPacketType                      0x08003faf   Thumb Code    30  sx126x_driver.o(i.SX126xSetPacketType)
    SX126xSetRegulatorMode                   0x08003fcd   Thumb Code    14  sx126x_driver.o(i.SX126xSetRegulatorMode)
    SX126xSetRfFrequency                     0x08003fdd   Thumb Code   146  sx126x_driver.o(i.SX126xSetRfFrequency)
    SX126xSetRfTxPower                       0x08004091   Thumb Code    14  sx126x_driver.o(i.SX126xSetRfTxPower)
    SX126xSetRx                              0x0800409f   Thumb Code    42  sx126x_driver.o(i.SX126xSetRx)
    SX126xSetStandby                         0x080040c9   Thumb Code    98  sx126x_driver.o(i.SX126xSetStandby)
    SX126xSetStopRxTimerOnPreambleDetect     0x08004131   Thumb Code    14  sx126x_driver.o(i.SX126xSetStopRxTimerOnPreambleDetect)
    SX126xSetTx                              0x0800413f   Thumb Code    42  sx126x_driver.o(i.SX126xSetTx)
    SX126xSetTxParams                        0x08004169   Thumb Code    68  sx126x_driver.o(i.SX126xSetTxParams)
    SX126xWaitOnBusy                         0x080041ad   Thumb Code    18  sx126x_hal.o(i.SX126xWaitOnBusy)
    SX126xWakeup                             0x080041bf   Thumb Code    32  sx126x_driver.o(i.SX126xWakeup)
    SX126xWriteBuffer                        0x080041df   Thumb Code    64  sx126x_driver.o(i.SX126xWriteBuffer)
    SX126xWriteCommand                       0x0800421f   Thumb Code    62  sx126x_driver.o(i.SX126xWriteCommand)
    SX126xWriteRegister                      0x0800425d   Thumb Code    16  sx126x_driver.o(i.SX126xWriteRegister)
    SX126xWriteRegisters                     0x0800426d   Thumb Code    70  sx126x_driver.o(i.SX126xWriteRegisters)
    SX126x_Lora_init                         0x080042b5   Thumb Code   152  sx126x_driver.o(i.SX126x_Lora_init)
    Send_Byte                                0x08004351   Thumb Code    86  oled.o(i.Send_Byte)
    SysTick_Handler                          0x080043ad   Thumb Code    12  stm32l4xx_it.o(i.SysTick_Handler)
    SystemClock_Config                       0x080043b9   Thumb Code   134  timer.o(i.SystemClock_Config)
    SystemInit                               0x08004441   Thumb Code    68  system_stm32l4xx.o(i.SystemInit)
    TIM3_IRQHandler                          0x08004491   Thumb Code    10  stm32l4xx_it.o(i.TIM3_IRQHandler)
    TIM4_IRQHandler                          0x080044a1   Thumb Code    10  stm32l4xx_it.o(i.TIM4_IRQHandler)
    TIM_Base_SetConfig                       0x080044b1   Thumb Code   160  stm32l4xx_hal_tim.o(i.TIM_Base_SetConfig)
    TIM_ETR_SetConfig                        0x08004571   Thumb Code    24  stm32l4xx_hal_tim.o(i.TIM_ETR_SetConfig)
    UsageFault_Handler                       0x080045f3   Thumb Code     4  stm32l4xx_it.o(i.UsageFault_Handler)
    __ARM_fpclassify                         0x080045f7   Thumb Code    48  fpclassify.o(i.__ARM_fpclassify)
    __hardfp_pow                             0x08004629   Thumb Code  3072  pow.o(i.__hardfp_pow)
    __kernel_poly                            0x080052a9   Thumb Code   248  poly.o(i.__kernel_poly)
    __mathlib_dbl_divzero                    0x080053a1   Thumb Code    28  dunder.o(i.__mathlib_dbl_divzero)
    __mathlib_dbl_infnan2                    0x080053d1   Thumb Code    20  dunder.o(i.__mathlib_dbl_infnan2)
    __mathlib_dbl_invalid                    0x080053e9   Thumb Code    24  dunder.o(i.__mathlib_dbl_invalid)
    __mathlib_dbl_overflow                   0x08005409   Thumb Code    24  dunder.o(i.__mathlib_dbl_overflow)
    __mathlib_dbl_underflow                  0x08005429   Thumb Code    24  dunder.o(i.__mathlib_dbl_underflow)
    __scatterload_copy                       0x08005449   Thumb Code    14  handlers.o(i.__scatterload_copy)
    __scatterload_null                       0x08005457   Thumb Code     2  handlers.o(i.__scatterload_null)
    __scatterload_zeroinit                   0x08005459   Thumb Code    14  handlers.o(i.__scatterload_zeroinit)
    __set_errno                              0x08005469   Thumb Code     6  errno.o(i.__set_errno)
    fabs                                     0x08005475   Thumb Code    24  fabs.o(i.fabs)
    main                                     0x0800548d   Thumb Code   996  main_tx.o(i.main)
    sqrt                                     0x08005905   Thumb Code   110  sqrt.o(i.sqrt)
    asc2_1206                                0x08005972   Data        1140  oled.o(.constdata)
    asc2_1608                                0x08005de6   Data        1520  oled.o(.constdata)
    asc2_2412                                0x080063d6   Data        3420  oled.o(.constdata)
    AHBPrescTable                            0x08007134   Data          16  system_stm32l4xx.o(.constdata)
    APBPrescTable                            0x08007144   Data           8  system_stm32l4xx.o(.constdata)
    MSIRangeTable                            0x0800714c   Data          48  system_stm32l4xx.o(.constdata)
    __mathlib_zero                           0x08007208   Data           8  qnan.o(.constdata)
    Region$$Table$$Base                      0x08007210   Number         0  anon$$obj.o(Region$$Table)
    Region$$Table$$Limit                     0x08007230   Number         0  anon$$obj.o(Region$$Table)
    uwTick                                   0x20000000   Data           4  stm32l4xx_hal.o(.data)
    G_BandWidthKHz                           0x20000004   Data           4  sx126x_driver.o(.data)
    G_TsXms                                  0x20000008   Data           4  sx126x_driver.o(.data)
    G_LoRaConfig                             0x2000000c   Data          16  sx126x_driver.o(.data)
    SystemCoreClock                          0x20000020   Data           4  system_stm32l4xx.o(.data)
    TXbuffer                                 0x20000024   Data          10  main_tx.o(.data)
    WakeAddr                                 0x2000002e   Data           8  main_tx.o(.data)
    Fre                                      0x20000038   Data          20  main_tx.o(.data)
    T_Cnt                                    0x2000004c   Data           2  main_tx.o(.data)
    R_Cnt                                    0x2000004e   Data           2  main_tx.o(.data)
    E_Cnt                                    0x20000050   Data           2  main_tx.o(.data)
    SF                                       0x20000052   Data           1  main_tx.o(.data)
    PktSnr_Value                             0x20000053   Data           1  main_tx.o(.data)
    SNR                                      0x20000054   Data           1  main_tx.o(.data)
    PktRssi_Value                            0x20000055   Data           1  main_tx.o(.data)
    RSSI                                     0x20000056   Data           1  main_tx.o(.data)
    communication_states                     0x20000057   Data           1  main_tx.o(.data)
    TIM3_InitStruct                          0x20000060   Data          60  timer.o(.bss)
    TIM4_InitStruct                          0x2000009c   Data          60  timer.o(.bss)
    G_LoRaPara                               0x200000d8   Data          16  sx126x_driver.o(.bss)
    SPI3_InitStruct                          0x200000e8   Data         100  sx126x_hal.o(.bss)
    OLED_GRAM                                0x2000014c   Data        1152  oled.o(.bss)
    RXbuffer                                 0x200005cc   Data          10  main_tx.o(.bss)
    __initial_sp                             0x200009d8   Data           0  startup_stm32l476xx.o(STACK)



==============================================================================

Memory Map of the image

  Image Entry point : 0x08000189

  Load Region LR_IROM1 (Base: 0x08000000, Size: 0x00007290, Max: 0x00100000, ABSOLUTE)

    Execution Region ER_IROM1 (Exec base: 0x08000000, Load base: 0x08000000, Size: 0x00007230, Max: 0x00100000, ABSOLUTE)

    Exec Addr    Load Addr    Size         Type   Attr      Idx    E Section Name        Object

    0x08000000   0x08000000   0x00000188   Data   RO         4131    RESET               startup_stm32l476xx.o
    0x08000188   0x08000188   0x00000000   Code   RO         4395  * .ARM.Collect$$$$00000000  mc_w.l(entry.o)
    0x08000188   0x08000188   0x00000004   Code   RO         4449    .ARM.Collect$$$$00000001  mc_w.l(entry2.o)
    0x0800018c   0x0800018c   0x00000004   Code   RO         4452    .ARM.Collect$$$$00000004  mc_w.l(entry5.o)
    0x08000190   0x08000190   0x00000000   Code   RO         4454    .ARM.Collect$$$$00000008  mc_w.l(entry7b.o)
    0x08000190   0x08000190   0x00000000   Code   RO         4456    .ARM.Collect$$$$0000000A  mc_w.l(entry8b.o)
    0x08000190   0x08000190   0x00000008   Code   RO         4457    .ARM.Collect$$$$0000000B  mc_w.l(entry9a.o)
    0x08000198   0x08000198   0x00000000   Code   RO         4459    .ARM.Collect$$$$0000000D  mc_w.l(entry10a.o)
    0x08000198   0x08000198   0x00000000   Code   RO         4461    .ARM.Collect$$$$0000000F  mc_w.l(entry11a.o)
    0x08000198   0x08000198   0x00000004   Code   RO         4450    .ARM.Collect$$$$00002712  mc_w.l(entry2.o)
    0x0800019c   0x0800019c   0x00000024   Code   RO         4132    .text               startup_stm32l476xx.o
    0x080001c0   0x080001c0   0x0000001a   Code   RO         4398    .text               mc_w.l(memcmp.o)
    0x080001da   0x080001da   0x0000015e   Code   RO         4400    .text               mf_w.l(dadd.o)
    0x08000338   0x08000338   0x000000de   Code   RO         4402    .text               mf_w.l(ddiv.o)
    0x08000416   0x08000416   0x0000001a   Code   RO         4404    .text               mf_w.l(dfltui.o)
    0x08000430   0x08000430   0x00000032   Code   RO         4406    .text               mf_w.l(dfixui.o)
    0x08000462   0x08000462   0x00000026   Code   RO         4408    .text               mf_w.l(f2d.o)
    0x08000488   0x08000488   0x00000030   Code   RO         4410    .text               mf_w.l(cdrcmple.o)
    0x080004b8   0x080004b8   0x0000001e   Code   RO         4463    .text               mc_w.l(llshl.o)
    0x080004d6   0x080004d6   0x00000020   Code   RO         4465    .text               mc_w.l(llushr.o)
    0x080004f6   0x080004f6   0x00000024   Code   RO         4467    .text               mc_w.l(llsshr.o)
    0x0800051a   0x0800051a   0x00000000   Code   RO         4476    .text               mc_w.l(iusefp.o)
    0x0800051a   0x0800051a   0x000000ba   Code   RO         4477    .text               mf_w.l(depilogue.o)
    0x080005d4   0x080005d4   0x000000ea   Code   RO         4479    .text               mf_w.l(dmul.o)
    0x080006be   0x080006be   0x0000002e   Code   RO         4483    .text               mf_w.l(dscalb.o)
    0x080006ec   0x080006ec   0x00000022   Code   RO         4485    .text               mf_w.l(dflti.o)
    0x0800070e   0x0800070e   0x00000002   PAD
    0x08000710   0x08000710   0x00000024   Code   RO         4487    .text               mc_w.l(init.o)
    0x08000734   0x08000734   0x000000a2   Code   RO         4489    .text               mf_w.l(dsqrt.o)
    0x080007d6   0x080007d6   0x00000002   PAD
    0x080007d8   0x080007d8   0x00000050   Code   RO         3316    i.BEEP_Init         beep.o
    0x08000828   0x08000828   0x00000004   Code   RO         4236    i.BusFault_Handler  stm32l4xx_it.o
    0x0800082c   0x0800082c   0x00000008   Code   RO         3346    i.DIO1_DisableInterrupt  sx126x_driver.o
    0x08000834   0x08000834   0x00000008   Code   RO         3347    i.DIO1_EnableInterrupt  sx126x_driver.o
    0x0800083c   0x0800083c   0x0000000c   Code   RO         3348    i.DIO1_GetState     sx126x_driver.o
    0x08000848   0x08000848   0x00000002   Code   RO         4237    i.DebugMon_Handler  stm32l4xx_it.o
    0x0800084a   0x0800084a   0x0000000a   Code   RO         4238    i.EXTI0_IRQHandler  stm32l4xx_it.o
    0x08000854   0x08000854   0x0000000c   Code   RO         4239    i.EXTI15_10_IRQHandler  stm32l4xx_it.o
    0x08000860   0x08000860   0x00000016   Code   RO         4240    i.EXTI1_IRQHandler  stm32l4xx_it.o
    0x08000876   0x08000876   0x00000002   Code   RO         4241    i.EXTI3_IRQHandler  stm32l4xx_it.o
    0x08000878   0x08000878   0x00000016   Code   RO         4242    i.EXTI4_IRQHandler  stm32l4xx_it.o
    0x0800088e   0x0800088e   0x0000000c   Code   RO         4243    i.EXTI9_5_IRQHandler  stm32l4xx_it.o
    0x0800089a   0x0800089a   0x00000020   Code   RO         1526    i.HAL_Delay         stm32l4xx_hal.o
    0x080008ba   0x080008ba   0x00000002   PAD
    0x080008bc   0x080008bc   0x00000288   Code   RO         4177    i.HAL_GPIO_EXTI_Callback  main_tx.o
    0x08000b44   0x08000b44   0x0000001c   Code   RO            6    i.HAL_GPIO_EXTI_IRQHandler  stm32l4xx_hal_gpio.o
    0x08000b60   0x08000b60   0x00000208   Code   RO            7    i.HAL_GPIO_Init     stm32l4xx_hal_gpio.o
    0x08000d68   0x08000d68   0x00000010   Code   RO            9    i.HAL_GPIO_ReadPin  stm32l4xx_hal_gpio.o
    0x08000d78   0x08000d78   0x0000000a   Code   RO           11    i.HAL_GPIO_WritePin  stm32l4xx_hal_gpio.o
    0x08000d82   0x08000d82   0x00000002   PAD
    0x08000d84   0x08000d84   0x0000000c   Code   RO         1530    i.HAL_GetTick       stm32l4xx_hal.o
    0x08000d90   0x08000d90   0x00000010   Code   RO         1531    i.HAL_IncTick       stm32l4xx_hal.o
    0x08000da0   0x08000da0   0x00000016   Code   RO         1532    i.HAL_Init          stm32l4xx_hal.o
    0x08000db6   0x08000db6   0x00000002   PAD
    0x08000db8   0x08000db8   0x00000028   Code   RO         1533    i.HAL_InitTick      stm32l4xx_hal.o
    0x08000de0   0x08000de0   0x00000090   Code   RO         4360    i.HAL_MspInit       stm32l4xx_hal_msp.o
    0x08000e70   0x08000e70   0x0000001c   Code   RO          535    i.HAL_NVIC_DisableIRQ  stm32l4xx_hal_cortex.o
    0x08000e8c   0x08000e8c   0x0000001a   Code   RO          536    i.HAL_NVIC_EnableIRQ  stm32l4xx_hal_cortex.o
    0x08000ea6   0x08000ea6   0x00000082   Code   RO          542    i.HAL_NVIC_SetPriority  stm32l4xx_hal_cortex.o
    0x08000f28   0x08000f28   0x00000028   Code   RO          543    i.HAL_NVIC_SetPriorityGrouping  stm32l4xx_hal_cortex.o
    0x08000f50   0x08000f50   0x0000008c   Code   RO          188    i.HAL_PWREx_ControlVoltageScaling  stm32l4xx_hal_pwr_ex.o
    0x08000fdc   0x08000fdc   0x00000010   Code   RO          219    i.HAL_PWREx_GetVoltageRange  stm32l4xx_hal_pwr_ex.o
    0x08000fec   0x08000fec   0x000004d4   Code   RO          777    i.HAL_RCCEx_PeriphCLKConfig  stm32l4xx_hal_rcc_ex.o
    0x080014c0   0x080014c0   0x000001e8   Code   RO          662    i.HAL_RCC_ClockConfig  stm32l4xx_hal_rcc.o
    0x080016a8   0x080016a8   0x0000000c   Code   RO          666    i.HAL_RCC_GetHCLKFreq  stm32l4xx_hal_rcc.o
    0x080016b4   0x080016b4   0x00000174   Code   RO          670    i.HAL_RCC_GetSysClockFreq  stm32l4xx_hal_rcc.o
    0x08001828   0x08001828   0x0000064c   Code   RO          673    i.HAL_RCC_OscConfig  stm32l4xx_hal_rcc.o
    0x08001e74   0x08001e74   0x000000c0   Code   RO         1934    i.HAL_SPI_Init      stm32l4xx_hal_spi.o
    0x08001f34   0x08001f34   0x00000002   Code   RO         1936    i.HAL_SPI_MspInit   stm32l4xx_hal_spi.o
    0x08001f36   0x08001f36   0x0000028e   Code   RO         1943    i.HAL_SPI_TransmitReceive  stm32l4xx_hal_spi.o
    0x080021c4   0x080021c4   0x00000028   Code   RO          545    i.HAL_SYSTICK_CLKSourceConfig  stm32l4xx_hal_cortex.o
    0x080021ec   0x080021ec   0x00000002   Code   RO          546    i.HAL_SYSTICK_Callback  stm32l4xx_hal_cortex.o
    0x080021ee   0x080021ee   0x00000034   Code   RO          547    i.HAL_SYSTICK_Config  stm32l4xx_hal_cortex.o
    0x08002222   0x08002222   0x00000008   Code   RO          548    i.HAL_SYSTICK_IRQHandler  stm32l4xx_hal_cortex.o
    0x0800222a   0x0800222a   0x00000002   Code   RO         2926    i.HAL_TIMEx_BreakCallback  stm32l4xx_hal_tim_ex.o
    0x0800222c   0x0800222c   0x00000002   Code   RO         2927    i.HAL_TIMEx_CommutationCallback  stm32l4xx_hal_tim_ex.o
    0x0800222e   0x0800222e   0x00000002   PAD
    0x08002230   0x08002230   0x0000006c   Code   RO         2945    i.HAL_TIMEx_MasterConfigSynchronization  stm32l4xx_hal_tim_ex.o
    0x0800229c   0x0800229c   0x00000034   Code   RO         2276    i.HAL_TIM_Base_Init  stm32l4xx_hal_tim.o
    0x080022d0   0x080022d0   0x0000007c   Code   RO         3239    i.HAL_TIM_Base_MspInit  timer.o
    0x0800234c   0x0800234c   0x00000026   Code   RO         2281    i.HAL_TIM_Base_Start_IT  stm32l4xx_hal_tim.o
    0x08002372   0x08002372   0x00000038   Code   RO         2284    i.HAL_TIM_Base_Stop_IT  stm32l4xx_hal_tim.o
    0x080023aa   0x080023aa   0x00000002   PAD
    0x080023ac   0x080023ac   0x00000138   Code   RO         2285    i.HAL_TIM_ConfigClockSource  stm32l4xx_hal_tim.o
    0x080024e4   0x080024e4   0x00000002   Code   RO         2305    i.HAL_TIM_IC_CaptureCallback  stm32l4xx_hal_tim.o
    0x080024e6   0x080024e6   0x00000196   Code   RO         2318    i.HAL_TIM_IRQHandler  stm32l4xx_hal_tim.o
    0x0800267c   0x0800267c   0x00000002   Code   RO         2321    i.HAL_TIM_OC_DelayElapsedCallback  stm32l4xx_hal_tim.o
    0x0800267e   0x0800267e   0x00000002   Code   RO         2348    i.HAL_TIM_PWM_PulseFinishedCallback  stm32l4xx_hal_tim.o
    0x08002680   0x08002680   0x00000018   Code   RO         4178    i.HAL_TIM_PeriodElapsedCallback  main_tx.o
    0x08002698   0x08002698   0x00000002   Code   RO         2359    i.HAL_TIM_TriggerCallback  stm32l4xx_hal_tim.o
    0x0800269a   0x0800269a   0x00000004   Code   RO         4244    i.HardFault_Handler  stm32l4xx_it.o
    0x0800269e   0x0800269e   0x00000002   PAD
    0x080026a0   0x080026a0   0x00000034   Code   RO         3974    i.I2C_Start         oled.o
    0x080026d4   0x080026d4   0x00000028   Code   RO         3975    i.I2C_Stop          oled.o
    0x080026fc   0x080026fc   0x00000020   Code   RO         3976    i.I2C_WaitAck       oled.o
    0x0800271c   0x0800271c   0x0000009c   Code   RO         3204    i.KEY_Init          key.o
    0x080027b8   0x080027b8   0x0000004c   Code   RO         3177    i.LED_Init          led.o
    0x08002804   0x08002804   0x000001cc   Code   RO         3354    i.LoRaConfig_Check  sx126x_driver.o
    0x080029d0   0x080029d0   0x00000060   Code   RO         3240    i.MX_TIM3_Init_Ms   timer.o
    0x08002a30   0x08002a30   0x00000004   Code   RO         4245    i.MemManage_Handler  stm32l4xx_it.o
    0x08002a34   0x08002a34   0x00000002   Code   RO         4246    i.NMI_Handler       stm32l4xx_it.o
    0x08002a36   0x08002a36   0x00000002   PAD
    0x08002a38   0x08002a38   0x00000010   Code   RO          549    i.NVIC_GetPriorityGrouping  stm32l4xx_hal_cortex.o
    0x08002a48   0x08002a48   0x00000028   Code   RO          550    i.NVIC_SetPriority  stm32l4xx_hal_cortex.o
    0x08002a70   0x08002a70   0x00000030   Code   RO         3977    i.OLED_Clear        oled.o
    0x08002aa0   0x08002aa0   0x00000068   Code   RO         3984    i.OLED_DrawPoint    oled.o
    0x08002b08   0x08002b08   0x000001ac   Code   RO         3985    i.OLED_Init         oled.o
    0x08002cb4   0x08002cb4   0x00000016   Code   RO         3986    i.OLED_Pow          oled.o
    0x08002cca   0x08002cca   0x00000002   PAD
    0x08002ccc   0x08002ccc   0x0000004c   Code   RO         3987    i.OLED_Refresh      oled.o
    0x08002d18   0x08002d18   0x00000112   Code   RO         3988    i.OLED_ShowChar     oled.o
    0x08002e2a   0x08002e2a   0x0000009a   Code   RO         3989    i.OLED_ShowNum      oled.o
    0x08002ec4   0x08002ec4   0x00000046   Code   RO         3991    i.OLED_ShowString   oled.o
    0x08002f0a   0x08002f0a   0x00000038   Code   RO         3993    i.OLED_WR_Byte      oled.o
    0x08002f42   0x08002f42   0x00000002   Code   RO         4247    i.PendSV_Handler    stm32l4xx_it.o
    0x08002f44   0x08002f44   0x000001ec   Code   RO          780    i.RCCEx_PLLSAI1_Config  stm32l4xx_hal_rcc_ex.o
    0x08003130   0x08003130   0x000001ac   Code   RO          781    i.RCCEx_PLLSAI2_Config  stm32l4xx_hal_rcc_ex.o
    0x080032dc   0x080032dc   0x000000a0   Code   RO          674    i.RCC_SetFlashLatencyFromMSIRange  stm32l4xx_hal_rcc.o
    0x0800337c   0x0800337c   0x00000064   Code   RO         1972    i.SPI_EndRxTxTransaction  stm32l4xx_hal_spi.o
    0x080033e0   0x080033e0   0x000000b0   Code   RO         1977    i.SPI_WaitFifoStateUntilTimeout  stm32l4xx_hal_spi.o
    0x08003490   0x08003490   0x000000a8   Code   RO         1978    i.SPI_WaitFlagStateUntilTimeout  stm32l4xx_hal_spi.o
    0x08003538   0x08003538   0x00000002   Code   RO         4248    i.SVC_Handler       stm32l4xx_it.o
    0x0800353a   0x0800353a   0x00000022   Code   RO         3356    i.SX126XWriteRxTx   sx126x_driver.o
    0x0800355c   0x0800355c   0x00000054   Code   RO         3357    i.SX126X_Awake      sx126x_driver.o
    0x080035b0   0x080035b0   0x00000014   Code   RO         3833    i.SX126X_Busy_GetState  sx126x_hal.o
    0x080035c4   0x080035c4   0x00000044   Code   RO         3834    i.SX126X_Busy_INPUT  sx126x_hal.o
    0x08003608   0x08003608   0x00000014   Code   RO         3837    i.SX126X_DIO1_GetState  sx126x_hal.o
    0x0800361c   0x0800361c   0x00000050   Code   RO         3838    i.SX126X_DIO1_INPUT  sx126x_hal.o
    0x0800366c   0x0800366c   0x0000000a   Code   RO         3839    i.SX126X_DIO1_INTDISABLE  sx126x_hal.o
    0x08003676   0x08003676   0x0000000a   Code   RO         3840    i.SX126X_DIO1_INTENABLE  sx126x_hal.o
    0x08003680   0x08003680   0x00000050   Code   RO         3842    i.SX126X_DIO2_INPUT  sx126x_hal.o
    0x080036d0   0x080036d0   0x00000022   Code   RO         3360    i.SX126X_InitIo     sx126x_driver.o
    0x080036f2   0x080036f2   0x00000014   Code   RO         3845    i.SX126X_NSS_OUTPUT  sx126x_hal.o
    0x08003706   0x08003706   0x00000002   PAD
    0x08003708   0x08003708   0x00000050   Code   RO         3846    i.SX126X_RESET_OUTPUT  sx126x_hal.o
    0x08003758   0x08003758   0x00000020   Code   RO         3847    i.SX126X_ReadWriteByte  sx126x_hal.o
    0x08003778   0x08003778   0x00000022   Code   RO         3361    i.SX126X_Reset      sx126x_driver.o
    0x0800379a   0x0800379a   0x00000002   PAD
    0x0800379c   0x0800379c   0x00000034   Code   RO         3362    i.SX126X_RxPacket   sx126x_driver.o
    0x080037d0   0x080037d0   0x00000078   Code   RO         3848    i.SX126X_SPIGPIO_Init  sx126x_hal.o
    0x08003848   0x08003848   0x000000b8   Code   RO         3849    i.SX126X_SPI_Init   sx126x_hal.o
    0x08003900   0x08003900   0x00000050   Code   RO         3850    i.SX126X_SWCTL1_OUTPUT  sx126x_hal.o
    0x08003950   0x08003950   0x0000004c   Code   RO         3851    i.SX126X_SWCTL2_OUTPUT  sx126x_hal.o
    0x0800399c   0x0800399c   0x00000050   Code   RO         3363    i.SX126X_StartRx    sx126x_driver.o
    0x080039ec   0x080039ec   0x0000000e   Code   RO         3368    i.SX126xCalibrate   sx126x_driver.o
    0x080039fa   0x080039fa   0x00000002   PAD
    0x080039fc   0x080039fc   0x00000088   Code   RO         3369    i.SX126xCalibrateImage  sx126x_driver.o
    0x08003a84   0x08003a84   0x00000020   Code   RO         3370    i.SX126xCalibrate_err  sx126x_driver.o
    0x08003aa4   0x08003aa4   0x0000001a   Code   RO         3371    i.SX126xCheckDeviceReady  sx126x_driver.o
    0x08003abe   0x08003abe   0x00000012   Code   RO         3372    i.SX126xClearDeviceErrors  sx126x_driver.o
    0x08003ad0   0x08003ad0   0x0000001c   Code   RO         3373    i.SX126xClearIrqStatus  sx126x_driver.o
    0x08003aec   0x08003aec   0x00000024   Code   RO         3374    i.SX126xClearTimeoutEvent  sx126x_driver.o
    0x08003b10   0x08003b10   0x000000a2   Code   RO         3375    i.SX126xGetDeviceErrors  sx126x_driver.o
    0x08003bb2   0x08003bb2   0x0000001a   Code   RO         3376    i.SX126xGetIrqStatus  sx126x_driver.o
    0x08003bcc   0x08003bcc   0x0000000c   Code   RO         3377    i.SX126xGetOperatingMode  sx126x_driver.o
    0x08003bd8   0x08003bd8   0x00000042   Code   RO         3378    i.SX126xGetPacketStatus  sx126x_driver.o
    0x08003c1a   0x08003c1a   0x00000012   Code   RO         3379    i.SX126xGetPayload  sx126x_driver.o
    0x08003c2c   0x08003c2c   0x00000032   Code   RO         3381    i.SX126xGetRxBufferStatus  sx126x_driver.o
    0x08003c5e   0x08003c5e   0x0000001e   Code   RO         3382    i.SX126xGetStatus   sx126x_driver.o
    0x08003c7c   0x08003c7c   0x00000048   Code   RO         3383    i.SX126xReadBuffer  sx126x_driver.o
    0x08003cc4   0x08003cc4   0x00000042   Code   RO         3384    i.SX126xReadCommand  sx126x_driver.o
    0x08003d06   0x08003d06   0x00000014   Code   RO         3386    i.SX126xReadRegister  sx126x_driver.o
    0x08003d1a   0x08003d1a   0x0000004e   Code   RO         3387    i.SX126xReadRegisters  sx126x_driver.o
    0x08003d68   0x08003d68   0x0000001a   Code   RO         3388    i.SX126xSendPayload  sx126x_driver.o
    0x08003d82   0x08003d82   0x0000001a   Code   RO         3389    i.SX126xSetBufferBaseAddress  sx126x_driver.o
    0x08003d9c   0x08003d9c   0x0000003e   Code   RO         3391    i.SX126xSetCadParams  sx126x_driver.o
    0x08003dda   0x08003dda   0x0000000e   Code   RO         3392    i.SX126xSetDio2AsRfSwitchCtrl  sx126x_driver.o
    0x08003de8   0x08003de8   0x0000004a   Code   RO         3394    i.SX126xSetDioIrqParams  sx126x_driver.o
    0x08003e32   0x08003e32   0x0000000e   Code   RO         3396    i.SX126xSetLoRaSymbNumTimeout  sx126x_driver.o
    0x08003e40   0x08003e40   0x000000a8   Code   RO         3397    i.SX126xSetLoraModulationParams  sx126x_driver.o
    0x08003ee8   0x08003ee8   0x000000a0   Code   RO         3398    i.SX126xSetLoraPacketParams  sx126x_driver.o
    0x08003f88   0x08003f88   0x00000026   Code   RO         3399    i.SX126xSetPaConfig  sx126x_driver.o
    0x08003fae   0x08003fae   0x0000001e   Code   RO         3400    i.SX126xSetPacketType  sx126x_driver.o
    0x08003fcc   0x08003fcc   0x0000000e   Code   RO         3401    i.SX126xSetRegulatorMode  sx126x_driver.o
    0x08003fda   0x08003fda   0x00000002   PAD
    0x08003fdc   0x08003fdc   0x000000b4   Code   RO         3402    i.SX126xSetRfFrequency  sx126x_driver.o
    0x08004090   0x08004090   0x0000000e   Code   RO         3403    i.SX126xSetRfTxPower  sx126x_driver.o
    0x0800409e   0x0800409e   0x0000002a   Code   RO         3404    i.SX126xSetRx       sx126x_driver.o
    0x080040c8   0x080040c8   0x00000068   Code   RO         3406    i.SX126xSetStandby  sx126x_driver.o
    0x08004130   0x08004130   0x0000000e   Code   RO         3407    i.SX126xSetStopRxTimerOnPreambleDetect  sx126x_driver.o
    0x0800413e   0x0800413e   0x0000002a   Code   RO         3408    i.SX126xSetTx       sx126x_driver.o
    0x08004168   0x08004168   0x00000044   Code   RO         3409    i.SX126xSetTxParams  sx126x_driver.o
    0x080041ac   0x080041ac   0x00000012   Code   RO         3852    i.SX126xWaitOnBusy  sx126x_hal.o
    0x080041be   0x080041be   0x00000020   Code   RO         3411    i.SX126xWakeup      sx126x_driver.o
    0x080041de   0x080041de   0x00000040   Code   RO         3412    i.SX126xWriteBuffer  sx126x_driver.o
    0x0800421e   0x0800421e   0x0000003e   Code   RO         3413    i.SX126xWriteCommand  sx126x_driver.o
    0x0800425c   0x0800425c   0x00000010   Code   RO         3415    i.SX126xWriteRegister  sx126x_driver.o
    0x0800426c   0x0800426c   0x00000046   Code   RO         3416    i.SX126xWriteRegisters  sx126x_driver.o
    0x080042b2   0x080042b2   0x00000002   PAD
    0x080042b4   0x080042b4   0x0000009c   Code   RO         3417    i.SX126x_Lora_init  sx126x_driver.o
    0x08004350   0x08004350   0x0000005c   Code   RO         3994    i.Send_Byte         oled.o
    0x080043ac   0x080043ac   0x0000000c   Code   RO         4249    i.SysTick_Handler   stm32l4xx_it.o
    0x080043b8   0x080043b8   0x00000086   Code   RO         3246    i.SystemClock_Config  timer.o
    0x0800443e   0x0800443e   0x00000002   PAD
    0x08004440   0x08004440   0x00000050   Code   RO         4140    i.SystemInit        system_stm32l4xx.o
    0x08004490   0x08004490   0x00000010   Code   RO         4250    i.TIM3_IRQHandler   stm32l4xx_it.o
    0x080044a0   0x080044a0   0x00000010   Code   RO         4251    i.TIM4_IRQHandler   stm32l4xx_it.o
    0x080044b0   0x080044b0   0x000000c0   Code   RO         2360    i.TIM_Base_SetConfig  stm32l4xx_hal_tim.o
    0x08004570   0x08004570   0x00000018   Code   RO         2367    i.TIM_ETR_SetConfig  stm32l4xx_hal_tim.o
    0x08004588   0x08004588   0x00000014   Code   RO         2368    i.TIM_ITRx_SetConfig  stm32l4xx_hal_tim.o
    0x0800459c   0x0800459c   0x0000002a   Code   RO         2376    i.TIM_TI1_ConfigInputStage  stm32l4xx_hal_tim.o
    0x080045c6   0x080045c6   0x0000002c   Code   RO         2378    i.TIM_TI2_ConfigInputStage  stm32l4xx_hal_tim.o
    0x080045f2   0x080045f2   0x00000004   Code   RO         4252    i.UsageFault_Handler  stm32l4xx_it.o
    0x080045f6   0x080045f6   0x00000030   Code   RO         4432    i.__ARM_fpclassify  m_wm.l(fpclassify.o)
    0x08004626   0x08004626   0x00000002   PAD
    0x08004628   0x08004628   0x00000c80   Code   RO         4381    i.__hardfp_pow      m_wm.l(pow.o)
    0x080052a8   0x080052a8   0x000000f8   Code   RO         4434    i.__kernel_poly     m_wm.l(poly.o)
    0x080053a0   0x080053a0   0x00000030   Code   RO         4412    i.__mathlib_dbl_divzero  m_wm.l(dunder.o)
    0x080053d0   0x080053d0   0x00000014   Code   RO         4414    i.__mathlib_dbl_infnan2  m_wm.l(dunder.o)
    0x080053e4   0x080053e4   0x00000004   PAD
    0x080053e8   0x080053e8   0x00000020   Code   RO         4415    i.__mathlib_dbl_invalid  m_wm.l(dunder.o)
    0x08005408   0x08005408   0x00000020   Code   RO         4416    i.__mathlib_dbl_overflow  m_wm.l(dunder.o)
    0x08005428   0x08005428   0x00000020   Code   RO         4418    i.__mathlib_dbl_underflow  m_wm.l(dunder.o)
    0x08005448   0x08005448   0x0000000e   Code   RO         4495    i.__scatterload_copy  mc_w.l(handlers.o)
    0x08005456   0x08005456   0x00000002   Code   RO         4496    i.__scatterload_null  mc_w.l(handlers.o)
    0x08005458   0x08005458   0x0000000e   Code   RO         4497    i.__scatterload_zeroinit  mc_w.l(handlers.o)
    0x08005466   0x08005466   0x00000002   PAD
    0x08005468   0x08005468   0x0000000c   Code   RO         4471    i.__set_errno       mc_w.l(errno.o)
    0x08005474   0x08005474   0x00000018   Code   RO         4428    i.fabs              m_wm.l(fabs.o)
    0x0800548c   0x0800548c   0x00000478   Code   RO         4179    i.main              main_tx.o
    0x08005904   0x08005904   0x0000006e   Code   RO         4439    i.sqrt              m_wm.l(sqrt.o)
    0x08005972   0x08005972   0x000017c0   Data   RO         3996    .constdata          oled.o
    0x08007132   0x08007132   0x00000002   PAD
    0x08007134   0x08007134   0x00000048   Data   RO         4141    .constdata          system_stm32l4xx.o
    0x0800717c   0x0800717c   0x00000004   PAD
    0x08007180   0x08007180   0x00000088   Data   RO         4384    .constdata          m_wm.l(pow.o)
    0x08007208   0x08007208   0x00000008   Data   RO         4436    .constdata          m_wm.l(qnan.o)
    0x08007210   0x08007210   0x00000020   Data   RO         4493    Region$$Table       anon$$obj.o


    Execution Region RW_IRAM1 (Exec base: 0x20000000, Load base: 0x08007230, Size: 0x000009d8, Max: 0x00018000, ABSOLUTE)

    Exec Addr    Load Addr    Size         Type   Attr      Idx    E Section Name        Object

    0x20000000   0x08007230   0x00000004   Data   RW         1548    .data               stm32l4xx_hal.o
    0x20000004   0x08007234   0x00000019   Data   RW         3419    .data               sx126x_driver.o
    0x2000001d   0x0800724d   0x00000003   PAD
    0x20000020   0x08007250   0x00000004   Data   RW         4142    .data               system_stm32l4xx.o
    0x20000024   0x08007254   0x00000036   Data   RW         4181    .data               main_tx.o
    0x2000005a   0x0800728a   0x00000002   PAD
    0x2000005c   0x0800728c   0x00000004   Data   RW         4472    .data               mc_w.l(errno.o)
    0x20000060        -       0x00000078   Zero   RW         3247    .bss                timer.o
    0x200000d8        -       0x00000010   Zero   RW         3418    .bss                sx126x_driver.o
    0x200000e8        -       0x00000064   Zero   RW         3853    .bss                sx126x_hal.o
    0x2000014c        -       0x00000480   Zero   RW         3995    .bss                oled.o
    0x200005cc        -       0x0000000a   Zero   RW         4180    .bss                main_tx.o
    0x200005d6   0x08007290   0x00000002   PAD
    0x200005d8        -       0x00000400   Zero   RW         4129    STACK               startup_stm32l476xx.o


==============================================================================

Image component sizes


      Code (inc. data)   RO Data    RW Data    ZI Data      Debug   Object Name

        80         10          0          0          0       1140   beep.o
       156         18          0          0          0       1207   key.o
        76          4          0          0          0       1123   led.o
      1816        226          0         54         10       4355   main_tx.o
      1448         64       6080          0       1152      11595   oled.o
        36          8        392          0       1024        884   startup_stm32l476xx.o
       122         14          0          4          0       4839   stm32l4xx_hal.o
       382         28          0          0          0      34371   stm32l4xx_hal_cortex.o
       574         40          0          0          0     821022   stm32l4xx_hal_gpio.o
       144          4          0          0          0       1086   stm32l4xx_hal_msp.o
       156         18          0          0          0       1546   stm32l4xx_hal_pwr_ex.o
      2644         80          0          0          0       6466   stm32l4xx_hal_rcc.o
      2156         42          0          0          0       4332   stm32l4xx_hal_rcc_ex.o
      1292          0          0          0          0       6671   stm32l4xx_hal_spi.o
      1194         36          0          0          0      11622   stm32l4xx_hal_tim.o
       112         10          0          0          0       2962   stm32l4xx_hal_tim_ex.o
       148         12          0          0          0       9658   stm32l4xx_it.o
      3186        180          0         25         16      44550   sx126x_driver.o
       898         88          0          0        100      11331   sx126x_hal.o
        80         12         72          4          0       1509   system_stm32l4xx.o
       354         22          0          0        120       3292   timer.o

    ----------------------------------------------------------------------
     17082        916       6582         92       2424     985561   Object Totals
         0          0         32          0          0          0   (incl. Generated)
        28          0          6          5          2          0   (incl. Padding)

    ----------------------------------------------------------------------

      Code (inc. data)   RO Data    RW Data    ZI Data      Debug   Library Member Name

       164         44          0          0          0        620   dunder.o
        24          0          0          0          0        124   fabs.o
        48          0          0          0          0        124   fpclassify.o
       248          0          0          0          0        152   poly.o
      3200        296        136          0          0        352   pow.o
         0          0          8          0          0          0   qnan.o
       110          0          0          0          0        148   sqrt.o
         0          0          0          0          0          0   entry.o
         0          0          0          0          0          0   entry10a.o
         0          0          0          0          0          0   entry11a.o
         8          4          0          0          0          0   entry2.o
         4          0          0          0          0          0   entry5.o
         0          0          0          0          0          0   entry7b.o
         0          0          0          0          0          0   entry8b.o
         8          4          0          0          0          0   entry9a.o
        12          6          0          4          0         68   errno.o
        30          0          0          0          0          0   handlers.o
        36          8          0          0          0         68   init.o
         0          0          0          0          0          0   iusefp.o
        30          0          0          0          0         68   llshl.o
        36          0          0          0          0         68   llsshr.o
        32          0          0          0          0         68   llushr.o
        26          0          0          0          0         80   memcmp.o
        48          0          0          0          0         68   cdrcmple.o
       350          0          0          0          0        148   dadd.o
       222          0          0          0          0        100   ddiv.o
       186          0          0          0          0        176   depilogue.o
        50          0          0          0          0         76   dfixui.o
        34          0          0          0          0         76   dflti.o
        26          0          0          0          0         76   dfltui.o
       234          0          0          0          0         96   dmul.o
        46          0          0          0          0         80   dscalb.o
       162          0          0          0          0        100   dsqrt.o
        38          0          0          0          0         68   f2d.o

    ----------------------------------------------------------------------
      5424        362        144          4          0       3004   Library Totals
        12          0          0          0          0          0   (incl. Padding)

    ----------------------------------------------------------------------

      Code (inc. data)   RO Data    RW Data    ZI Data      Debug   Library Name

      3794        340        144          0          0       1520   m_wm.l
       222         22          0          4          0        420   mc_w.l
      1396          0          0          0          0       1064   mf_w.l

    ----------------------------------------------------------------------
      5424        362        144          4          0       3004   Library Totals

    ----------------------------------------------------------------------

==============================================================================


      Code (inc. data)   RO Data    RW Data    ZI Data      Debug   

     22506       1278       6726         96       2424     971793   Grand Totals
     22506       1278       6726         96       2424     971793   ELF Image Totals
     22506       1278       6726         96          0          0   ROM Totals

==============================================================================

    Total RO  Size (Code + RO Data)                29232 (  28.55kB)
    Total RW  Size (RW Data + ZI Data)              2520 (   2.46kB)
    Total ROM Size (Code + RO Data + RW Data)      29328 (  28.64kB)

==============================================================================

