<html>
<body>
<pre>
<h1>礦ision Build Log</h1>
<h2>Tool Versions:</h2>
IDE-Version: μVision V5.30.0.0
Copyright (C) 2020 ARM Ltd and ARM Germany GmbH. All rights reserved.
License Information: 1 lenovo, 1, LIC=CZLZX-HRCHT-TGG7T-RZTPC-DIAFM-W959W
 
Tool Versions:
Toolchain:       MDK-ARM Plus  Version: 5.30.0.0
Toolchain Path:  D:\Keil\keil5\ARM\ARMCC\Bin
C Compiler:      Armcc.exe V5.06 update 6 (build 750)
Assembler:       Armasm.exe V5.06 update 6 (build 750)
Linker/Locator:  ArmLink.exe V5.06 update 6 (build 750)
Library Manager: ArmAr.exe V5.06 update 6 (build 750)
Hex Converter:   FromElf.exe V5.06 update 6 (build 750)
CPU DLL:         SARMCM3.DLL V5.30.0.0
Dialog DLL:      DCM.DLL V1.17.3.0
Target DLL:      Segger\JL2CM3.dll V2.99.38.0
Dialog DLL:      TCM.DLL V1.42.0.0
 
<h2>Project:</h2>
E:\无线传感网WSN\开发板\LLCC68\LLCC68_FSK(1.3OLED)_200616\MDK-ARM\LSD4RF-Test2002.uvprojx
Project File Date:  02/02/2023

<h2>Output:</h2>
*** Using Compiler 'V5.06 update 6 (build 750)', folder: 'D:\Keil\keil5\ARM\ARMCC\Bin'
Build target 'TX'
compiling main_TX.c...
..\HARDWARE\SX126X\SX126X_Driver_FSK.h(499): warning:  #1295-D: Deprecated declaration SX126xCalibrate_err - give arg types
  void SX126xCalibrate_err();
..\HARDWARE\SX126X\SX126X_Driver_FSK.h(510): warning:  #1-D: last line of file ends without a newline
  #endif
..\Src\main_TX.c: 2 warnings, 0 errors
compiling SX126X_Driver_FSK.c...
..\HARDWARE\SX126X\SX126X_Driver_FSK.h(499): warning:  #1295-D: Deprecated declaration SX126xCalibrate_err - give arg types
  void SX126xCalibrate_err();
..\HARDWARE\SX126X\SX126X_Driver_FSK.h(510): warning:  #1-D: last line of file ends without a newline
  #endif
..\HARDWARE\SX126X\SX126X_Driver_FSK.c(58): warning:  #186-D: pointless comparison of unsigned integer with zero
  	if(( G_FSKConfig.SyncWordLength < 0) || ( G_FSKConfig.PreambleLength> 8))
..\HARDWARE\SX126X\SX126X_Driver_FSK.c(1119): warning:  #1-D: last line of file ends without a newline
  }
..\HARDWARE\SX126X\SX126X_Driver_FSK.c: 4 warnings, 0 errors
linking...
Program Size: Code=19622 RO-data=6890 RW-data=204 ZI-data=2500  
FromELF: creating hex file...
"LSD4RF-Test2002\LSD4RF-Test2002.axf" - 0 Error(s), 6 Warning(s).

<h2>Software Packages used:</h2>

Package Vendor: ARM
                http://www.keil.com/pack/ARM.CMSIS.5.7.0.pack
                ARM.CMSIS.5.7.0
                CMSIS (Cortex Microcontroller Software Interface Standard)
   * Component: CORE Version: 5.4.0

Package Vendor: Keil
                http://www.keil.com/pack/Keil.STM32L4xx_DFP.2.0.0.pack
                Keil.STM32L4xx_DFP.2.0.0
                STMicroelectronics STM32L4 Series Device Support, Drivers and Examples

<h2>Collection of Component include folders:</h2>
  .\RTE\_TX
  D:\Keil\keil5\ARM\CMSIS\5.7.0\CMSIS\Core\Include
  D:\Keil\keil5\Keil\STM32L4xx_DFP\2.0.0\Drivers\CMSIS\Device\ST\STM32L4xx\Include

<h2>Collection of Component Files used:</h2>

   * Component: ARM::CMSIS:CORE:5.4.0
Build Time Elapsed:  00:00:04
</pre>
</body>
</html>
